01-15 09:32:29.430  2876  2918 W PackageManager: Unknown permission com.google.android.googleapps.permission.GOOGLE_AUTH in package com.android.settings
01-15 09:32:29.430  2876  2918 W PackageManager: Unknown permission android.permission.ACCESS_SUPERUSER in package com.gitauto.g_scan.launcher
01-15 09:32:29.430  2876  2918 W PackageManager: Unknown permission com.android.email.permission.READ_ATTACHMENT in package com.android.exchange
01-15 09:32:29.430  2876  2918 W PackageManager: Unknown permission com.android.email.permission.ACCESS_PROVIDER in package com.android.exchange
01-15 09:32:29.430  2876  2918 W PackageManager: Unknown permission com.google.android.gallery3d.permission.GALLERY_PROVIDER in package com.android.bluetooth
01-15 09:32:29.450  2876  2917 D EventHub: No input device configuration file found for device 'gpio_keys.37'.
01-15 09:32:29.450  2876  2917 W EventHub: Unable to disable kernel key repeat for /dev/input/event0: Function not implemented
01-15 09:32:29.450  2876  2917 I EventHub: New device: id=3, fd=133, path='/dev/input/event0', name='gpio_keys.37', classes=0x1, configuration='', keyLayout='/system/usr/keylayout/Generic.kl', keyCharacterMap='/system/usr/keychars/Generic.kcm', builtinKeyboard=false, wakeMechanism=EPOLLWAKEUP, usingClockIoctl=true
01-15 09:32:29.450  2876  2917 I InputReader: Device added: id=-1, name='Virtual', sources=0x00000301
01-15 09:32:29.450  2876  2917 I InputReader: Device added: id=3, name='gpio_keys.37', sources=0x00000101
01-15 09:32:29.450  2876  2917 I InputReader:   Touch device 'goodix-ts' could not query the properties of its associated display.  The device will be inoperable until the display size becomes available.
01-15 09:32:29.450  2876  2917 I InputReader: Device added: id=2, name='goodix-ts', sources=0x00001002
01-15 09:32:29.450  2876  2917 I InputReader:   Touch device 'goodix-pen' could not query the properties of its associated display.  The device will be inoperable until the display size becomes available.
01-15 09:32:29.450  2876  2917 I InputReader: Device added: id=1, name='goodix-pen', sources=0x00005002
01-15 09:32:29.450  2876  2917 I InputReader: Reconfiguring input devices.  changes=0x00000004
01-15 09:32:29.450  2876  2917 I InputReader: Device reconfigured: id=1, name='goodix-pen', size 1280x800, orientation 0, mode 1, display id 0
01-15 09:32:29.450  2876  2917 I InputReader: Device reconfigured: id=2, name='goodix-ts', size 1280x800, orientation 0, mode 1, display id 0
01-15 09:32:29.450  2876  2916 I ActivityManager: Config changes=8 {1.0 ?mcc?mnc en_KR ldltr sw800dp w1280dp h726dp 160dpi xlrg land finger -keyb/v/h -nav/h s.5}
01-15 09:32:29.460  2876  2918 W MountService: No primary storage defined yet; hacking together a stub
01-15 09:32:29.460  2876  2918 W MountService: No primary storage defined yet; hacking together a stub
01-15 09:32:29.460  2876  2918 W MountService: No primary storage mounted!
01-15 09:32:29.460  2876  2918 D VoldConnector: SND -> {2 asec list}
01-15 09:32:29.460  2876  2919 D VoldConnector: RCV <- {200 2 asec operation succeeded}
01-15 09:32:29.460  2876  2876 I SystemServiceManager: Starting com.android.server.devicepolicy.DevicePolicyManagerService$Lifecycle
01-15 09:32:29.470  2876  2876 I SystemServer: Status Bar
01-15 09:32:29.470  2876  2876 I SystemServer: Clipboard Service
01-15 09:32:29.470  2876  2876 I SystemServer: NetworkManagement Service
01-15 09:32:29.470  2876  2876 I SystemServer: Text Service Manager Service
01-15 09:32:29.480  2876  2876 I SystemServer: Network Score Service
01-15 09:32:29.480  2876  2876 I SystemServer: NetworkStats Service
01-15 09:32:29.480  2876  2876 I SystemServer: NetworkPolicy Service
01-15 09:32:29.500  2876  2876 I SystemServiceManager: Starting com.android.server.wifi.p2p.WifiP2pService
01-15 09:32:29.510  2876  2876 I WifiP2pService: Registering wifip2p
01-15 09:32:29.520  2876  2876 I SystemServiceManager: Starting com.android.server.wifi.WifiService
01-15 09:32:29.580  2592  2592 I AudioPolicyService: AudioPolicyService CSTOR in new mode
01-15 09:32:29.580  2592  2592 I APM::ConfigParsingUtils: loadAudioPolicyConfig() loaded /system/etc/audio_policy.conf
01-15 09:32:29.590  2876  2876 D HS20    : Passpoint is disabled
01-15 09:32:29.600  2592  2592 W audio_hw_primary: audio_route_init, total ctls=201
01-15 09:32:29.600  2592  2592 W audio_hw_primary: mixer_ctl[0] = DMIC2 Latch Switch
01-15 09:32:29.600  2592  2592 W audio_hw_primary: mixer_ctl[1] = Speaker Playback Switch
01-15 09:32:29.600  2592  2592 W audio_hw_primary: mixer_ctl[2] = Speaker Playback Volume
01-15 09:32:29.600  2592  2592 W audio_hw_primary: mixer_ctl[3] = HP Playback Switch
01-15 09:32:29.600  2592  2592 W audio_hw_primary: mixer_ctl[4] = HP Playback Volume
01-15 09:32:29.600  2592  2592 W audio_hw_primary: mixer_ctl[5] = Mono Playback Switch
01-15 09:32:29.600  2592  2592 W audio_hw_primary: mixer_ctl[6] = Mono Playback Volume
01-15 09:32:29.600  2592  2592 W audio_hw_primary: mixer_ctl[7] = OUT Playback Switch
01-15 09:32:29.600  2592  2592 W audio_hw_primary: mixer_ctl[8] = OUT Channel Switch
01-15 09:32:29.600  2592  2592 W audio_hw_primary: mixer_ctl[9] = OUT Playback Volume
01-15 09:32:29.600  2592  2592 W audio_hw_primary: mixer_ctl[10] = DAC2 Playback Switch
01-15 09:32:29.600  2592  2592 W audio_hw_primary: mixer_ctl[11] = DAC1 Playback Volume
01-15 09:32:29.600  2592  2592 W audio_hw_primary: mixer_ctl[12] = Mono DAC Playback Volume
01-15 09:32:29.600  2592  2592 W audio_hw_primary: mixer_ctl[13] = HPMIX DAC1 Gain
01-15 09:32:29.600  2592  2592 W audio_hw_primary: mixer_ctl[14] = HPMIX DAC2 Gain
01-15 09:32:29.600  2592  2592 W audio_hw_primary: mixer_ctl[15] = HPMIX IN Gain
01-15 09:32:29.600  2592  2592 W audio_hw_primary: mixer_ctl[16] = HPMIX BST3 Gain
01-15 09:32:29.600  2592  2592 W audio_hw_primary: mixer_ctl[17] = HPMIX BST2 Gain
01-15 09:32:29.600  2592  2592 W audio_hw_primary: mixer_ctl[18] = HPMIXL BST1 Gain
01-15 09:32:29.600  2592  2592 W audio_hw_primary: mixer_ctl[19] = HPMIXR BST2 Gain
01-15 09:32:29.600  2592  2592 W audio_hw_primary: mixer_ctl[20] = SPKMIX IN Gain
01-15 09:32:29.600  2592  2592 W audio_hw_primary: mixer_ctl[21] = SPKMIX DAC1 Gain
01-15 09:32:29.600  2592  2592 W audio_hw_primary: mixer_ctl[22] = SPKMIX DAC2 Gain
01-15 09:32:29.600  2592  2592 W audio_hw_primary: mixer_ctl[23] = SPKMIX BST3 Gain
01-15 09:32:29.600  2592  2592 W audio_hw_primary: mixer_ctl[24] = SPKMIXL BST1 Gain
01-15 09:32:29.600  2592  2592 W audio_hw_primary: mixer_ctl[25] = SPKMIXR BST2 Gain
01-15 09:32:29.600  2592  2592 W audio_hw_primary: mixer_ctl[26] = MonoMix BST3 Gain
01-15 09:32:29.600  2592  2592 W audio_hw_primary: mixer_ctl[27] = MonoMix DACL2 Gain
01-15 09:32:29.600  2592  2592 W audio_hw_primary: mixer_ctl[28] = MonoMix DACR2 Gain
01-15 09:32:29.600  2592  2592 W audio_hw_primary: mixer_ctl[29] = MonoMix DACR1 Gain
01-15 09:32:29.600  2592  2592 W audio_hw_primary: mixer_ctl[30] = MonoMix BST2 Gain
01-15 09:32:29.600  2592  2592 W audio_hw_primary: mixer_ctl[31] = OUTMIX BST3 Gain
01-15 09:32:29.600  2592  2592 W audio_hw_primary: mixer_ctl[32] = OUTMIX IN Gain
01-15 09:32:29.600  2592  2592 W audio_hw_primary: mixer_ctl[33] = OUTMIX DAC2 Gain
01-15 09:32:29.600  2592  2592 W audio_hw_primary: mixer_ctl[34] = OUTMIX DAC1 Gain
01-15 09:32:29.600  2592  2592 W audio_hw_primary: mixer_ctl[35] = OUTMIXL BST1 Gain
01-15 09:32:29.600  2592  2592 W audio_hw_primary: mixer_ctl[36] = OUTMIXR BST2 Gain
01-15 09:32:29.600  2592  2592 W audio_hw_primary: mixer_ctl[37] = HPO Gain
01-15 09:32:29.600  2592  2592 W audio_hw_primary: mixer_ctl[38] = Speaker Output Gain
01-15 09:32:29.600  2592  2592 W audio_hw_primary: mixer_ctl[39] = IN1 Boost
01-15 09:32:29.600  2592  2592 W audio_hw_primary: mixer_ctl[40] = IN2 Boost
01-15 09:32:29.600  2592  2592 W audio_hw_primary: mixer_ctl[41] = IN3 Boost
01-15 09:32:29.600  2592  2592 W audio_hw_primary: mixer_ctl[42] = IN2 Mode Control
01-15 09:32:29.600  2592  2592 W audio_hw_primary: mixer_ctl[43] = IN3 Mode Control
01-15 09:32:29.600  2592  2592 W audio_hw_primary: mixer_ctl[44] = IN Capture Volume
01-15 09:32:29.600  2592  2592 W audio_hw_primary: mixer_ctl[45] = ADC Capture Switch
01-15 09:32:29.600  2592  2592 W audio_hw_primary: mixer_ctl[46] = ADC Capture Volume
01-15 09:32:29.600  2592  2592 W audio_hw_primary: mixer_ctl[47] = Mono ADC Capture Volume
01-15 09:32:29.600  2592  2592 W audio_hw_primary: mixer_ctl[48] = STO1 ADC Boost Gain
01-15 09:32:29.600  2592  2592 W audio_hw_primary: mixer_ctl[49] = STO2 ADC Boost Gain
01-15 09:32:29.600  2592  2592 W audio_hw_primary: mixer_ctl[50] = Mono ADC Boost Gain
01-15 09:32:29.600  2592  2592 W audio_hw_primary: mixer_ctl[51] = Mono ADC Comp Gain
01-15 09:32:29.600  2592  2592 W audio_hw_primary: mixer_ctl[52] = Stereo ADC Comp Gain
01-15 09:32:29.600  2592  2592 W audio_hw_primary: mixer_ctl[53] = RECMIX BST3 Gain
01-15 09:32:29.600  2592  2592 W audio_hw_primary: mixer_ctl[54] = RECMIX BST2 Gain
01-15 09:32:29.600  2592  2592 W audio_hw_primary: mixer_ctl[55] = RECMIX BST1 Gain
01-15 09:32:29.600  2592  2592 W audio_hw_primary: mixer_ctl[56] = ClassD Amp Ratio Gain Control
01-15 09:32:29.600  2592  2592 W audio_hw_primary: mixer_ctl[57] = Bass Back Boost Gain
01-15 09:32:29.600  2592  2592 W audio_hw_primary: mixer_ctl[58] = TrueTreble Gain
01-15 09:32:29.600  2592  2592 W audio_hw_primary: mixer_ctl[59] = I2S2 Func Switch
01-15 09:32:29.600  2592  2592 W audio_hw_primary: mixer_ctl[60] = Haptic Actuator Type
01-15 09:32:29.600  2592  2592 W audio_hw_primary: mixer_ctl[61] = Haptic Trigger Type
01-15 09:32:29.600  2592  2592 W audio_hw_primary: mixer_ctl[62] = Haptic Enable Switch
01-15 09:32:29.600  2592  2592 W audio_hw_primary: mixer_ctl[63] = ADC IF2 Data Switch
01-15 09:32:29.600  2592  2592 W audio_hw_primary: mixer_ctl[64] = DAC IF2 Data Switch
01-15 09:32:29.600  2592  2592 W audio_hw_primary: mixer_ctl[65] = ADC IF3 Data Switch
01-15 09:32:29.600  2592  2592 W audio_hw_primary: mixer_ctl[66] = DAC IF3 Data Switch
01-15 09:32:29.600  2592  2592 W audio_hw_primary: mixer_ctl[67] = push button
01-15 09:32:29.600  2592  2592 W audio_hw_primary: mixer_ctl[68] = jack type
01-15 09:32:29.600  2592  2592 W audio_hw_primary: mixer_ctl[69] = HP Switch
01-15 09:32:29.600  2592  2592 W audio_hw_primary: mixer_ctl[70] = SPK Switch
01-15 09:32:29.600  2592  2592 W audio_hw_primary: mixer_ctl[71] = HDMI Switch
01-15 09:32:29.600  2592  2592 W audio_hw_primary: mixer_ctl[72] = Main Mic Switch
01-15 09:32:29.600  2592  2592 W audio_hw_primary: mixer_ctl[73] = Sub Mic Switch
01-15 09:32:29.600  2592  2592 W audio_hw_primary: mixer_ctl[74] = AIF2 Mode
01-15 09:32:29.600  2592  2592 W audio_hw_primary: mixer_ctl[75] = PDM1 R Mux
01-15 09:32:29.600  2592  2592 W audio_hw_primary: mixer_ctl[76] = PDM1 L Mux
01-15 09:32:29.600  2592  2592 W audio_hw_primary: mixer_ctl[77] = PDM R Switch
01-15 09:32:29.600  2592  2592 W audio_hw_primary: mixer_ctl[78] = PDM L Switch
01-15 09:32:29.600  2592  2592 W audio_hw_primary: mixer_ctl[79] = MONOAmp MIX DAC L2 Switch
01-15 09:32:29.600  2592  2592 W audio_hw_primary: mixer_ctl[80] = MONOAmp MIX MONOVOL Switch
01-15 09:32:29.600  2592  2592 W audio_hw_primary: mixer_ctl[81] = MONOVOL MIX DAC R1 Switch
01-15 09:32:29.600  2592  2592 W audio_hw_primary: mixer_ctl[82] = MONOVOL MIX DAC R2 Switch
01-15 09:32:29.600  2592  2592 W audio_hw_primary: mixer_ctl[83] = MONOVOL MIX DAC L2 Switch
01-15 09:32:29.600  2592  2592 W audio_hw_primary: mixer_ctl[84] = MONOVOL MIX BST3 Switch
01-15 09:32:29.600  2592  2592 W audio_hw_primary: mixer_ctl[85] = MONOVOL MIX BST2 Switch
01-15 09:32:29.600  2592  2592 W audio_hw_primary: mixer_ctl[86] = LOUT MIX DAC L1 Switch
01-15 09:32:29.600  2592  2592 W audio_hw_primary: mixer_ctl[87] = LOUT MIX DAC R1 Switch
01-15 09:32:29.600  2592  2592 W audio_hw_primary: mixer_ctl[88] = LOUT MIX OUTMIX L Switch
01-15 09:32:29.600  2592  2592 W audio_hw_primary: mixer_ctl[89] = LOUT MIX OUTMIX R Switch
01-15 09:32:29.600  2592  2592 W audio_hw_primary: mixer_ctl[90] = HPO MIX DAC1 Switch
01-15 09:32:29.600  2592  2592 W audio_hw_primary: mixer_ctl[91] = HPO MIX HPVOL Switch
01-15 09:32:29.600  2592  2592 W audio_hw_primary: mixer_ctl[92] = SPOR MIX DAC R1 Switch
01-15 09:32:29.600  2592  2592 W audio_hw_primary: mixer_ctl[93] = SPOR MIX SPKVOL R Switch
01-15 09:32:29.600  2592  2592 W audio_hw_primary: mixer_ctl[94] = SPOR MIX BST3 Switch
01-15 09:32:29.600  2592  2592 W audio_hw_primary: mixer_ctl[95] = SPOL MIX DAC R1 Switch
01-15 09:32:29.600  2592  2592 W audio_hw_primary: mixer_ctl[96] = SPOL MIX DAC L1 Switch
01-15 09:32:29.600  2592  2592 W audio_hw_primary: mixer_ctl[97] = SPOL MIX SPKVOL R Switch
01-15 09:32:29.600  2592  2592 W audio_hw_primary: mixer_ctl[98] = SPOL MIX SPKVOL L Switch
01-15 09:32:29.600  2592  2592 W audio_hw_primary: mixer_ctl[99] = SPOL MIX BST3 Switch
01-15 09:32:29.600  2592  2592 W audio_hw_primary: mixer_ctl[100] = HPOVOL R Switch
01-15 09:32:29.600  2592  2592 W audio_hw_primary: mixer_ctl[101] = HPOVOL L Switch
01-15 09:32:29.600  2592  2592 W audio_hw_primary: mixer_ctl[102] = HPOVOL MIXR DAC1 Switch
01-15 09:32:29.600  2592  2592 W audio_hw_primary: mixer_ctl[103] = HPOVOL MIXR DAC2 Switch
01-15 09:32:29.600  2592  2592 W audio_hw_primary: mixer_ctl[104] = HPOVOL MIXR INR Switch
01-15 09:32:29.600  2592  2592 W audio_hw_primary: mixer_ctl[105] = HPOVOL MIXR BST3 Switch
01-15 09:32:29.600  2592  2592 W audio_hw_primary: mixer_ctl[106] = HPOVOL MIXR BST2 Switch
01-15 09:32:29.600  2592  2592 W audio_hw_primary: mixer_ctl[107] = HPOVOL MIXL DAC1 Switch
01-15 09:32:29.600  2592  2592 W audio_hw_primary: mixer_ctl[108] = HPOVOL MIXL DAC2 Switch
01-15 09:32:29.600  2592  2592 W audio_hw_primary: mixer_ctl[109] = HPOVOL MIXL INL Switch
01-15 09:32:29.600  2592  2592 W audio_hw_primary: mixer_ctl[110] = HPOVOL MIXL BST3 Switch
01-15 09:32:29.600  2592  2592 W audio_hw_primary: mixer_ctl[111] = HPOVOL MIXL BST1 Switch
01-15 09:32:29.600  2592  2592 W audio_hw_primary: mixer_ctl[112] = SPKVOL R Switch
01-15 09:32:29.600  2592  2592 W audio_hw_primary: mixer_ctl[113] = SPKVOL L Switch
01-15 09:32:29.600  2592  2592 W audio_hw_primary: mixer_ctl[114] = MONOVOL Switch
01-15 09:32:29.600  2592  2592 W audio_hw_primary: mixer_ctl[115] = OUT MIXR BST3 Switch
01-15 09:32:29.600  2592  2592 W audio_hw_primary: mixer_ctl[116] = OUT MIXR BST2 Switch
01-15 09:32:29.600  2592  2592 W audio_hw_primary: mixer_ctl[117] = OUT MIXR INR Switch
01-15 09:32:29.600  2592  2592 W audio_hw_primary: mixer_ctl[118] = OUT MIXR DAC R2 Switch
01-15 09:32:29.600  2592  2592 W audio_hw_primary: mixer_ctl[119] = OUT MIXR DAC R1 Switch
01-15 09:32:29.600  2592  2592 W audio_hw_primary: mixer_ctl[120] = OUT MIXL BST3 Switch
01-15 09:32:29.600  2592  2592 W audio_hw_primary: mixer_ctl[121] = OUT MIXL BST1 Switch
01-15 09:32:29.600  2592  2592 W audio_hw_primary: mixer_ctl[122] = OUT MIXL INL Switch
01-15 09:32:29.600  2592  2592 W audio_hw_primary: mixer_ctl[123] = OUT MIXL DAC L2 Switch
01-15 09:32:29.600  2592  2592 W audio_hw_primary: mixer_ctl[124] = OUT MIXL DAC L1 Switch
01-15 09:32:29.600  2592  2592 W audio_hw_primary: mixer_ctl[125] = SPK MIXR DAC R1 Switch
01-15 09:32:29.600  2592  2592 W audio_hw_primary: mixer_ctl[126] = SPK MIXR DAC R2 Switch
01-15 09:32:29.600  2592  2592 W audio_hw_primary: mixer_ctl[127] = SPK MIXR INR Switch
01-15 09:32:29.600  2592  2592 W audio_hw_primary: mixer_ctl[128] = SPK MIXR BST3 Switch
01-15 09:32:29.600  2592  2592 W audio_hw_primary: mixer_ctl[129] = SPK MIXR BST2 Switch
01-15 09:32:29.600  2592  2592 W audio_hw_primary: mixer_ctl[130] = SPK MIXL DAC L1 Switch
01-15 09:32:29.600  2592  2592 W audio_hw_primary: mixer_ctl[131] = SPK MIXL DAC L2 Switch
01-15 09:32:29.600  2592  2592 W audio_hw_primary: mixer_ctl[132] = SPK MIXL INL Switch
01-15 09:32:29.600  2592  2592 W audio_hw_primary: mixer_ctl[133] = SPK MIXL BST3 Switch
01-15 09:32:29.600  2592  2592 W audio_hw_primary: mixer_ctl[134] = SPK MIXL BST1 Switch
01-15 09:32:29.600  2592  2592 W audio_hw_primary: mixer_ctl[135] = DAC MIXR Sto DAC Mix R Switch
01-15 09:32:29.600  2592  2592 W audio_hw_primary: mixer_ctl[136] = DAC MIXR DAC R2 Switch
01-15 09:32:29.600  2592  2592 W audio_hw_primary: mixer_ctl[137] = DAC MIXR DAC L2 Switch
01-15 09:32:29.600  2592  2592 W audio_hw_primary: mixer_ctl[138] = DAC MIXL Sto DAC Mix L Switch
01-15 09:32:29.600  2592  2592 W audio_hw_primary: mixer_ctl[139] = DAC MIXL DAC L2 Switch
01-15 09:32:29.600  2592  2592 W audio_hw_primary: mixer_ctl[140] = DAC MIXL DAC R2 Switch
01-15 09:32:29.600  2592  2592 W audio_hw_primary: mixer_ctl[141] = Mono DAC MIXR DAC R1 Switch
01-15 09:32:29.600  2592  2592 W audio_hw_primary: mixer_ctl[142] = Mono DAC MIXR DAC R2 Switch
01-15 09:32:29.600  2592  2592 W audio_hw_primary: mixer_ctl[143] = Mono DAC MIXR DAC L2 Switch
01-15 09:32:29.600  2592  2592 W audio_hw_primary: mixer_ctl[144] = Mono DAC MIXR Sidetone Switch
01-15 09:32:29.600  2592  2592 W audio_hw_primary: mixer_ctl[145] = Mono DAC MIXL DAC L1 Switch
01-15 09:32:29.600  2592  2592 W audio_hw_primary: mixer_ctl[146] = Mono DAC MIXL DAC L2 Switch
01-15 09:32:29.600  2592  2592 W audio_hw_primary: mixer_ctl[147] = Mono DAC MIXL DAC R2 Switch
01-15 09:32:29.600  2592  2592 W audio_hw_primary: mixer_ctl[148] = Mono DAC MIXL Sidetone Switch
01-15 09:32:29.600  2592  2592 W audio_hw_primary: mixer_ctl[149] = Stereo DAC MIXR DAC R1 Switch
01-15 09:32:29.600  2592  2592 W audio_hw_primary: mixer_ctl[150] = Stereo DAC MIXR DAC R2 Switch
01-15 09:32:29.600  2592  2592 W audio_hw_primary: mixer_ctl[151] = Stereo DAC MIXR DAC L1 Switch
01-15 09:32:29.600  2592  2592 W audio_hw_primary: mixer_ctl[152] = Stereo DAC MIXR ANC Switch
01-15 09:32:29.600  2592  2592 W audio_hw_primary: mixer_ctl[153] = Stereo DAC MIXL DAC L1 Switch
01-15 09:32:29.600  2592  2592 W audio_hw_primary: mixer_ctl[154] = Stereo DAC MIXL DAC L2 Switch
01-15 09:32:29.600  2592  2592 W audio_hw_primary: mixer_ctl[155] = Stereo DAC MIXL DAC R1 Switch
01-15 09:32:29.600  2592  2592 W audio_hw_primary: mixer_ctl[156] = Stereo DAC MIXL ANC Switch
01-15 09:32:29.600  2592  2592 W audio_hw_primary: mixer_ctl[157] = ANC Mux
01-15 09:32:29.600  2592  2592 W audio_hw_primary: mixer_ctl[158] = Sidetone Mux
01-15 09:32:29.600  2592  2592 W audio_hw_primary: mixer_ctl[159] = DAC1 R Mux
01-15 09:32:29.600  2592  2592 W audio_hw_primary: mixer_ctl[160] = DAC1 L Mux
01-15 09:32:29.600  2592  2592 W audio_hw_primary: mixer_ctl[161] = DAC R2 Mux
01-15 09:32:29.600  2592  2592 W audio_hw_primary: mixer_ctl[162] = DAC L2 Mux
01-15 09:32:29.600  2592  2592 W audio_hw_primary: mixer_ctl[163] = DAC1 MIXR Stereo ADC Switch
01-15 09:32:29.600  2592  2592 W audio_hw_primary: mixer_ctl[164] = DAC1 MIXR DAC1 Switch
01-15 09:32:29.600  2592  2592 W audio_hw_primary: mixer_ctl[165] = DAC1 MIXL Stereo ADC Switch
01-15 09:32:29.600  2592  2592 W audio_hw_primary: mixer_ctl[166] = DAC1 MIXL DAC1 Switch
01-15 09:32:29.600  2592  2592 W audio_hw_primary: mixer_ctl[167] = VAD ADC Mux
01-15 09:32:29.600  2592  2592 W audio_hw_primary: mixer_ctl[168] = IF3 ADC Mux
01-15 09:32:29.600  2592  2592 W audio_hw_primary: mixer_ctl[169] = IF2 ADC Mux
01-15 09:32:29.600  2592  2592 W audio_hw_primary: mixer_ctl[170] = Mono ADC MIXR ADC1 Switch
01-15 09:32:29.600  2592  2592 W audio_hw_primary: mixer_ctl[171] = Mono ADC MIXR ADC2 Switch
01-15 09:32:29.600  2592  2592 W audio_hw_primary: mixer_ctl[172] = Mono ADC MIXL ADC1 Switch
01-15 09:32:29.600  2592  2592 W audio_hw_primary: mixer_ctl[173] = Mono ADC MIXL ADC2 Switch
01-15 09:32:29.600  2592  2592 W audio_hw_primary: mixer_ctl[174] = Sto1 ADC MIXR ADC1 Switch
01-15 09:32:29.600  2592  2592 W audio_hw_primary: mixer_ctl[175] = Sto1 ADC MIXR ADC2 Switch
01-15 09:32:29.600  2592  2592 W audio_hw_primary: mixer_ctl[176] = Sto1 ADC MIXL ADC1 Switch
01-15 09:32:29.600  2592  2592 W audio_hw_primary: mixer_ctl[177] = Sto1 ADC MIXL ADC2 Switch
01-15 09:32:29.600  2592  2592 W audio_hw_primary: mixer_ctl[178] = Mono ADC R2 Mux
01-15 09:32:29.600  2592  2592 W audio_hw_primary: mixer_ctl[179] = Mono ADC R1 Mux
01-15 09:32:29.600  2592  2592 W audio_hw_primary: mixer_ctl[180] = Mono ADC L1 Mux
01-15 09:32:29.600  2592  2592 W audio_hw_primary: mixer_ctl[181] = Mono ADC L2 Mux
01-15 09:32:29.600  2592  2592 W audio_hw_primary: mixer_ctl[182] = Mono DMIC R Mux
01-15 09:32:29.600  2592  2592 W audio_hw_primary: mixer_ctl[183] = Mono DMIC L Mux
01-15 09:32:29.600  2592  2592 W audio_hw_primary: mixer_ctl[184] = Stereo1 ADC1 Mux
01-15 09:32:29.600  2592  2592 W audio_hw_primary: mixer_ctl[185] = Stereo1 ADC 2 Mux
01-15 09:32:29.600  2592  2592 W audio_hw_primary: mixer_ctl[186] = Stereo1 DMIC Mux
01-15 09:32:29.600  2592  2592 W audio_hw_primary: mixer_ctl[187] = RECMIXR MONO Switch
01-15 09:32:29.600  2592  2592 W audio_hw_primary: mixer_ctl[188] = RECMIXR HPOR Switch
01-15 09:32:29.600  2592  2592 W audio_hw_primary: mixer_ctl[189] = RECMIXR INR Switch
01-15 09:32:29.600  2592  2592 W audio_hw_primary: mixer_ctl[190] = RECMIXR BST3 Switch
01-15 09:32:29.600  2592  2592 W audio_hw_primary: mixer_ctl[191] = RECMIXR BST2 Switch
01-15 09:32:29.600  2592  2592 W audio_hw_primary: mixer_ctl[192] = RECMIXR BST1 Switch
01-15 09:32:29.600  2592  2592 W audio_hw_primary: mixer_ctl[193] = RECMIXR OUT MIXR Switch
01-15 09:32:29.600  2592  2592 W audio_hw_primary: mixer_ctl[194] = RECMIXL MONO Switch
01-15 09:32:29.600  2592  2592 W audio_hw_primary: mixer_ctl[195] = RECMIXL HPOL Switch
01-15 09:32:29.600  2592  2592 W audio_hw_primary: mixer_ctl[196] = RECMIXL INL Switch
01-15 09:32:29.600  2592  2592 W audio_hw_primary: mixer_ctl[197] = RECMIXL BST3 Switch
01-15 09:32:29.600  2592  2592 W audio_hw_primary: mixer_ctl[198] = RECMIXL BST2 Switch
01-15 09:32:29.600  2592  2592 W audio_hw_primary: mixer_ctl[199] = RECMIXL BST1 Switch
01-15 09:32:29.600  2592  2592 W audio_hw_primary: mixer_ctl[200] = RECMIXL OUT MIXL Switch
01-15 09:32:29.600  2592  2592 I AudioFlinger: loadHwModule() Loaded primary audio interface from Avl7420 audio HW HAL (audio) handle 1
01-15 09:32:29.600  2592  2592 I AudioFlinger: openOutput(), module 1 Device 2, SamplingRate 48000, Format 0x000001, Channels 3, flags 2
01-15 09:32:29.600  2592  2592 I AudioFlinger: AudioStreamOut::open(), mHalFormatIsLinearPcm = 1
01-15 09:32:29.600  2592  2592 I AudioFlinger: HAL output buffer size 1024 frames, normal sink buffer size 1024 frames
01-15 09:32:29.600  2876  2876 D WifiController: isAirplaneModeOn = false, isWifiEnabled = false, isScanningAvailable = false
01-15 09:32:29.600  2876  2876 I WifiService: Registering wifi
01-15 09:32:29.600  2876  2876 I WifiScanningService: Creating wifiscanner
01-15 09:32:29.600  2876  2876 I WifiScanningService: Starting wifiscanner
01-15 09:32:29.600  2876  2876 I RttService: Creating rttmanager
01-15 09:32:29.600  2876  2876 I RttService: Starting rttmanager
01-15 09:32:29.600  2876  2876 I SystemServiceManager: Starting com.android.server.wifi.WifiScanningService
01-15 09:32:29.600  2876  2876 I SystemServiceManager: Starting com.android.server.wifi.RttService
01-15 09:32:29.600  2876  2876 I SystemServiceManager: Starting com.android.server.ethernet.EthernetService
01-15 09:32:29.610  2876  2876 I EthernetServiceImpl: Creating EthernetConfigStore
01-15 09:32:29.610  2876  2876 E IpConfigStore: Error parsing configuration: java.io.FileNotFoundException: /data/misc/ethernet/ipconfig.txt: open failed: ENOENT (No such file or directory)
01-15 09:32:29.610  2876  2876 W EthernetConfigStore: No Ethernet configuration found. Using default.
01-15 09:32:29.610  2876  2876 I EthernetServiceImpl: Read stored IP configuration: IP assignment: DHCP
01-15 09:32:29.610  2876  2876 I EthernetServiceImpl: Proxy settings: NONE
01-15 09:32:29.610  2876  2876 I EthernetService: Registering service ethernet
01-15 09:32:29.610  2592  2592 I BufferProvider: found effect "Multichannel Downmix To Stereo" from The Android Open Source Project
01-15 09:32:29.610  2592  2592 I AudioFlinger: Using module 1 has the primary audio interface
01-15 09:32:29.610  2592  2930 I AudioFlinger: AudioFlinger's thread 0xf4ec0000 ready to run
01-15 09:32:29.610  2592  2930 E AudioFlinger: no wake lock to update!
01-15 09:32:29.610  2592  2592 I AudioFlinger: openOutput(), module 1 Device 2, SamplingRate 48000, Format 0x000001, Channels 3, flags 8
01-15 09:32:29.610  2592  2592 I AudioFlinger: AudioStreamOut::open(), mHalFormatIsLinearPcm = 1
01-15 09:32:29.610  2592  2592 I AudioFlinger: HAL output buffer size 4096 frames, normal sink buffer size 4096 frames
01-15 09:32:29.610  2592  2931 I AudioFlinger: AudioFlinger's thread 0xf4900000 ready to run
01-15 09:32:29.610  2592  2931 E AudioFlinger: no wake lock to update!
01-15 09:32:29.610  2592  2932 I AudioFlinger: AudioFlinger's thread 0xf4780000 ready to run
01-15 09:32:29.610  2592  2592 I bt_a2dp_hw: adev_open:  adev_open in A2dp_hw module
01-15 09:32:29.610  2592  2592 I AudioFlinger: loadHwModule() Loaded a2dp audio interface from A2DP Audio HW HAL (audio) handle 7
01-15 09:32:29.610  2592  2592 I AudioFlinger: loadHwModule() Loaded usb audio interface from USB audio HW HAL (audio) handle 8
01-15 09:32:29.610  2592  2592 I r_submix: adev_open(name=audio_hw_if)
01-15 09:32:29.610  2592  2592 I r_submix: adev_init_check()
01-15 09:32:29.610  2592  2592 I AudioFlinger: loadHwModule() Loaded r_submix audio interface from Wifi Display audio HAL (audio) handle 9
01-15 09:32:29.610  2592  2592 D r_submix: adev_open_input_stream(addr=0)
01-15 09:32:29.610  2592  2592 D r_submix: submix_audio_device_create_pipe_l(addr=0, idx=9)
01-15 09:32:29.610  2592  2592 D r_submix:   now using address 0 for route 9
01-15 09:32:29.610  2592  2592 E MonoPipe: Failed to fetch local time frequency when constructing a MonoPipe (res = -32).  getNextWriteTimestamp calls will be non-functional
01-15 09:32:29.610  2592  2934 I AudioFlinger: AudioFlinger's thread 0xf4780000 ready to run
01-15 09:32:29.610  2592  2592 D r_submix: adev_close_input_stream()
01-15 09:32:29.610  2592  2592 D r_submix: submix_audio_device_release_pipe_l(idx=9) addr=0
01-15 09:32:29.610  2592  2592 D r_submix: submix_audio_device_destroy_pipe_l(): pipe destroyed
01-15 09:32:29.610  2592  2592 E SoundTriggerHwService: couldn't load sound trigger module sound_trigger.primary (No such file or directory)
01-15 09:32:29.610  2592  2592 I RadioService: RadioService
01-15 09:32:29.610  2592  2592 I RadioService: onFirstRef
01-15 09:32:29.610  2592  2592 E RadioService: couldn't load radio module radio.primary (No such file or directory)
01-15 09:32:29.610  2876  2876 I SystemServer: Connectivity Service
01-15 09:32:29.610  2876  2876 D ConnectivityService: ConnectivityService starting up
01-15 09:32:29.610  2876  2876 D ConnectivityService: wifiOnly=true
01-15 09:32:29.610  2876  2876 E ConnectivityService: Ignoring protectedNetwork 10
01-15 09:32:29.610  2876  2876 E ConnectivityService: Ignoring protectedNetwork 11
01-15 09:32:29.610  2876  2876 E ConnectivityService: Ignoring protectedNetwork 12
01-15 09:32:29.610  2876  2876 E ConnectivityService: Ignoring protectedNetwork 14
01-15 09:32:29.610  2876  2876 E ConnectivityService: Ignoring protectedNetwork 15
01-15 09:32:29.610  2876  2876 I SystemServer: Network Service Discovery Service
01-15 09:32:29.610  2876  2876 D NsdService: Network service discovery enabled true
01-15 09:32:29.620  2876  2876 I SystemServer: UpdateLock Service
01-15 09:32:29.620  2876  2876 I SystemServiceManager: Starting com.android.server.notification.NotificationManagerService
01-15 09:32:29.630  2876  2876 I SystemServiceManager: Starting com.android.server.storage.DeviceStorageMonitorService
01-15 09:32:29.630  2876  2876 I SystemServer: Location Manager
01-15 09:32:29.640  2876  2876 I SystemServer: Country Detector
01-15 09:32:29.640  2876  2876 I SystemServer: Search Service
01-15 09:32:29.640  2876  2876 I SystemServer: DropBox Service
01-15 09:32:29.640  2876  2876 I SystemServer: Wallpaper Service
01-15 09:32:29.640  2876  2876 I SystemServer: Audio Service
01-15 09:32:29.650  2592  2935 D PermissionCache: checking android.permission.MODIFY_AUDIO_SETTINGS for uid=1000 => granted (354 us)
01-15 09:32:29.650  2876  2876 W TelecomManager: Telecom Service not found.
01-15 09:32:29.650  2876  2876 I SystemServiceManager: Starting com.android.server.DockObserver
01-15 09:32:29.660  2876  2876 W DockObserver: This kernel does not have dock station support
01-15 09:32:29.660  2876  2876 I SystemServer: Wired Accessory Manager
01-15 09:32:29.660  2876  2876 W WiredAccessoryManager: This kernel does not have usb audio support
01-15 09:32:29.660  2876  2876 I SystemServiceManager: Starting com.android.server.usb.UsbService$Lifecycle
01-15 09:32:29.660  2876  2876 I SystemServer: Serial Service
01-15 09:32:29.660  2876  2876 I SystemServiceManager: Starting com.android.server.twilight.TwilightService
01-15 09:32:29.670  2592  2935 D PermissionCache: checking android.permission.CAPTURE_AUDIO_HOTWORD for uid=1000 => granted (98 us)
01-15 09:32:29.670  2876  2876 I SystemServiceManager: Starting com.android.server.job.JobSchedulerService
01-15 09:32:29.670  2876  2876 I SystemServiceManager: Starting com.android.server.backup.BackupManagerService$Lifecycle
01-15 09:32:29.670  2876  2876 I SystemServiceManager: Starting com.android.server.appwidget.AppWidgetService
01-15 09:32:29.670  2876  2876 I SystemServiceManager: Starting com.android.server.voiceinteraction.VoiceInteractionManagerService
01-15 09:32:29.670  2876  2876 W SoundTriggerHelper: listModules status=0, # of modules=0
01-15 09:32:29.670  2876  2876 I SystemServer: DiskStats Service
01-15 09:32:29.680  2876  2876 I SystemServer: SamplingProfiler Service
01-15 09:32:29.680  2876  2876 I SystemServer: NetworkTimeUpdateService
01-15 09:32:29.680  2876  2876 I SystemServer: CommonTimeManagementService
01-15 09:32:29.680  2876  2876 I SystemServer: CertBlacklister
01-15 09:32:29.680  2876  2876 I SystemServiceManager: Starting com.android.server.dreams.DreamManagerService
01-15 09:32:29.690  2876  2942 D AssetAtlas: Loaded configuration: SliceMinArea (1088x2048) flags=0x2 count=360
01-15 09:32:29.690  2876  2876 I SystemServer: Assets Atlas Service
01-15 09:32:29.690  2876  2876 I SystemServiceManager: Starting com.android.server.print.PrintManagerService
01-15 09:32:29.690  2876  2876 I SystemServiceManager: Starting com.android.server.restrictions.RestrictionsManagerService
01-15 09:32:29.690  2876  2876 I SystemServiceManager: Starting com.android.server.media.MediaSessionService
01-15 09:32:29.700  2876  2876 E HdmiCecControllerJni: Error acquiring hardware module: -2
01-15 09:32:29.700  2876  2876 I SystemServiceManager: Starting com.android.server.hdmi.HdmiControlService
01-15 09:32:29.700  2876  2876 I HdmiControlService: Device does not support HDMI-CEC.
01-15 09:32:29.700  2876  2876 I SystemServer: Media Router Service
01-15 09:32:29.700  2876  2876 I SystemServiceManager: Starting com.android.server.trust.TrustManagerService
01-15 09:32:29.700  2876  2876 I SystemServiceManager: Starting com.android.server.fingerprint.FingerprintService
01-15 09:32:29.710  2876  2876 I WindowManager: SAFE MODE not enabled
01-15 09:32:29.710  2876  2876 W FingerprintService: fingerprint service not available
01-15 09:32:29.710  2876  2876 V FingerprintService: Fingerprint HAL id: 0
01-15 09:32:29.710  2876  2876 I SystemServer: BackgroundDexOptService
01-15 09:32:29.710  2876  2876 I SystemServiceManager: Starting com.android.server.pm.LauncherAppsService
01-15 09:32:29.710  2876  2876 I SystemServiceManager: Starting com.android.server.media.projection.MediaProjectionManagerService
01-15 09:32:29.720  2876  2876 I SystemServiceManager: Starting com.android.server.MmsServiceBroker
01-15 09:32:29.730  2876  2942 D libEGL  : loaded /vendor/lib64/egl/libGLES_mali.so
01-15 09:32:29.730  2876  2876 E LockSettingsStorage: Cannot read file java.io.FileNotFoundException: /data/system/gatekeeper.password.key: open failed: ENOENT (No such file or directory)
01-15 09:32:29.730  2876  2876 E LockSettingsStorage: Cannot read file java.io.FileNotFoundException: /data/system/password.key: open failed: ENOENT (No such file or directory)
01-15 09:32:29.730  2876  2876 E LockSettingsStorage: Cannot read file java.io.FileNotFoundException: /data/system/gatekeeper.pattern.key: open failed: ENOENT (No such file or directory)
01-15 09:32:29.730  2876  2876 E LockSettingsStorage: Cannot read file java.io.FileNotFoundException: /data/system/gatekeeper.gesture.key: open failed: ENOENT (No such file or directory)
01-15 09:32:29.730  2876  2876 E LockSettingsStorage: Cannot read file java.io.FileNotFoundException: /data/system/gesture.key: open failed: ENOENT (No such file or directory)
01-15 09:32:29.730  2876  2876 I SystemServiceManager: Starting phase 480
01-15 09:32:29.730  2876  2876 I SystemServiceManager: Starting phase 500
01-15 09:32:29.740  2876  2876 D BluetoothService: onBootPhase: PHASE_SYSTEM_SERVICES_READY
01-15 09:32:29.740  2876  2876 I WifiScanningService: Registering wifiscanner
01-15 09:32:29.740  2876  2876 I RttService: Registering rttmanager
01-15 09:32:29.740  2876  2942 D         : ro.exynos.dss isEnabled: 0
01-15 09:32:29.740  2876  2876 I WifiService: WifiService starting up with Wi-Fi disabled
01-15 09:32:29.740  2876  2929 D WifiService: New client listening to asynchronous messages
01-15 09:32:29.750  2876  2876 I EthernetServiceImpl: Starting Ethernet service
01-15 09:32:29.750  2876  2876 D Ethernet: Registering NetworkFactory
01-15 09:32:29.750  2876  2961 D Ethernet: got request NetworkRequest [ id=1, legacyType=-1, [ Capabilities: INTERNET&NOT_RESTRICTED&TRUSTED&NOT_VPN] ] with score 0
01-15 09:32:29.750  2876  2876 D EthernetNetworkFactory: Started tracking interface eth0
01-15 09:32:29.750  2876  2942 D AssetAtlas: Rendered atlas in 57.03ms (19.19+37.84ms)
01-15 09:32:29.750  2876  2933 D ConnectivityService: Got NetworkFactory Messenger for Ethernet
01-15 09:32:29.800  2876  2925 D WifiApConfigStore: 2G band allowed channels are:1,6,11
01-15 09:32:29.950  2587  2873 D CommandListener: Setting iface cfg
01-15 09:32:29.950  2587  2873 D CommandListener: Trying to bring up eth0
01-15 09:32:30.010  2876  2876 V BackupManagerService: No ancestral data
01-15 09:32:30.030  2876  2876 V KeyValueBackupJob: Scheduling k/v pass in 247 minutes
01-15 09:32:30.040  2876  2876 V BackupManagerService: Starting with transport android/com.android.internal.backup.LocalTransport
01-15 09:32:30.040  2876  2876 V BackupManagerService: Found transports: 1
01-15 09:32:30.040  2876  2876 I BackupManagerService: Found stale backup journal, scheduling
01-15 09:32:30.050  2876  2876 V PhoneWindowManager: mScreenOnEarly=false, mAwake=false, mCurrentAppOrientation=-1, mOrientationSensorEnabled=false, mKeyguardDrawComplete=false, mWindowManagerDrawComplete=false
01-15 09:32:30.060  2876  2876 I ActivityManager: System now ready
01-15 09:32:30.060  2876  2876 I SystemServer: Making services ready
01-15 09:32:30.060  2876  2876 I SystemServiceManager: Starting phase 550
01-15 09:32:30.060  2876  2876 D BatteryService: Processing new values: chargerAcOnline=true, chargerUsbOnline=true, chargerWirelessOnline=false, maxChargingCurrent0, batteryStatus=4, batteryHealth=2, batteryPresent=true, batteryLevel=100, batteryTechnology=Li-poly, batteryVoltage=4347, batteryTemperature=350, mBatteryLevelCritical=false, mPlugType=1, GIT mBatteryProps.extBatteryVoltage=0
01-15 09:32:30.060  2876  2876 D BatteryService: Sending ACTION_BATTERY_CHANGED.  level:100, scale:100, status:4, health:2, present:true, voltage: 4347, temperature: 350, technology: Li-poly, AC powered:true, USB powered:true, Wireless powered:false, icon:17303125, invalid charger:0, maxChargingCurrent:0, ext voltage:0
01-15 09:32:30.060  2876  2897 W KeyguardServiceDelegate: onScreenTurningOn(): no keyguard service!
01-15 09:32:30.070  2876  2918 D MountService: Thinking about reset, mSystemReady=true, mDaemonConnected=true
01-15 09:32:30.070  2876  2918 D VoldConnector: SND -> {3 volume reset}
01-15 09:32:30.070  2876  2890 I ActivityManager: Force stopping com.android.providers.media appid=10005 user=-1: vold reset
01-15 09:32:30.070  2876  2919 D VoldConnector: RCV <- {651 emulated 7}
01-15 09:32:30.070  2876  2876 D UsbAlsaManager: Adding ALSA device AlsaDevice: [card: 0, device: 4, type: 1]
01-15 09:32:30.070  2876  2876 D UsbAlsaManager: Adding ALSA device AlsaDevice: [card: 0, device: 3, type: 1]
01-15 09:32:30.070  2876  2876 D UsbAlsaManager: Adding ALSA device AlsaDevice: [card: 0, device: 4, type: 2]
01-15 09:32:30.070  2876  2919 D VoldConnector: RCV <- {659 emulated}
01-15 09:32:30.070  2876  2876 D UsbAlsaManager: Adding ALSA device AlsaDevice: [card: 0, device: 2, type: 1]
01-15 09:32:30.070  2876  2876 D UsbAlsaManager: Adding ALSA device AlsaDevice: [card: 0, device: 3, type: 2]
01-15 09:32:30.070  2876  2876 D UsbAlsaManager: Adding ALSA device AlsaDevice: [card: 0, device: 1, type: 1]
01-15 09:32:30.070  2876  2919 D VoldConnector: RCV <- {650 emulated 2 "" ""}
01-15 09:32:30.070  2876  2876 D UsbAlsaManager: Adding ALSA device AlsaDevice: [card: 0, device: 2, type: 2]
01-15 09:32:30.070  2876  2876 D UsbAlsaManager: Adding ALSA device AlsaDevice: [card: 0, device: 0, type: 1]
01-15 09:32:30.070  2876  2876 D UsbAlsaManager: Adding ALSA device AlsaDevice: [card: 0, device: 0, type: 2]
01-15 09:32:30.070  2876  2919 D VoldConnector: RCV <- {651 emulated 0}
01-15 09:32:30.070  2876  2919 D VoldConnector: RCV <- {651 public:179,33 7}
01-15 09:32:30.070  2434  2519 V vold    : /system/bin/sgdisk
01-15 09:32:30.070  2434  2519 V vold    :     --android-dump
01-15 09:32:30.070  2434  2519 V vold    :     /dev/block/vold/disk:179,32
01-15 09:32:30.070  2876  2919 D VoldConnector: RCV <- {659 public:179,33}
01-15 09:32:30.070  2876  2919 D VoldConnector: RCV <- {649 disk:179,32}
01-15 09:32:30.070  2876  2919 D VoldConnector: RCV <- {640 disk:179,32 5}
01-15 09:32:30.070  2876  2919 D VoldConnector: RCV <- {641 disk:179,32 7948206080}
01-15 09:32:30.070  2876  2919 D VoldConnector: RCV <- {642 disk:179,32 SanDisk}
01-15 09:32:30.070  2876  2919 D VoldConnector: RCV <- {644 disk:179,32 /sys//devices/15560000.dwmmc2/mmc_host/mmc2/mmc2:aaaa/block/mmcblk1}
01-15 09:32:30.080  2434  2519 V vold    : DISK mbr
01-15 09:32:30.080  2434  2519 V vold    : PART 1 c
01-15 09:32:30.080  2434  2519 V vold    : /system/bin/blkid
01-15 09:32:30.080  2434  2519 V vold    :     -c
01-15 09:32:30.080  2434  2519 V vold    :     /dev/null
01-15 09:32:30.080  2434  2519 V vold    :     -s
01-15 09:32:30.080  2434  2519 V vold    :     TYPE
01-15 09:32:30.080  2434  2519 V vold    :     -s
01-15 09:32:30.080  2434  2519 V vold    :     UUID
01-15 09:32:30.080  2434  2519 V vold    :     -s
01-15 09:32:30.080  2434  2519 V vold    :     LABEL
01-15 09:32:30.080  2434  2519 V vold    :     /dev/block/mmcblk1
01-15 09:32:30.090  2876  2876 W MountService: No primary storage defined yet; hacking together a stub
01-15 09:32:30.090  2434  2519 E vold    : Failed to pclose /system/bin/blkid -c /dev/null -s TYPE -s UUID -s LABEL /dev/block/mmcblk1 : Success
01-15 09:32:30.090  2876  2919 D VoldConnector: RCV <- {650 public:179,33 0 "disk:179,32" ""}
01-15 09:32:30.090  2876  2919 D VoldConnector: RCV <- {651 public:179,33 0}
01-15 09:32:30.090  2876  2919 D VoldConnector: RCV <- {643 disk:179,32}
01-15 09:32:30.090  2876  2919 D VoldConnector: RCV <- {200 3 Command succeeded}
01-15 09:32:30.090  2876  2918 D VoldConnector: SND -> {4 volume user_added 0 0}
01-15 09:32:30.090  2876  2919 D VoldConnector: RCV <- {200 4 Command succeeded}
01-15 09:32:30.090  2876  2892 V MountService: Found primary storage at VolumeInfo{emulated}:
01-15 09:32:30.090  2876  2892 V MountService:     type=EMULATED diskId=null partGuid=null mountFlags=0 mountUserId=-1 
01-15 09:32:30.090  2876  2892 V MountService:     state=UNMOUNTED 
01-15 09:32:30.090  2876  2892 V MountService:     fsType=null fsUuid=null fsLabel=null 
01-15 09:32:30.090  2876  2892 V MountService:     path=null internalPath=null 
01-15 09:32:30.090  2876  2918 D VoldConnector: SND -> {5 volume mount emulated 3 -1}
01-15 09:32:30.090  2876  2919 D VoldConnector: RCV <- {651 emulated 1}
01-15 09:32:30.090  2876  2919 D VoldConnector: RCV <- {656 emulated /data/media}
01-15 09:32:30.090  2876  2919 D VoldConnector: RCV <- {655 emulated /storage/emulated}
01-15 09:32:30.090  2434  2519 V vold    : Waiting for FUSE to spin up...
01-15 09:32:30.090  2876  2876 I SystemServer: WebViewFactory preparation
01-15 09:32:30.090  2876  2970 D UsbHostManager: Added device UsbDevice[mName=/dev/bus/usb/001/005,mVendorId=1060,mProductId=60416,mClass=255,mSubclass=0,mProtocol=1,mManufacturerName=null,mProductName=null,mVersion=2.0,mSerialNumber=null,mConfigurations=[
01-15 09:32:30.090  2876  2970 D UsbHostManager: UsbConfiguration[mId=1,mName=null,mAttributes=224,mMaxPower=1,mInterfaces=[
01-15 09:32:30.090  2876  2970 D UsbHostManager: UsbInterface[mId=0,mAlternateSetting=0,mName=null,mClass=255,mSubclass=0,mProtocol=255,mEndpoints=[
01-15 09:32:30.090  2876  2970 D UsbHostManager: UsbEndpoint[mAddress=129,mAttributes=2,mMaxPacketSize=512,mInterval=0]
01-15 09:32:30.090  2876  2970 D UsbHostManager: UsbEndpoint[mAddress=2,mAttributes=2,mMaxPacketSize=512,mInterval=0]
01-15 09:32:30.090  2876  2970 D UsbHostManager: UsbEndpoint[mAddress=131,mAttributes=3,mMaxPacketSize=16,mInterval=4]]]]
01-15 09:32:30.100  2876  2890 I Zygote  : Process: zygote socket opened, supported ABIS: arm64-v8a
01-15 09:32:30.100  2596  2880 I art     : Starting a blocking GC HeapTrim
01-15 09:32:30.100  2876  2970 W ContextImpl: Calling a method in the system process without a qualified user: android.app.ContextImpl.sendBroadcast:763 com.android.server.usb.UsbSettingsManager.deviceAttached:742 com.android.server.usb.UsbHostManager.endUsbDeviceAdded:225 com.android.server.usb.UsbHostManager.monitorUsbHostBus:-2 com.android.server.usb.UsbHostManager.-wrap0:-1 
01-15 09:32:30.120  2876  2890 I ActivityManager: Start proc 2979:android.process.media/u0a5 for broadcast com.android.providers.media/.MtpReceiver
01-15 09:32:30.120  2876  2970 D UsbHostManager: Added device UsbDevice[mName=/dev/bus/usb/001/003,mVendorId=21317,mProductId=4660,mClass=255,mSubclass=0,mProtocol=0,mManufacturerName=System MCU,mProductName=SEC S3C2410X Test B/D,mVersion=1.16,mSerialNumber=null,mConfigurations=[
01-15 09:32:30.120  2876  2970 D UsbHostManager: UsbConfiguration[mId=1,mName=null,mAttributes=192,mMaxPower=25,mInterfaces=[
01-15 09:32:30.120  2876  2970 D UsbHostManager: UsbInterface[mId=0,mAlternateSetting=0,mName=null,mClass=255,mSubclass=0,mProtocol=0,mEndpoints=[
01-15 09:32:30.120  2876  2970 D UsbHostManager: UsbEndpoint[mAddress=129,mAttributes=2,mMaxPacketSize=64,mInterval=0]
01-15 09:32:30.120  2876  2970 D UsbHostManager: UsbEndpoint[mAddress=3,mAttributes=2,mMaxPacketSize=64,mInterval=0]]]]
01-15 09:32:30.120  2876  2970 W ContextImpl: Calling a method in the system process without a qualified user: android.app.ContextImpl.sendBroadcast:763 com.android.server.usb.UsbSettingsManager.deviceAttached:742 com.android.server.usb.UsbHostManager.endUsbDeviceAdded:225 com.android.server.usb.UsbHostManager.monitorUsbHostBus:-2 com.android.server.usb.UsbHostManager.-wrap0:-1 
01-15 09:32:30.130  2876  2876 I Zygote  : Process: zygote socket opened, supported ABIS: armeabi-v7a,armeabi
01-15 09:32:30.130  2597  2777 I art     : Starting a blocking GC HeapTrim
01-15 09:32:30.130  2597  2597 I art     : Starting a blocking GC Background
01-15 09:32:30.140  2876  2919 D VoldConnector: RCV <- {651 emulated 2}
01-15 09:32:30.140  2876  2919 D VoldConnector: RCV <- {200 5 Command succeeded}
01-15 09:32:30.150  2876  2876 I ActivityManager: Start proc 2992:WebViewLoader-armeabi-v7a/1037 [android.webkit.WebViewFactory$RelroFileCreator] for 
01-15 09:32:30.150  2876  2918 D VoldConnector: SND -> {6 volume mount public:179,33 2 0}
01-15 09:32:30.150  2434  2519 V vold    : /system/bin/blkid
01-15 09:32:30.150  2434  2519 V vold    :     -c
01-15 09:32:30.150  2434  2519 V vold    :     /dev/null
01-15 09:32:30.150  2434  2519 V vold    :     -s
01-15 09:32:30.150  2434  2519 V vold    :     TYPE
01-15 09:32:30.150  2434  2519 V vold    :     -s
01-15 09:32:30.150  2434  2519 V vold    :     UUID
01-15 09:32:30.150  2434  2519 V vold    :     -s
01-15 09:32:30.150  2434  2519 V vold    :     LABEL
01-15 09:32:30.150  2434  2519 V vold    :     /dev/block/vold/public:179,33
01-15 09:32:30.150  2876  2919 D VoldConnector: RCV <- {651 public:179,33 1}
01-15 09:32:30.160  2992  2992 V WebViewFactory: RelroFileCreator (64bit = false),  32-bit lib: /system/app/webview/webview.apk!/lib/armeabi-v7a/libwebviewchromium.so, 64-bit lib: /system/app/webview/webview.apk!/lib/arm64-v8a/libwebviewchromium.so
01-15 09:32:30.160  3004  3004 V WebViewFactory: RelroFileCreator (64bit = true),  32-bit lib: /system/app/webview/webview.apk!/lib/armeabi-v7a/libwebviewchromium.so, 64-bit lib: /system/app/webview/webview.apk!/lib/arm64-v8a/libwebviewchromium.so
01-15 09:32:30.160  2876  2876 I ActivityManager: Start proc 3004:WebViewLoader-arm64-v8a/1037 [android.webkit.WebViewFactory$RelroFileCreator] for 
01-15 09:32:30.170  2876  2876 I ActivityManager: Start proc 3019:com.android.systemui/u0a15 for service com.android.systemui/.SystemUIService
01-15 09:32:30.180  2876  2876 D NetworkManagement: enabling bandwidth control
01-15 09:32:30.190  2876  2890 I ActivityManager: Start proc 3033:com.android.externalstorage/u0a6 for broadcast com.android.externalstorage/.MountReceiver
01-15 09:32:30.190  2434  2519 V vold    : /dev/block/vold/public:179,33: UUID="9E9C-15E3" TYPE="vfat" 
01-15 09:32:30.190  2434  2519 V vold    : /system/bin/fsck_msdos
01-15 09:32:30.190  2434  2519 V vold    :     -p
01-15 09:32:30.190  2434  2519 V vold    :     -f
01-15 09:32:30.190  2876  2919 D VoldConnector: RCV <- {652 public:179,33 vfat}
01-15 09:32:30.190  2434  2519 V vold    :     /dev/block/vold/public:179,33
01-15 09:32:30.190  2876  2919 D VoldConnector: RCV <- {653 public:179,33 9E9C-15E3}
01-15 09:32:30.190  2876  2919 D VoldConnector: RCV <- {654 public:179,33 }
01-15 09:32:30.200  3019  3019 W System  : ClassLoader referenced unknown path: /system/priv-app/SystemUI/lib/arm64
01-15 09:32:30.200  3033  3033 W System  : ClassLoader referenced unknown path: /system/priv-app/ExternalStorageProvider/lib/arm64
01-15 09:32:30.210  3033  3033 D ExternalStorage: After updating volumes, found 1 active roots
01-15 09:32:30.240  3033  3033 D ExternalStorage: After updating volumes, found 1 active roots
01-15 09:32:30.240  2979  2979 W System  : ClassLoader referenced unknown path: /system/priv-app/MediaProvider/lib/arm64
01-15 09:32:30.250  2992  2992 I art     : System.exit called, status: 0
01-15 09:32:30.250  2992  2992 I AndroidRuntime: VM exiting with result code 0, cleanup skipped.
01-15 09:32:30.260  2979  2979 W System  : ClassLoader referenced unknown path: /system/priv-app/DownloadProvider/lib/arm64
01-15 09:32:30.270  3019  3019 V SystemUIService: Starting SystemUI services.
01-15 09:32:30.270  3004  3004 I art     : System.exit called, status: 0
01-15 09:32:30.270  3004  3004 I AndroidRuntime: VM exiting with result code 0, cleanup skipped.
01-15 09:32:30.280  2434  2519 I fsck_msdos: ** /dev/block/vold/public:179,33
01-15 09:32:30.280  2434  2519 I fsck_msdos: ** Phase 1 - Read and Compare FATs
01-15 09:32:30.280  2434  2519 I fsck_msdos: Attempting to allocate 947 KB for FAT
01-15 09:32:30.310  2434  2519 I fsck_msdos: Attempting to allocate 947 KB for FAT
01-15 09:32:30.320  2597  2996 I art     : Starting a blocking GC HeapTrim
01-15 09:32:30.330  2876  3036 I ActivityManager: Start proc 3081:com.gitauto.gscan_Installer/1000 for broadcast com.gitauto.gscan_Installer/.service.BootUpReceiver
01-15 09:32:30.340  3019  3019 E SoundPool: error loading /system/media/audio/ui/Trusted.ogg
01-15 09:32:30.340  3019  3019 W KeyguardViewMediator: failed to load trusted sound from /system/media/audio/ui/Trusted.ogg
01-15 09:32:30.340  3019  3077 E WVMExtractor: Failed to open libwvm.so: dlopen failed: library "libwvm.so" not found
01-15 09:32:30.340  2434  2519 I fsck_msdos: ** Phase 2 - Check Cluster Chains
01-15 09:32:30.340  2434  2519 I fsck_msdos: ** Phase 3 - Checking Directories
01-15 09:32:30.360  2592  2941 I EXYNOS_COMP_REGS: Loading the library: libOMX.Exynos.AAC.Decoder.so
01-15 09:32:30.360  2592  2941 I EXYNOS_COMP_REGS: Loading the library: libOMX.Exynos.AVC.Decoder.so
01-15 09:32:30.360  2592  2941 I EXYNOS_COMP_REGS: Loading the library: libOMX.Exynos.AVC.Encoder.so
01-15 09:32:30.360  2587  2873 I iptables: iptables: No chain/target/match by that name.
01-15 09:32:30.360  2587  2873 I iptables: iptables terminated by exit(1)
01-15 09:32:30.360  2587  2873 E Netd    : exec() res=0, status=256 for /system/bin/iptables -w -F st_penalty_log 
01-15 09:32:30.360  2592  2941 I EXYNOS_COMP_REGS: Loading the library: libOMX.Exynos.FLAC.Decoder.so
01-15 09:32:30.370  2592  2941 I EXYNOS_COMP_REGS: Loading the library: libOMX.Exynos.HEVC.Decoder.so
01-15 09:32:30.370  2592  2941 I EXYNOS_COMP_REGS: Loading the library: libOMX.Exynos.HEVC.Encoder.so
01-15 09:32:30.370  2587  2873 I ip6tables: ip6tables: No chain/target/match by that name.
01-15 09:32:30.370  2587  2873 I ip6tables: ip6tables terminated by exit(1)
01-15 09:32:30.370  2587  2873 E Netd    : exec() res=0, status=256 for /system/bin/ip6tables -w -F st_penalty_log 
01-15 09:32:30.370  2592  2941 I EXYNOS_COMP_REGS: Loading the library: libOMX.Exynos.MP3.Decoder.so
01-15 09:32:30.370  2592  2941 I EXYNOS_COMP_REGS: Loading the library: libOMX.Exynos.MPEG2.Decoder.so
