01-15 09:32:30.780  2592  2941 I ExynosCameraInterface: INFO(HAL_camera_device_close[149]):camera(0) unlocked..
01-15 09:32:30.780  2592  2941 I ExynosCamera: [CAM_ID(0)][]-INFO(release[610]): -IN-
01-15 09:32:30.780  2592  2941 I ExynosCamera: [CAM_ID(0)][]-INFO(m_deinitFrameFactory[543]): -IN-
01-15 09:32:30.780  2592  2941 I ExynosCamera: [CAM_ID(0)][]-INFO(m_deinitFrameFactory[579]): -OUT-
01-15 09:32:30.780  2592  2941 I ExynosCamera: [CAM_ID(0)][]-INFO(m_releaseBuffers[10821]):release buffer
01-15 09:32:30.780  2592  2941 I ExynosCamera: [CAM_ID(0)][]-INFO(m_releaseBuffers[10869]):free buffer done
01-15 09:32:30.780  2592  2941 I ExynosCamera: [CAM_ID(0)][]-INFO(release[842]): -OUT-
01-15 09:32:30.780  2592  2941 I ExynosCameraInterface: INFO(HAL_camera_device_close[157]):camera(0)
01-15 09:32:30.780  2592  2941 I ExynosCameraInterface: INFO(HAL_camera_device_close[160]): out
01-15 09:32:30.780  2592  2941 I CameraService: onTorchStatusChangedLocked: Torch status changed for cameraId=0, newStatus=1
01-15 09:32:30.780  2592  2941 I CameraService: onTorchStatusChangedLocked: Torch status changed for cameraId=0, newStatus=1
01-15 09:32:30.780  2592  2941 I CameraService: disconnect: Disconnected client for camera 0 for PID 2592
01-15 09:32:30.780  2592  2941 D NuPlayerDriver: reset(0xf6896fc0)
01-15 09:32:30.780  2592  2941 D NuPlayerDriver: notifyListener_l(0xf6896fc0), (8, 0, 0)
01-15 09:32:30.780  2592  3299 D NuPlayerDriver: notifyResetComplete(0xf6896fc0)
01-15 09:32:30.780  2592  2941 D NuPlayerDriver: reset(0xf6896d80)
01-15 09:32:30.780  2592  2941 D NuPlayerDriver: notifyListener_l(0xf6896d80), (8, 0, 0)
01-15 09:32:30.790  2592  3302 D NuPlayerDriver: notifyResetComplete(0xf6896d80)
01-15 09:32:30.790  2592  2941 D NuPlayerDriver: reset(0xf6897320)
01-15 09:32:30.790  2592  2941 D NuPlayerDriver: notifyListener_l(0xf6897320), (8, 0, 0)
01-15 09:32:30.790  2592  3308 D NuPlayerDriver: notifyResetComplete(0xf6897320)
01-15 09:32:30.790  2876  2876 I ActivityManager: Start proc 3314:com.google.android.inputmethod.latin/u0a36 for service com.google.android.inputmethod.latin/com.android.inputmethod.latin.LatinIME
01-15 09:32:30.790  2876  2876 V InputMethodManagerService: Adding window token: android.os.Binder@a635f34
01-15 09:32:30.800  2876  2876 E FlpHardwareProvider: Error hw_get_module 'flp': -2
01-15 09:32:30.800  2876  2876 W LocationManagerService: no network location provider found
01-15 09:32:30.800  2876  2876 E LocationManagerService: no geocoder provider found
01-15 09:32:30.800  2876  2876 E LocationManagerService: FLP HAL not supported
01-15 09:32:30.810  2876  2876 E ActivityRecognitionHardware: Error hw_get_module: -2
01-15 09:32:30.810  2876  2876 E ActivityRecognitionProxy: ServiceWatcher could not start.
01-15 09:32:30.810  3314  3314 W System  : ClassLoader referenced unknown path: /system/app/LatinImeGoogle/lib/arm64
01-15 09:32:30.810  2876  2876 I CommonTimeManagementService: No common time service detected on this platform.  Common time services will be unavailable.
01-15 09:32:30.810  2876  2917 I InputReader: Reconfiguring input devices.  changes=0x00000020
01-15 09:32:30.810  2876  2917 I InputReader: Reconfiguring input devices.  changes=0x00000010
01-15 09:32:30.810  2876  3329 I OMXClient: Using client-side OMX mux.
01-15 09:32:30.810  2876  2876 E LocationManagerService: Unable to bind FLP Geofence proxy.
01-15 09:32:30.810  2876  2876 E LocationManagerService: Hardware Activity-Recognition not supported.
01-15 09:32:30.810  2876  2876 E LocationManagerService: Unable to bind ActivityRecognitionProxy.
01-15 09:32:30.810  2876  2876 I MmsServiceBroker: Delay connecting to MmsService until an API is called
01-15 09:32:30.810  2876  2876 D MountService: onStartUser 0
01-15 09:32:30.810  2876  2876 D VoldConnector: SND -> {7 volume user_started 0}
01-15 09:32:30.810  2434  2519 D vold    : Linking /storage/emulated/0 to /mnt/user/0/primary
01-15 09:32:30.810  2876  2919 D VoldConnector: RCV <- {200 7 Command succeeded}
01-15 09:32:30.810  2876  2918 D MountService: Volume public:179,33 broadcasting mounted to UserHandle{0}
01-15 09:32:30.810  2876  2918 D MountService: Volume emulated broadcasting mounted to UserHandle{0}
01-15 09:32:30.810  2876  2876 W VoiceInteractionManagerService: no available voice interaction services found for user 0
01-15 09:32:30.810  2876  2876 W VoiceInteractionManagerService: no available voice recognition services found for user 0
01-15 09:32:30.820  2876  2876 I ActivityManager: Start proc 3334:com.android.phone/1001 for added application com.android.phone
01-15 09:32:30.820  2876  2876 I ActivityManager: START u0 {act=android.intent.action.MAIN cat=[android.intent.category.HOME] flg=0x10000000 cmp=com.android.launcher/com.android.launcher2.Launcher} from uid 0 on display 0
01-15 09:32:30.840  2876  2876 I ActivityManager: Start proc 3350:com.android.launcher/u0a7 for activity com.android.launcher/com.android.launcher2.Launcher
01-15 09:32:30.840  2876  2876 I SystemServer: Enabled StrictMode for system server main thread.
01-15 09:32:30.850  2876  3365 I OMXClient: Using client-side OMX mux.
01-15 09:32:30.850  2876  2889 I ActivityManager: Start proc 3366:com.android.printspooler/u0a46 for service com.android.printspooler/.model.PrintSpoolerService
01-15 09:32:30.860  2876  3360 V PhoneWindowManager: mScreenOnEarly=true, mAwake=false, mCurrentAppOrientation=5, mOrientationSensorEnabled=false, mKeyguardDrawComplete=false, mWindowManagerDrawComplete=false
01-15 09:32:30.870  3334  3334 W System  : ClassLoader referenced unknown path: /system/priv-app/TeleService/lib/arm64
01-15 09:32:30.880  2876  3382 I OMXClient: Using client-side OMX mux.
01-15 09:32:30.890  2979  2979 D MediaScannerReceiver: action: android.intent.action.MEDIA_MOUNTED path: /storage/9E9C-15E3
01-15 09:32:30.890  2876  2876 D RttService: SCAN_AVAILABLE : 1
01-15 09:32:30.890  2876  2948 D RttService: DefaultState got{ when=0 what=160513 target=com.android.internal.util.StateMachine$SmHandler }
01-15 09:32:30.900  3350  3350 W System  : ClassLoader referenced unknown path: /system/priv-app/Launcher2/lib/arm64
01-15 09:32:30.900  2876  2876 I Choreographer: Skipped 50 frames!  The application may be doing too much work on its main thread.
01-15 09:32:30.900  3334  3334 W System  : ClassLoader referenced unknown path: /system/priv-app/TelephonyProvider/lib/arm64
01-15 09:32:30.900  2876  2905 I ActivityManager: Start proc 3387:com.ts.fileexplorer/1000 for broadcast com.ts.fileexplorer/.StorageReceiver
01-15 09:32:30.910  3314  3314 I Decoder : createOrResetDecoder
01-15 09:32:30.910  3314  3314 I Decoder : createOrResetDecoder
01-15 09:32:30.910  3019  3019 W QSTileHost: Error creating tile for spec: cell
01-15 09:32:30.910  3019  3019 W QSTileHost: java.lang.IllegalArgumentException: Bad tile spec: cell
01-15 09:32:30.910  3019  3019 W QSTileHost: 	at com.android.systemui.statusbar.phone.QSTileHost.createTile(QSTileHost.java:266)
01-15 09:32:30.910  3019  3019 W QSTileHost: 	at com.android.systemui.statusbar.phone.QSTileHost.onTuningChanged(QSTileHost.java:238)
01-15 09:32:30.910  3019  3019 W QSTileHost: 	at com.android.systemui.tuner.TunerService.addTunable(TunerService.java:98)
01-15 09:32:30.910  3019  3019 W QSTileHost: 	at com.android.systemui.tuner.TunerService.addTunable(TunerService.java:82)
01-15 09:32:30.910  3019  3019 W QSTileHost: 	at com.android.systemui.statusbar.phone.QSTileHost.<init>(QSTileHost.java:117)
01-15 09:32:30.910  3019  3019 W QSTileHost: 	at com.android.systemui.statusbar.phone.PhoneStatusBar.makeStatusBarView(PhoneStatusBar.java:900)
01-15 09:32:30.910  3019  3019 W QSTileHost: 	at com.android.systemui.statusbar.phone.PhoneStatusBar.addStatusBarWindow(PhoneStatusBar.java:2957)
01-15 09:32:30.910  3019  3019 W QSTileHost: 	at com.android.systemui.statusbar.phone.PhoneStatusBar.createAndAddWindows(PhoneStatusBar.java:2953)
01-15 09:32:30.910  3019  3019 W QSTileHost: 	at com.android.systemui.statusbar.BaseStatusBar.start(BaseStatusBar.java:609)
01-15 09:32:30.910  3019  3019 W QSTileHost: 	at com.android.systemui.statusbar.phone.PhoneStatusBar.start(PhoneStatusBar.java:627)
01-15 09:32:30.910  3019  3019 W QSTileHost: 	at com.android.systemui.statusbar.SystemBars.createStatusBarFromConfig(SystemBars.java:106)
01-15 09:32:30.910  3019  3019 W QSTileHost: 	at com.android.systemui.statusbar.SystemBars.onNoService(SystemBars.java:58)
01-15 09:32:30.910  3019  3019 W QSTileHost: 	at com.android.systemui.statusbar.ServiceMonitor.startService(ServiceMonitor.java:230)
01-15 09:32:30.910  3019  3019 W QSTileHost: 	at com.android.systemui.statusbar.ServiceMonitor.-wrap5(ServiceMonitor.java)
01-15 09:32:30.910  3019  3019 W QSTileHost: 	at com.android.systemui.statusbar.ServiceMonitor$1.handleMessage(ServiceMonitor.java:73)
01-15 09:32:30.910  3019  3019 W QSTileHost: 	at android.os.Handler.dispatchMessage(Handler.java:102)
01-15 09:32:30.910  3019  3019 W QSTileHost: 	at android.os.Looper.loop(Looper.java:148)
01-15 09:32:30.910  3019  3019 W QSTileHost: 	at android.app.ActivityThread.main(ActivityThread.java:5417)
01-15 09:32:30.910  3019  3019 W QSTileHost: 	at java.lang.reflect.Method.invoke(Native Method)
01-15 09:32:30.910  3019  3019 W QSTileHost: 	at com.android.internal.os.ZygoteInit$MethodAndArgsCaller.run(ZygoteInit.java:726)
01-15 09:32:30.910  3019  3019 W QSTileHost: 	at com.android.internal.os.ZygoteInit.main(ZygoteInit.java:616)
01-15 09:32:30.920  3019  3019 W QSTileHost: Error creating tile for spec: location
01-15 09:32:30.920  3019  3019 W QSTileHost: java.lang.IllegalArgumentException: Bad tile spec: location
01-15 09:32:30.920  3019  3019 W QSTileHost: 	at com.android.systemui.statusbar.phone.QSTileHost.createTile(QSTileHost.java:266)
01-15 09:32:30.920  3019  3019 W QSTileHost: 	at com.android.systemui.statusbar.phone.QSTileHost.onTuningChanged(QSTileHost.java:238)
01-15 09:32:30.920  3019  3019 W QSTileHost: 	at com.android.systemui.tuner.TunerService.addTunable(TunerService.java:98)
01-15 09:32:30.920  3019  3019 W QSTileHost: 	at com.android.systemui.tuner.TunerService.addTunable(TunerService.java:82)
01-15 09:32:30.920  3019  3019 W QSTileHost: 	at com.android.systemui.statusbar.phone.QSTileHost.<init>(QSTileHost.java:117)
01-15 09:32:30.920  3019  3019 W QSTileHost: 	at com.android.systemui.statusbar.phone.PhoneStatusBar.makeStatusBarView(PhoneStatusBar.java:900)
01-15 09:32:30.920  3019  3019 W QSTileHost: 	at com.android.systemui.statusbar.phone.PhoneStatusBar.addStatusBarWindow(PhoneStatusBar.java:2957)
01-15 09:32:30.920  3019  3019 W QSTileHost: 	at com.android.systemui.statusbar.phone.PhoneStatusBar.createAndAddWindows(PhoneStatusBar.java:2953)
01-15 09:32:30.920  3019  3019 W QSTileHost: 	at com.android.systemui.statusbar.BaseStatusBar.start(BaseStatusBar.java:609)
01-15 09:32:30.920  3019  3019 W QSTileHost: 	at com.android.systemui.statusbar.phone.PhoneStatusBar.start(PhoneStatusBar.java:627)
01-15 09:32:30.920  3019  3019 W QSTileHost: 	at com.android.systemui.statusbar.SystemBars.createStatusBarFromConfig(SystemBars.java:106)
01-15 09:32:30.920  3019  3019 W QSTileHost: 	at com.android.systemui.statusbar.SystemBars.onNoService(SystemBars.java:58)
01-15 09:32:30.920  3019  3019 W QSTileHost: 	at com.android.systemui.statusbar.ServiceMonitor.startService(ServiceMonitor.java:230)
01-15 09:32:30.920  3019  3019 W QSTileHost: 	at com.android.systemui.statusbar.ServiceMonitor.-wrap5(ServiceMonitor.java)
01-15 09:32:30.920  3019  3019 W QSTileHost: 	at com.android.systemui.statusbar.ServiceMonitor$1.handleMessage(ServiceMonitor.java:73)
01-15 09:32:30.920  3019  3019 W QSTileHost: 	at android.os.Handler.dispatchMessage(Handler.java:102)
01-15 09:32:30.920  3019  3019 W QSTileHost: 	at android.os.Looper.loop(Looper.java:148)
01-15 09:32:30.920  3019  3019 W QSTileHost: 	at android.app.ActivityThread.main(ActivityThread.java:5417)
01-15 09:32:30.920  3019  3019 W QSTileHost: 	at java.lang.reflect.Method.invoke(Native Method)
01-15 09:32:30.920  3019  3019 W QSTileHost: 	at com.android.internal.os.ZygoteInit$MethodAndArgsCaller.run(ZygoteInit.java:726)
01-15 09:32:30.920  3019  3019 W QSTileHost: 	at com.android.internal.os.ZygoteInit.main(ZygoteInit.java:616)
01-15 09:32:30.930  3366  3366 I PrintSpoolerService: No existing print spooler state.
01-15 09:32:30.940  3314  3314 I LatinIME: Hardware accelerated drawing: true
01-15 09:32:30.950  3334  3334 D TelephonyProvider: dbh.onOpen: ok, queried table=siminfo
01-15 09:32:30.950  3334  3334 D TelephonyProvider: dbh.onOpen: ok, queried table=carriers
01-15 09:32:30.960  2592  3404 D NuPlayerDriver: notifyListener_l(0xf6897320), (1, 0, 0)
01-15 09:32:30.960  2876  2876 D MediaPlayer: setSubtitleAnchor in MediaPlayer
01-15 09:32:30.960  3387  3387 W System  : ClassLoader referenced unknown path: /system/app/FileExplorer/lib/arm64
01-15 09:32:30.970  2876  2876 D Ringtone: Successfully created local player
01-15 09:32:30.970  2592  3312 D NuPlayerDriver: reset(0xf6897320)
01-15 09:32:30.970  2592  3312 D NuPlayerDriver: notifyListener_l(0xf6897320), (8, 0, 0)
01-15 09:32:30.970  2592  3404 D NuPlayerDriver: notifyResetComplete(0xf6897320)
01-15 09:32:30.970  2592  2935 D NuPlayerDriver: reset(0xf6897320)
01-15 09:32:30.970  2876  3416 I OMXClient: Using client-side OMX mux.
01-15 09:32:30.970  2449  2669 I SurfaceFlinger: Get property density 160.000000
01-15 09:32:30.970  3019  3421 D OpenGLRenderer: Use EGL_SWAP_BEHAVIOR_PRESERVED: true
01-15 09:32:30.970  3019  3421 D OpenGLRenderer: profile bars disabled
01-15 09:32:30.970  3019  3421 D OpenGLRenderer: ambientRatio = 1.50
01-15 09:32:30.980  2592  3417 D NuPlayerDriver: notifyListener_l(0xf4d36180), (1, 0, 0)
01-15 09:32:30.980  2876  2876 D MediaPlayer: setSubtitleAnchor in MediaPlayer
01-15 09:32:30.980  2876  2888 I ActivityManager: Start proc 3422:android.process.acore/u0a2 for content provider com.android.providers.contacts/.ContactsProvider2
01-15 09:32:30.990  2876  2876 D Ringtone: Successfully created local player
01-15 09:32:31.000  2592  3312 D NuPlayerDriver: start(0xf4d36180), state is 4, eos is 0
01-15 09:32:31.000  2592  3417 I GenericSource: start
01-15 09:32:31.000  2876  2876 W System  : ClassLoader referenced unknown path: /system/priv-app/Telecom/lib/arm64
01-15 09:32:31.010  3387  3387 D ADVR    : count  2
01-15 09:32:31.010  3387  3387 D ADVR    : SECONDRARY_STORAGE_DIRECTORY  /storage/emulated/0
01-15 09:32:31.010  2592  3446 E OMXNodeInstance: setConfig(31:google.vorbis.decoder, ConfigPriority(0x6f800002)) ERROR: Undefined(0x80001001)
01-15 09:32:31.010  2592  3446 I ACodec  : codec does not support config priority (err -2147483648)
01-15 09:32:31.020  3019  3019 D PhoneStatusBar: disable: < expand icons alerts system_info back home recent clock search quick_settings >
01-15 09:32:31.020  2592  3446 I MediaCodec: MediaCodec will operate in async mode
01-15 09:32:31.020  3422  3422 W System  : ClassLoader referenced unknown path: /system/priv-app/ContactsProvider/lib/arm64
01-15 09:32:31.020  2592  3443 W AudioSink: open AudioOutput, suggestedFrameCount:22050,framesPerBuffer:940,afFrameCount:1024
01-15 09:32:31.020  2592  3443 W AudioTrack: createTrack_l,mSampleRate:44100,output:2,mStreamType:-1
01-15 09:32:31.020  2592  3443 W AudioTrack: AudioTrack start, mSampleRate:44100, mFormat:1,mStreamType:-1,mState:1
01-15 09:32:31.020  3314  3314 I StatsUtilsManager: onCreate()
01-15 09:32:31.020  3314  3314 I PeriodicStatsRecorder: shouldRecordStats() = Disabled
01-15 09:32:31.030  2592  3417 D NuPlayerDriver: notifyListener_l(0xf4d36180), (6, 0, 0)
01-15 09:32:31.030  2592  3445 I NuPlayerDecoder: [audio] saw output EOS
01-15 09:32:31.040  3387  3387 D StorageReceiver: StorageReceiver intent: Intent { act=android.intent.action.MEDIA_MOUNTED dat=file:///storage/9E9C-15E3 flg=0x4000010 cmp=com.ts.fileexplorer/.StorageReceiver (has extras) }
01-15 09:32:31.040  2592  2930 E AudioFlinger: no wake lock to update!
01-15 09:32:31.040  2876  2876 I Telecom : Class: TelecomSystem.INSTANCE being set
01-15 09:32:31.040  2876  2876 W ContextImpl: Calling a method in the system process without a qualified user: android.app.ContextImpl.startService:1221 android.content.ContextWrapper.startService:581 com.android.server.telecom.components.TelecomService.initializeTelecomSystem:107 com.android.server.telecom.components.TelecomService.onBind:46 android.app.ActivityThread.handleBindService:2904 
01-15 09:32:31.050  2876  2876 W System  : ClassLoader referenced unknown path: /system/priv-app/FusedLocation/lib/arm64
01-15 09:32:31.060  3314  3452 W GooglePlayServicesUtil: Google Play services is missing.
01-15 09:32:31.060  3461  3461 I art     : Late-enabling -Xcheck:jni
01-15 09:32:31.060  2876  3346 I ActivityManager: Start proc 3461:com.fsck.k9.debug/u0a55 for broadcast com.fsck.k9.debug/com.fsck.k9.service.StorageReceiver
01-15 09:32:31.060  2876  2891 W PhoneWindowManager: Keyguard drawn timeout. Setting mKeyguardDrawComplete
01-15 09:32:31.070  3314  3314 W InputAttributes: No editor info for this field. Bug?
01-15 09:32:31.070  2876  2895 V PhoneWindowManager: finishPostLayoutPolicyLw: mHideKeyguard=false
01-15 09:32:31.070  2876  2876 V WiredAccessoryManager: init()
01-15 09:32:31.080  2876  2939 D NotificationSQLiteLog: Pruned event entries: 0
01-15 09:32:31.080  3314  3314 I Keyboard.Facilitator: resetDictionaries() : en_US
01-15 09:32:31.080  3314  3314 I Keyboard.Personal: create()
01-15 09:32:31.080  3314  3487 I Keyboard.Facilitator.DecoderInitializer: run()
01-15 09:32:31.080  2876  2876 V PhoneWindowManager: finishPostLayoutPolicyLw: mHideKeyguard=false
01-15 09:32:31.090  3314  3314 I StatsUtilsManager: onLoadSettings()
01-15 09:32:31.090  3314  3487 I Decoder : createOrResetDecoder
01-15 09:32:31.090  2449  2522 D PermissionCache: checking android.permission.HARDWARE_TEST for uid=1000 => granted (894 us)
01-15 09:32:31.090  3314  3487 W GooglePlayServicesUtil: Google Play services is missing.
01-15 09:32:31.090  3314  3487 W DecoderFlagGetter: Cannot get gconfig value, GMS not available
01-15 09:32:31.090  3314  3487 I Keyboard.Facilitator.MainLanguageModelLoader: run()
01-15 09:32:31.090  2876  2876 V PhoneWindowManager: finishPostLayoutPolicyLw: mHideKeyguard=false
01-15 09:32:31.100  3461  3461 W System  : ClassLoader referenced unknown path: /system/app/gitmail/lib/arm64
01-15 09:32:31.110  3314  3487 W GooglePlayServicesUtil: Google Play services is missing.
01-15 09:32:31.110  3314  3487 W MetadataUriGetter: Cannot get gconfig value, GMS not available
01-15 09:32:31.110  2592  2930 D AudioFlinger: mixer(0xf4ec0000) throttle end: throttle time(11)
01-15 09:32:31.110  2876  2890 I ActivityManager: Start proc 3490:com.android.music/u0a39 for broadcast com.android.music/.MediaButtonIntentReceiver
01-15 09:32:31.120  3019  3019 D PhoneStatusBar: heads up is enabled
01-15 09:32:31.130  3422  3422 W System  : ClassLoader referenced unknown path: /system/app/UserDictionaryProvider/lib/arm64
01-15 09:32:31.130  2876  2876 V BackupManagerService: Connected to transport ComponentInfo{android/com.android.internal.backup.LocalTransportService}
01-15 09:32:31.130  2876  2876 V BackupManagerService: Registering transport android/com.android.internal.backup.LocalTransportService::android/com.android.internal.backup.LocalTransport = android.app.backup.BackupTransport$TransportImpl@7632ac3
01-15 09:32:31.140  2876  2895 V PhoneWindowManager: finishPostLayoutPolicyLw: mHideKeyguard=false
01-15 09:32:31.140  2876  2895 V PhoneWindowManager: finishPostLayoutPolicyLw: mHideKeyguard=false
01-15 09:32:31.140  2876  2891 V PhoneWindowManager: mScreenOnEarly=true, mAwake=false, mCurrentAppOrientation=5, mOrientationSensorEnabled=false, mKeyguardDrawComplete=true, mWindowManagerDrawComplete=true
01-15 09:32:31.140  2876  2895 V PhoneWindowManager: finishPostLayoutPolicyLw: mHideKeyguard=false
01-15 09:32:31.150  3314  3487 I Keyboard.Facilitator.MainLanguageModelLoader: loadStaticLm() : Loading File = /system/app/LatinImeGoogle/LatinImeGoogle.apk (offset=5443132, length=4430832) with up to date LoudsLmContentVersion = 20160111
01-15 09:32:31.150  3314  3487 I Keyboard.Facilitator.DynamicLanguageModelLoader: run()
01-15 09:32:31.150  3314  3487 I Keyboard.Facilitator.DynamicLanguageModelLoader: run() : Loading LM = contacts
01-15 09:32:31.160  3019  3019 D ViewRootImpl: changeCanvasOpacity: opaque=true
01-15 09:32:31.160  2876  2876 V PhoneWindowManager: finishPostLayoutPolicyLw: mHideKeyguard=false
01-15 09:32:31.170  3314  3487 I Keyboard.Facilitator.DynamicLanguageModelLoader: run() : Missing File = Contacts.dict
01-15 09:32:31.170  3314  3487 I Keyboard.Facilitator.DynamicLanguageModelLoader: run() : Loading LM = history
01-15 09:32:31.170  2876  2876 I FusedLocation: engine started (com.android.location.fused)
01-15 09:32:31.170  3314  3487 I Keyboard.Facilitator.DynamicLanguageModelLoader: run() : Loaded File = UserHistory.en_US.dict
01-15 09:32:31.170  3314  3487 I Keyboard.Facilitator.DynamicLanguageModelLoader: run() : Loading LM = user
01-15 09:32:31.170  3490  3490 W System  : ClassLoader referenced unknown path: /system/app/Music/lib/arm64
01-15 09:32:31.170  3314  3487 I Keyboard.Facilitator.DynamicLanguageModelLoader: run() : Missing File = Personal.en_US.dict
01-15 09:32:31.170  3314  3487 I Keyboard.Facilitator.PersonalDictionaryLoader: run() : Loading Personal Dictionary
01-15 09:32:31.170  3314  3487 I Keyboard.Personal: open()
01-15 09:32:31.170  3314  3487 I Keyboard.Personal: loadPersonalDictionary() : Start Loading
01-15 09:32:31.200  3422  3481 I ContactLocale: AddressBook Labels [en-KR]: [, A, B, C, D, E, F, G, H, I, J, K, L, M, N, O, P, Q, R, S, T, U, V, W, X, Y, Z, , , , , , , , , , , , , , , , , , , , , , , , , , , , , , , , , , , , , , , , , , , , , , , , , , , , , , , , , , , , , , , , , , , , , , , , , , , , , , , , , , , , , , , , , , , , , , , , , , , , , , , , , , , , , , , , , , , , , , , , , , , , , , , , , , , , , , , , , , , , , , , , , , , , , , , , , , , , , , , , , , , , , , , , , , , , , , , , , , , , , , , , , , , #, ]
01-15 09:32:31.200  3314  3487 I Keyboard.Personal: loadPersonalDictionary() : Empty
01-15 09:32:31.200  3314  3487 I Keyboard.Personal: loadPersonalDictionary() : Loaded 0 words and 0 shortcuts
01-15 09:32:31.210  3314  3487 I Keyboard.Facilitator.Delight2FileSweeper: run()
01-15 09:32:31.210  3314  3487 I Keyboard.Facilitator.RecurringTaskScheduler: run()
01-15 09:32:31.210  3314  3487 I StatsUtilsManager: startPeriodStatsRecorder() : Success
01-15 09:32:31.210  3314  3487 W GooglePlayServicesUtil: Google Play services is missing.
01-15 09:32:31.210  3314  3487 I PeriodicStatsRecorder: shouldRecordStats() = Disabled
01-15 09:32:31.220  2876  3346 V PhoneWindowManager: finishPostLayoutPolicyLw: mHideKeyguard=false
01-15 09:32:31.230  2876  3354 I ActivityManager: Start proc 3520:com.android.smspush/u0a54 for service com.android.smspush/.WapPushManager
01-15 09:32:31.230  2876  3346 V PhoneWindowManager: finishPostLayoutPolicyLw: mHideKeyguard=false
01-15 09:32:31.250  2876  2876 V PhoneWindowManager: finishPostLayoutPolicyLw: mHideKeyguard=false
01-15 09:32:31.250  2876  2895 V PhoneWindowManager: finishPostLayoutPolicyLw: mHideKeyguard=false
01-15 09:32:31.250  2876  2895 V PhoneWindowManager: finishPostLayoutPolicyLw: mHideKeyguard=false
01-15 09:32:31.260  3019  3421 D libEGL  : loaded /vendor/lib64/egl/libGLES_mali.so
01-15 09:32:31.270  3019  3421 I OpenGLRenderer: Initialized EGL, version 1.4
01-15 09:32:31.270  3019  3421 D         : ro.exynos.dss isEnabled: 0
01-15 09:32:31.270  3461  3461 V DeviceIdleManager$RealD: Unregistering DeviceIdleReceiver
01-15 09:32:31.270  2449  2524 I SurfaceFlinger: Get property density 160.000000
01-15 09:32:31.270  3350  3552 D OpenGLRenderer: Use EGL_SWAP_BEHAVIOR_PRESERVED: true
01-15 09:32:31.270  3461  3461 I K9      : Registered: unmount receiver
01-15 09:32:31.270  3461  3461 I K9      : Registered: shutdown receiver
01-15 09:32:31.270  3520  3520 W System  : ClassLoader referenced unknown path: /system/app/WAPPushManager/lib/arm64
01-15 09:32:31.270  3019  3421 D mali_winsys: new_window_surface returns 0x3000,  [1280x26]-format:1
01-15 09:32:31.280  3334  3554 E DcSwitchStateMachine-0: DctController is not ready
01-15 09:32:31.280  3461  3461 V K9      : Initializing observer: com.fsck.k9.provider.MessageProvider$1@adb01aa
01-15 09:32:31.280  2876  2933 E ConnectivityService: Failed to find Messenger in unregisterNetworkFactory
01-15 09:32:31.280  2876  3340 V PhoneWindowManager: finishPostLayoutPolicyLw: mHideKeyguard=false
01-15 09:32:31.280  2876  2933 D ConnectivityService: Got NetworkFactory Messenger for Telephony
01-15 09:32:31.290  3461  3461 V MessageProvider: Registering content resolver notifier
01-15 09:32:31.290  3461  3461 D StrictMode: StrictMode policy violation; ~duration=82 ms: android.os.StrictMode$StrictModeDiskReadViolation: policy=65567 violation=2
01-15 09:32:31.290  3461  3461 D StrictMode: 	at android.os.StrictMode$AndroidBlockGuardPolicy.onReadFromDisk(StrictMode.java:1263)
01-15 09:32:31.290  3461  3461 D StrictMode: 	at android.app.SharedPreferencesImpl.awaitLoadedLocked(SharedPreferencesImpl.java:203)
01-15 09:32:31.290  3461  3461 D StrictMode: 	at android.app.SharedPreferencesImpl.getInt(SharedPreferencesImpl.java:241)
01-15 09:32:31.290  3461  3461 D StrictMode: 	at com.fsck.k9.K9.checkCachedDatabaseVersion(K9.java:666)
01-15 09:32:31.290  3461  3461 D StrictMode: 	at com.fsck.k9.K9.onCreate(K9.java:545)
01-15 09:32:31.290  3461  3461 D StrictMode: 	at android.app.Instrumentation.callApplicationOnCreate(Instrumentation.java:1013)
01-15 09:32:31.290  3461  3461 D StrictMode: 	at android.app.ActivityThread.handleBindApplication(ActivityThread.java:4707)
01-15 09:32:31.290  3461  3461 D StrictMode: 	at android.app.ActivityThread.-wrap1(ActivityThread.java)
01-15 09:32:31.290  3461  3461 D StrictMode: 	at android.app.ActivityThread$H.handleMessage(ActivityThread.java:1405)
01-15 09:32:31.290  3461  3461 D StrictMode: 	at android.os.Handler.dispatchMessage(Handler.java:102)
01-15 09:32:31.290  3461  3461 D StrictMode: 	at android.os.Looper.loop(Looper.java:148)
01-15 09:32:31.290  3461  3461 D StrictMode: 	at android.app.ActivityThread.main(ActivityThread.java:5417)
01-15 09:32:31.290  3461  3461 D StrictMode: 	at java.lang.reflect.Method.invoke(Native Method)
01-15 09:32:31.290  3461  3461 D StrictMode: 	at com.android.internal.os.ZygoteInit$MethodAndArgsCaller.run(ZygoteInit.java:726)
01-15 09:32:31.290  3461  3461 D StrictMode: 	at com.android.internal.os.ZygoteInit.main(ZygoteInit.java:616)
01-15 09:32:31.290  3461  3461 D StrictMode: StrictMode policy violation; ~duration=76 ms: android.os.StrictMode$StrictModeDiskReadViolation: policy=65567 violation=2
01-15 09:32:31.290  3461  3461 D StrictMode: 	at android.os.StrictMode$AndroidBlockGuardPolicy.onReadFromDisk(StrictMode.java:1263)
01-15 09:32:31.290  3461  3461 D StrictMode: 	at libcore.io.BlockGuardOs.stat(BlockGuardOs.java:292)
01-15 09:32:31.290  3461  3461 D StrictMode: 	at java.io.File.isDirectory(File.java:530)
01-15 09:32:31.290  3461  3461 D StrictMode: 	at android.app.ContextImpl.validateFilePath(ContextImpl.java:1931)
01-15 09:32:31.290  3461  3461 D StrictMode: 	at android.app.ContextImpl.openOrCreateDatabase(ContextImpl.java:566)
01-15 09:32:31.290  3461  3461 D StrictMode: 	at android.app.ContextImpl.openOrCreateDatabase(ContextImpl.java:560)
01-15 09:32:31.290  3461  3461 D StrictMode: 	at android.content.ContextWrapper.openOrCreateDatabase(ContextWrapper.java:263)
01-15 09:32:31.290  3461  3461 D StrictMode: 	at com.fsck.k9.preferences.Storage.openDB(Storage.java:42)
01-15 09:32:31.290  3461  3461 D StrictMode: 	at com.fsck.k9.preferences.Storage.loadValues(Storage.java:167)
01-15 09:32:31.290  3461  3461 D StrictMode: 	at com.fsck.k9.preferences.Storage.<init>(Storage.java:188)
01-15 09:32:31.290  3461  3461 D StrictMode: 	at com.fsck.k9.preferences.Storage.getStorage(Storage.java:149)
01-15 09:32:31.290  3461  3461 D StrictMode: 	at com.fsck.k9.Preferences.<init>(Preferences.java:41)
01-15 09:32:31.290  3461  3461 D StrictMode: 	at com.fsck.k9.Preferences.getPreferences(Preferences.java:28)
01-15 09:32:31.290  3461  3461 D StrictMode: 	at com.fsck.k9.K9.onCreate(K9.java:547)
01-15 09:32:31.290  3461  3461 D StrictMode: 	at android.app.Instrumentation.callApplicationOnCreate(Instrumentation.java:1013)
01-15 09:32:31.290  3461  3461 D StrictMode: 	at android.app.ActivityThread.handleBindApplication(ActivityThread.java:4707)
01-15 09:32:31.290  3461  3461 D StrictMode: 	at android.app.ActivityThread.-wrap1(ActivityThread.java)
01-15 09:32:31.290  3461  3461 D StrictMode: 	at android.app.ActivityThread$H.handleMessage(ActivityThread.java:1405)
01-15 09:32:31.290  3461  3461 D StrictMode: 	at android.os.Handler.dispatchMessage(Handler.java:102)
01-15 09:32:31.290  3461  3461 D StrictMode: 	at android.os.Looper.loop(Looper.java:148)
01-15 09:32:31.290  3461  3461 D StrictMode: 	at android.app.ActivityThread.main(ActivityThread.java:5417)
01-15 09:32:31.290  3461  3461 D StrictMode: 	at java.lang.reflect.Method.invoke(Native Method)
01-15 09:32:31.290  3461  3461 D StrictMode: 	at com.android.internal.os.ZygoteInit$MethodAndArgsCaller.run(ZygoteInit.java:726)
01-15 09:32:31.290  3461  3461 D StrictMode: 	at com.android.internal.os.ZygoteInit.main(ZygoteInit.java:616)
01-15 09:32:31.290  3461  3461 D StrictMode: StrictMode policy violation; ~duration=73 ms: android.os.StrictMode$StrictModeDiskReadViolation: policy=65567 violation=2
01-15 09:32:31.290  3461  3461 D StrictMode: 	at android.os.StrictMode$AndroidBlockGuardPolicy.onReadFromDisk(StrictMode.java:1263)
01-15 09:32:31.290  3461  3461 D StrictMode: 	at libcore.io.BlockGuardOs.statvfs(BlockGuardOs.java:297)
01-15 09:32:31.290  3461  3461 D StrictMode: 	at android.system.Os.statvfs(Os.java:500)
01-15 09:32:31.290  3461  3461 D StrictMode: 	at android.os.StatFs.doStat(StatFs.java:44)
01-15 09:32:31.290  3461  3461 D StrictMode: 	at android.os.StatFs.<init>(StatFs.java:39)
01-15 09:32:31.290  3461  3461 D StrictMode: 	at android.database.sqlite.SQLiteGlobal.getDefaultPageSize(SQLiteGlobal.java:64)
01-15 09:32:31.290  3461  3461 D StrictMode: 	at android.database.sqlite.SQLiteConnection.setPageSize(SQLiteConnection.java:248)
01-15 09:32:31.290  3461  3461 D StrictMode: 	at android.database.sqlite.SQLiteConnection.open(SQLiteConnection.java:211)
01-15 09:32:31.290  3461  3461 D StrictMode: 	at android.database.sqlite.SQLiteConnection.open(SQLiteConnection.java:191)
01-15 09:32:31.290  3461  3461 D StrictMode: 	at android.database.sqlite.SQLiteConnectionPool.openConnectionLocked(SQLiteConnectionPool.java:463)
01-15 09:32:31.290  3461  3461 D StrictMode: 	at android.database.sqlite.SQLiteConnectionPool.open(SQLiteConnectionPool.java:185)
01-15 09:32:31.290  3461  3461 D StrictMode: 	at android.database.sqlite.SQLiteConnectionPool.open(SQLiteConnectionPool.java:177)
01-15 09:32:31.290  3461  3461 D StrictMode: 	at android.database.sqlite.SQLiteDatabase.openInner(SQLiteDatabase.java:806)
01-15 09:32:31.290  3461  3461 D StrictMode: 	at android.database.sqlite.SQLiteDatabase.open(SQLiteDatabase.java:791)
01-15 09:32:31.290  3461  3461 D StrictMode: 	at android.database.sqlite.SQLiteDatabase.openDatabase(SQLiteDatabase.java:694)
01-15 09:32:31.290  3461  3461 D StrictMode: 	at android.app.ContextImpl.openOrCreateDatabase(ContextImpl.java:571)
01-15 09:32:31.290  3461  3461 D StrictMode: 	at android.app.ContextImpl.openOrCreateDatabase(ContextImpl.java:560)
01-15 09:32:31.290  3461  3461 D StrictMode: 	at android.content.ContextWrapper.openOrCreateDatabase(ContextWrapper.java:263)
01-15 09:32:31.290  3461  3461 D StrictMode: 	at com.fsck.k9.preferences.Storage.openDB(Storage.java:42)
01-15 09:32:31.290  3461  3461 D StrictMode: 	at com.fsck.k9.preferences.Storage.loadValues(Storage.java:167)
01-15 09:32:31.290  3461  3461 D StrictMode: 	at com.fsck.k9.preferences.Storage.<init>(Storage.java:188)
01-15 09:32:31.290  3461  3461 D StrictMode: 	at com.fsck.k9.preferences.Storage.getStorage(Storage.java:149)
01-15 09:32:31.290  3461  3461 D StrictMode: 	at com.fsck.k9.Preferences.<init>(Preferences.java:41)
01-15 09:32:31.290  3461  3461 D StrictMode: 	at com.fsck.k9.Preferences.getPreferences(Preferences.java:28)
01-15 09:32:31.290  3461  3461 D StrictMode: 	at com.fsck.k9.K9.onCreate(K9.java:547)
01-15 09:32:31.290  3461  3461 D StrictMode: 	at android.app.Instrumentation.callApplicationOnCreate(Instrumentation.java:1013)
01-15 09:32:31.290  3461  3461 D StrictMode: 	at android.app.ActivityThread.handleBindApplication(ActivityThread.java:4707)
01-15 09:32:31.290  3461  3461 D StrictMode: 	at android.app.ActivityThread.-wrap1(ActivityThread.java)
01-15 09:32:31.290  3461  3461 D StrictMode: 	at android.app.ActivityThread$H.handleMessage(ActivityThread.java:1405)
01-15 09:32:31.290  3461  3461 D StrictMode: 	at android.os.Handler.dispatchMessage(Handler.java:102)
01-15 09:32:31.290  3461  3461 D StrictMode: 	at android.os.Looper.loop(Looper.java:148)
01-15 09:32:31.290  3461  3461 D StrictMode: 	at android.app.ActivityThread.main(ActivityThread.java:5417)
01-15 09:32:31.290  3461  3461 D StrictMode: 	at java.lang.reflect.Method.invoke(Native Method)
01-15 09:32:31.290  3461  3461 D StrictMode: 	at com.android.internal.os.ZygoteInit$MethodAndArgsCaller.run(ZygoteInit.java:726)
01-15 09:32:31.290  3461  3461 D StrictMode: 	at com.android.internal.os.ZygoteInit.main(ZygoteInit.java:616)
01-15 09:32:31.290  3461  3461 D StrictMode: StrictMode policy violation; ~duration=73 ms: android.os.StrictMode$StrictModeDiskReadViolation: policy=65567 violation=2
01-15 09:32:31.290  3461  3461 D StrictMode: 	at android.os.StrictMode$AndroidBlockGuardPolicy.onReadFromDisk(StrictMode.java:1263)
01-15 09:32:31.290  3461  3461 D StrictMode: 	at android.database.sqlite.SQLiteConnection.applyBlockGuardPolicy(SQLiteConnection.java:1039)
01-15 09:32:31.290  3461  3461 D StrictMode: 	at android.database.sqlite.SQLiteConnection.executeForLong(SQLiteConnection.java:593)
01-15 09:32:31.290  3461  3461 D StrictMode: 	at android.database.sqlite.SQLiteConnection.setPageSize(SQLiteConnection.java:249)
01-15 09:32:31.290  3461  3461 D StrictMode: 	at android.database.sqlite.SQLiteConnection.open(SQLiteConnection.java:211)
01-15 09:32:31.290  3461  3461 D StrictMode: 	at android.database.sqlite.SQLiteConnection.open(SQLiteConnection.java:191)
01-15 09:32:31.290  3461  3461 D StrictMode: 	at android.database.sqlite.SQLiteConnectionPool.openConnectionLocked(SQLiteConnectionPool.java:463)
01-15 09:32:31.290  3461  3461 D StrictMode: 	at android.database.sqlite.SQLiteConnectionPool.open(SQLiteConnectionPool.java:185)
01-15 09:32:31.290  3461  3461 D StrictMode: 	at android.database.sqlite.SQLiteConnectionPool.open(SQLiteConnectionPool.java:177)
01-15 09:32:31.290  3461  3461 D StrictMode: 	at android.database.sqlite.SQLiteDatabase.openInner(SQLiteDatabase.java:806)
01-15 09:32:31.290  3461  3461 D StrictMode: 	at android.database.sqlite.SQLiteDatabase.open(SQLiteDatabase.java:791)
01-15 09:32:31.290  3461  3461 D StrictMode: 	at android.database.sqlite.SQLiteDatabase.openDatabase(SQLiteDatabase.java:694)
01-15 09:32:31.290  3461  3461 D StrictMode: 	at android.app.ContextImpl.openOrCreateDatabase(ContextImpl.java:571)
01-15 09:32:31.290  3461  3461 D StrictMode: 	at android.app.ContextImpl.openOrCreateDatabase(ContextImpl.java:560)
01-15 09:32:31.290  3461  3461 D StrictMode: 	at android.content.ContextWrapper.openOrCreateDatabase(ContextWrapper.java:263)
01-15 09:32:31.290  3461  3461 D StrictMode: 	at com.fsck.k9.preferences.Storage.openDB(Storage.java:42)
01-15 09:32:31.290  3461  3461 D StrictMode: 	at com.fsck.k9.preferences.Storage.loadValues(Storage.java:167)
01-15 09:32:31.290  3461  3461 D StrictMode: 	at com.fsck.k9.preferences.Storage.<init>(Storage.java:188)
01-15 09:32:31.290  3461  3461 D StrictMode: 	at com.fsck.k9.preferences.Storage.getStorage(Storage.java:149)
01-15 09:32:31.290  3461  3461 D StrictMode: 	at com.fsck.k9.Preferences.<init>(Preferences.java:41)
01-15 09:32:31.290  3461  3461 D StrictMode: 	at com.fsck.k9.Preferences.getPreferences(Preferences.java:28)
01-15 09:32:31.290  3461  3461 D StrictMode: 	at com.fsck.k9.K9.onCreate(K9.java:547)
01-15 09:32:31.290  3461  3461 D StrictMode: 	at android.app.Instrumentation.callApplicationOnCreate(Instrumentation.java:1013)
01-15 09:32:31.290  3461  3461 D StrictMode: 	at android.app.ActivityThread.handleBindApplication(ActivityThread.java:4707)
01-15 09:32:31.290  3461  3461 D StrictMode: 	at android.app.ActivityThread.-wrap1(ActivityThread.java)
01-15 09:32:31.290  3461  3461 D StrictMode: 	at android.app.ActivityThread$H.handleMessage(ActivityThread.java:1405)
01-15 09:32:31.290  3461  3461 D StrictMode: 	at android.os.Handler.dispatchMessage(Handler.java:102)
01-15 09:32:31.290  3461  3461 D StrictMode: 	at android.os.Looper.loop(Looper.java:148)
01-15 09:32:31.290  3461  3461 D StrictMode: 	at android.app.ActivityThread.main(ActivityThread.java:5417)
01-15 09:32:31.290  3461  3461 D StrictMode: 	at java.lang.reflect.Method.invoke(Native Method)
01-15 09:32:31.290  3461  3461 D StrictMode: 	at com.android.internal.os.ZygoteInit$MethodAndArgsCaller.run(ZygoteInit.java:726)
01-15 09:32:31.290  3461  3461 D StrictMode: 	at com.android.internal.os.ZygoteInit.main(ZygoteInit.java:616)
01-15 09:32:31.290  3461  3461 D StrictMode: StrictMode policy violation; ~duration=72 ms: android.os.StrictMode$StrictModeDiskReadViolation: policy=65567 violation=2
01-15 09:32:31.290  3461  3461 D StrictMode: 	at android.os.StrictMode$AndroidBlockGuardPolicy.onReadFromDisk(StrictMode.java:1263)
01-15 09:32:31.290  3461  3461 D StrictMode: 	at android.database.sqlite.SQLiteConnection.applyBlockGuardPolicy(SQLiteConnection.java:1039)
01-15 09:32:31.290  3461  3461 D StrictMode: 	at android.database.sqlite.SQLiteConnection.executeForLong(SQLiteConnection.java:593)
01-15 09:32:31.290  3461  3461 D StrictMode: 	at android.database.sqlite.SQLiteConnection.setForeignKeyModeFromConfiguration(SQLiteConnection.java:279)
01-15 09:32:31.290  3461  3461 D StrictMode: 	at android.database.sqlite.SQLiteConnection.open(SQLiteConnection.java:212)
01-15 09:32:31.290  3461  3461 D StrictMode: 	at android.database.sqlite.SQLiteConnection.open(SQLiteConnection.java:191)
01-15 09:32:31.290  3461  3461 D StrictMode: 	at android.database.sqlite.SQLiteConnectionPool.openConnectionLocked(SQLiteConnectionPool.java:463)
01-15 09:32:31.290  3461  3461 D StrictMode: 	at android.database.sqlite.SQLiteConnectionPool.open(SQLiteConnectionPool.java:185)
01-15 09:32:31.290  3461  3461 D StrictMode: 	at android.database.sqlite.SQLiteConnectionPool.open(SQLiteConnectionPool.java:177)
01-15 09:32:31.290  3461  3461 D StrictMode: 	at android.database.sqlite.SQLiteDatabase.openInner(SQLiteDatabase.java:806)
01-15 09:32:31.290  3461  3461 D StrictMode: 	at android.database.sqlite.SQLiteDatabase.open(SQLiteDatabase.java:791)
01-15 09:32:31.290  3461  3461 D StrictMode: 	at android.database.sqlite.SQLiteDatabase.openDatabase(SQLiteDatabase.java:694)
01-15 09:32:31.290  3461  3461 D StrictMode: 	at android.app.ContextImpl.openOrCreateDatabase(ContextImpl.java:571)
01-15 09:32:31.290  3461  3461 D StrictMode: 	at android.app.ContextImpl.openOrCreateDatabase(ContextImpl.java:560)
01-15 09:32:31.290  3461  3461 D StrictMode: 	at android.content.ContextWrapper.openOrCreateDatabase(ContextWrapper.java:263)
01-15 09:32:31.290  3461  3461 D StrictMode: 	at com.fsck.k9.preferences.Storage.openDB(Storage.java:42)
01-15 09:32:31.290  3461  3461 D StrictMode: 	at com.fsck.k9.preferences.Storage.loadValues(Storage.java:167)
01-15 09:32:31.290  3461  3461 D StrictMode: 	at com.fsck.k9.preferences.Storage.<init>(Storage.java:188)
01-15 09:32:31.290  3461  3461 D StrictMode: 	at com.fsck.k9.preferences.Storage.getStorage(Storage.java:149)
01-15 09:32:31.290  3461  3461 D StrictMode: 	at com.fsck.k9.Preferences.<init>(Preferences.java:41)
01-15 09:32:31.290  3461  3461 D StrictMode: 	at com.fsck.k9.Preferences.getPreferences(Preferences.java:28)
01-15 09:32:31.290  3461  3461 D StrictMode: 	at com.fsck.k9.K9.onCreate(K9.java:547)
01-15 09:32:31.290  3461  3461 D StrictMode: 	at android.app.Instrumentation.callApplicationOnCreate(Instrumentation.java:1013)
01-15 09:32:31.290  3461  3461 D StrictMode: 	at android.app.ActivityThread.handleBindApplication(ActivityThread.java:4707)
01-15 09:32:31.290  3461  3461 D StrictMode: 	at android.app.ActivityThread.-wrap1(ActivityThread.java)
01-15 09:32:31.290  3461  3461 D StrictMode: 	at android.app.ActivityThread$H.handleMessage(ActivityThread.java:1405)
01-15 09:32:31.290  3461  3461 D StrictMode: 	at android.os.Handler.dispatchMessage(Handler.java:102)
01-15 09:32:31.290  3461  3461 D StrictMode: 	at android.os.Looper.loop(Looper.java:148)
01-15 09:32:31.290  3461  3461 D StrictMode: 	at android.app.ActivityThread.main(ActivityThread.java:5417)
01-15 09:32:31.290  3461  3461 D StrictMode: 	at java.lang.reflect.Method.invoke(Native Method)
01-15 09:32:31.290  3461  3461 D StrictMode: 	at com.android.internal.os.ZygoteInit$MethodAndArgsCaller.run(ZygoteInit.java:726)
01-15 09:32:31.290  3461  3461 D StrictMode: 	at com.android.internal.os.ZygoteInit.main(ZygoteInit.java:616)
01-15 09:32:31.290  3461  3461 D StrictMode: StrictMode policy violation; ~duration=70 ms: android.os.StrictMode$StrictModeDiskWriteViolation: policy=65567 violation=1
01-15 09:32:31.290  3461  3461 D StrictMode: 	at android.os.StrictMode$AndroidBlockGuardPolicy.onWriteToDisk(StrictMode.java:1223)
01-15 09:32:31.290  3461  3461 D StrictMode: 	at android.database.sqlite.SQLiteConnection.applyBlockGuardPolicy(SQLiteConnection.java:1041)
01-15 09:32:31.290  3461  3461 D StrictMode: 	at android.database.sqlite.SQLiteConnection.executeForString(SQLiteConnection.java:636)
01-15 09:32:31.290  3461  3461 D StrictMode: 	at android.database.sqlite.SQLiteConnection.setJournalMode(SQLiteConnection.java:318)
01-15 09:32:31.290  3461  3461 D StrictMode: 	at android.database.sqlite.SQLiteConnection.setWalModeFromConfiguration(SQLiteConnection.java:292)
01-15 09:32:31.290  3461  3461 D StrictMode: 	at android.database.sqlite.SQLiteConnection.open(SQLiteConnection.java:213)
01-15 09:32:31.290  3461  3461 D StrictMode: 	at android.database.sqlite.SQLiteConnection.open(SQLiteConnection.java:191)
01-15 09:32:31.290  3461  3461 D StrictMode: 	at android.database.sqlite.SQLiteConnectionPool.openConnectionLocked(SQLiteConnectionPool.java:463)
01-15 09:32:31.290  3461  3461 D StrictMode: 	at android.database.sqlite.SQLiteConnectionPool.open(SQLiteConnectionPool.java:185)
01-15 09:32:31.290  3461  3461 D StrictMode: 	at android.database.sqlite.SQLiteConnectionPool.open(SQLiteConnectionPool.java:177)
01-15 09:32:31.290  3461  3461 D StrictMode: 	at android.database.sqlite.SQLiteDatabase.openInner(SQLiteDatabase.java:806)
01-15 09:32:31.290  3461  3461 D StrictMode: 	at android.database.sqlite.SQLiteDatabase.open(SQLiteDatabase.java:791)
01-15 09:32:31.290  3461  3461 D StrictMode: 	at android.database.sqlite.SQLiteDatabase.openDatabase(SQLiteDatabase.java:694)
01-15 09:32:31.290  3461  3461 D StrictMode: 	at android.app.ContextImpl.openOrCreateDatabase(ContextImpl.java:571)
01-15 09:32:31.290  3461  3461 D StrictMode: 	at android.app.ContextImpl.openOrCreateDatabase(ContextImpl.java:560)
01-15 09:32:31.290  3461  3461 D StrictMode: 	at android.content.ContextWrapper.openOrCreateDatabase(ContextWrapper.java:263)
01-15 09:32:31.290  3461  3461 D StrictMode: 	at com.fsck.k9.preferences.Storage.openDB(Storage.java:42)
01-15 09:32:31.290  3461  3461 D StrictMode: 	at com.fsck.k9.preferences.Storage.loadValues(Storage.java:167)
01-15 09:32:31.290  3461  3461 D StrictMode: 	at com.fsck.k9.preferences.Storage.<init>(Storage.java:188)
01-15 09:32:31.290  3461  3461 D StrictMode: 	at com.fsck.k9.preferences.Storage.getStorage(Storage.java:149)
01-15 09:32:31.290  3461  3461 D StrictMode: 	at com.fsck.k9.Preferences.<init>(Preferences.java:41)
01-15 09:32:31.290  3461  3461 D StrictMode: 	at com.fsck.k9.Preferences.getPreferences(Preferences.java:28)
01-15 09:32:31.290  3461  3461 D StrictMode: 	at com.fsck.k9.K9.onCreate(K9.java:547)
01-15 09:32:31.290  3461  3461 D StrictMode: 	at android.app.Instrumentation.callApplicationOnCreate(Instrumentation.java:1013)
01-15 09:32:31.290  3461  3461 D StrictMode: 	at android.app.ActivityThread.handleBindApplication(ActivityThread.java:4707)
01-15 09:32:31.290  3461  3461 D StrictMode: 	at android.app.ActivityThread.-wrap1(ActivityThread.java)
01-15 09:32:31.290  3461  3461 D StrictMode: 	at android.app.ActivityThread$H.handleMessage(ActivityThread.java:1405)
01-15 09:32:31.290  3461  3461 D StrictMode: 	at android.os.Handler.dispatchMessage(Handler.java:102)
01-15 09:32:31.290  3461  3461 D StrictMode: 	at android.os.Looper.loop(Looper.java:148)
01-15 09:32:31.290  3461  3461 D StrictMode: 	at android.app.ActivityThread.main(ActivityThread.java:5417)
01-15 09:32:31.290  3461  3461 D StrictMode: 	at java.lang.reflect.Method.invoke(Native Method)
01-15 09:32:31.290  3461  3461 D StrictMode: 	at com.android.internal.os.ZygoteInit$MethodAndArgsCaller.run(ZygoteInit.java:726)
01-15 09:32:31.290  3461  3461 D StrictMode: 	at com.android.internal.os.ZygoteInit.main(ZygoteInit.java:616)
01-15 09:32:31.290  3461  3461 D StrictMode: StrictMode policy violation; ~duration=70 ms: android.os.StrictMode$StrictModeDiskWriteViolation: policy=65567 violation=1
01-15 09:32:31.290  3461  3461 D StrictMode: 	at android.os.StrictMode$AndroidBlockGuardPolicy.onWriteToDisk(StrictMode.java:1223)
01-15 09:32:31.290  3461  3461 D StrictMode: 	at android.database.sqlite.SQLiteConnection.applyBlockGuardPolicy(SQLiteConnection.java:1041)
01-15 09:32:31.290  3461  3461 D StrictMode: 	at android.database.sqlite.SQLiteConnection.executeForString(SQLiteConnection.java:636)
01-15 09:32:31.290  3461  3461 D StrictMode: 	at android.database.sqlite.SQLiteConnection.setJournalMode(SQLiteConnection.java:321)
01-15 09:32:31.290  3461  3461 D StrictMode: 	at android.database.sqlite.SQLiteConnection.setWalModeFromConfiguration(SQLiteConnection.java:292)
01-15 09:32:31.290  3461  3461 D StrictMode: 	at android.database.sqlite.SQLiteConnection.open(SQLiteConnection.java:213)
01-15 09:32:31.290  3461  3461 D StrictMode: 	at android.database.sqlite.SQLiteConnection.open(SQLiteConnection.java:191)
01-15 09:32:31.290  3461  3461 D StrictMode: 	at android.database.sqlite.SQLiteConnectionPool.openConnectionLocked(SQLiteConnectionPool.java:463)
01-15 09:32:31.290  3461  3461 D StrictMode: 	at android.database.sqlite.SQLiteConnectionPool.open(SQLiteConnectionPool.java:185)
01-15 09:32:31.290  3461  3461 D StrictMode: 	at android.database.sqlite.SQLiteConnectionPool.open(SQLiteConnectionPool.java:177)
01-15 09:32:31.290  3461  3461 D StrictMode: 	at android.database.sqlite.SQLiteDatabase.openInner(SQLiteDatabase.java:806)
01-15 09:32:31.290  3461  3461 D StrictMode: 	at android.database.sqlite.SQLiteDatabase.open(SQLiteDatabase.java:791)
01-15 09:32:31.290  3461  3461 D StrictMode: 	at android.database.sqlite.SQLiteDatabase.openDatabase(SQLiteDatabase.java:694)
01-15 09:32:31.290  3461  3461 D StrictMode: 	at android.app.ContextImpl.openOrCreateDatabase(ContextImpl.java:571)
01-15 09:32:31.290  3461  3461 D StrictMode: 	at android.app.ContextImpl.openOrCreateDatabase(ContextImpl.java:560)
01-15 09:32:31.290  3461  3461 D StrictMode: 	at android.content.ContextWrapper.openOrCreateDatabase(ContextWrapper.java:263)
01-15 09:32:31.290  3461  3461 D StrictMode: 	at com.fsck.k9.preferences.Storage.openDB(Storage.java:42)
01-15 09:32:31.290  3461  3461 D StrictMode: 	at com.fsck.k9.preferences.Storage.loadValues(Storage.java:167)
01-15 09:32:31.290  3461  3461 D StrictMode: 	at com.fsck.k9.preferences.Storage.<init>(Storage.java:188)
01-15 09:32:31.290  3461  3461 D StrictMode: 	at com.fsck.k9.preferences.Storage.getStorage(Storage.java:149)
01-15 09:32:31.290  3461  3461 D StrictMode: 	at com.fsck.k9.Preferences.<init>(Preferences.java:41)
01-15 09:32:31.290  3461  3461 D StrictMode: 	at com.fsck.k9.Preferences.getPreferences(Preferences.java:28)
01-15 09:32:31.290  3461  3461 D StrictMode: 	at com.fsck.k9.K9.onCreate(K9.java:547)
01-15 09:32:31.290  3461  3461 D StrictMode: 	at android.app.Instrumentation.callApplicationOnCreate(Instrumentation.java:1013)
01-15 09:32:31.290  3461  3461 D StrictMode: 	at android.app.ActivityThread.handleBindApplication(ActivityThread.java:4707)
01-15 09:32:31.290  3461  3461 D StrictMode: 	at android.app.ActivityThread.-wrap1(ActivityThread.java)
01-15 09:32:31.290  3461  3461 D StrictMode: 	at android.app.ActivityThread$H.handleMessage(ActivityThread.java:1405)
01-15 09:32:31.290  3461  3461 D StrictMode: 	at android.os.Handler.dispatchMessage(Handler.java:102)
01-15 09:32:31.290  3461  3461 D StrictMode: 	at android.os.Looper.loop(Looper.java:148)
01-15 09:32:31.290  3461  3461 D StrictMode: 	at android.app.ActivityThread.main(ActivityThread.java:5417)
01-15 09:32:31.290  3461  3461 D StrictMode: 	at java.lang.reflect.Method.invoke(Native Method)
01-15 09:32:31.290  3461  3461 D StrictMode: 	at com.android.internal.os.ZygoteInit$MethodAndArgsCaller.run(ZygoteInit.java:726)
01-15 09:32:31.290  3461  3461 D StrictMode: 	at com.android.internal.os.ZygoteInit.main(ZygoteInit.java:616)
01-15 09:32:31.290  3461  3461 D StrictMode: StrictMode policy violation; ~duration=69 ms: android.os.StrictMode$StrictModeDiskReadViolation: policy=65567 violation=2
01-15 09:32:31.290  3461  3461 D StrictMode: 	at android.os.StrictMode$AndroidBlockGuardPolicy.onReadFromDisk(StrictMode.java:1263)
