01-15 09:32:31.290  3461  3461 D StrictMode: 	at android.database.sqlite.SQLiteConnection.applyBlockGuardPolicy(SQLiteConnection.java:1039)
01-15 09:32:31.290  3461  3461 D StrictMode: 	at android.database.sqlite.SQLiteConnection.executeForString(SQLiteConnection.java:636)
01-15 09:32:31.290  3461  3461 D StrictMode: 	at android.database.sqlite.SQLiteConnection.setSyncMode(SQLiteConnection.java:299)
01-15 09:32:31.290  3461  3461 D StrictMode: 	at android.database.sqlite.SQLiteConnection.setWalModeFromConfiguration(SQLiteConnection.java:293)
01-15 09:32:31.290  3461  3461 D StrictMode: 	at android.database.sqlite.SQLiteConnection.open(SQLiteConnection.java:213)
01-15 09:32:31.290  3461  3461 D StrictMode: 	at android.database.sqlite.SQLiteConnection.open(SQLiteConnection.java:191)
01-15 09:32:31.290  3461  3461 D StrictMode: 	at android.database.sqlite.SQLiteConnectionPool.openConnectionLocked(SQLiteConnectionPool.java:463)
01-15 09:32:31.290  3461  3461 D StrictMode: 	at android.database.sqlite.SQLiteConnectionPool.open(SQLiteConnectionPool.java:185)
01-15 09:32:31.290  3461  3461 D StrictMode: 	at android.database.sqlite.SQLiteConnectionPool.open(SQLiteConnectionPool.java:177)
01-15 09:32:31.290  3461  3461 D StrictMode: 	at android.database.sqlite.SQLiteDatabase.openInner(SQLiteDatabase.java:806)
01-15 09:32:31.290  3461  3461 D StrictMode: 	at android.database.sqlite.SQLiteDatabase.open(SQLiteDatabase.java:791)
01-15 09:32:31.290  3461  3461 D StrictMode: 	at android.database.sqlite.SQLiteDatabase.openDatabase(SQLiteDatabase.java:694)
01-15 09:32:31.290  3461  3461 D StrictMode: 	at android.app.ContextImpl.openOrCreateDatabase(ContextImpl.java:571)
01-15 09:32:31.290  3461  3461 D StrictMode: 	at android.app.ContextImpl.openOrCreateDatabase(ContextImpl.java:560)
01-15 09:32:31.290  3461  3461 D StrictMode: 	at android.content.ContextWrapper.openOrCreateDatabase(ContextWrapper.java:263)
01-15 09:32:31.290  3461  3461 D StrictMode: 	at com.fsck.k9.preferences.Storage.openDB(Storage.java:42)
01-15 09:32:31.290  3461  3461 D StrictMode: 	at com.fsck.k9.preferences.Storage.loadValues(Storage.java:167)
01-15 09:32:31.290  3461  3461 D StrictMode: 	at com.fsck.k9.preferences.Storage.<init>(Storage.java:188)
01-15 09:32:31.290  3461  3461 D StrictMode: 	at com.fsck.k9.preferences.Storage.getStorage(Storage.java:149)
01-15 09:32:31.290  3461  3461 D StrictMode: 	at com.fsck.k9.Preferences.<init>(Preferences.java:41)
01-15 09:32:31.290  3461  3461 D StrictMode: 	at com.fsck.k9.Preferences.getPreferences(Preferences.java:28)
01-15 09:32:31.290  3461  3461 D StrictMode: 	at com.fsck.k9.K9.onCreate(K9.java:547)
01-15 09:32:31.290  3461  3461 D StrictMode: 	at android.app.Instrumentation.callApplicationOnCreate(Instrumentation.java:1013)
01-15 09:32:31.290  3461  3461 D StrictMode: 	at android.app.ActivityThread.handleBindApplication(ActivityThread.java:4707)
01-15 09:32:31.290  3461  3461 D StrictMode: 	at android.app.ActivityThread.-wrap1(ActivityThread.java)
01-15 09:32:31.290  3461  3461 D StrictMode: 	at android.app.ActivityThread$H.handleMessage(ActivityThread.java:1405)
01-15 09:32:31.290  3461  3461 D StrictMode: 	at android.os.Handler.dispatchMessage(Handler.java:102)
01-15 09:32:31.290  3461  3461 D StrictMode: 	at android.os.Looper.loop(Looper.java:148)
01-15 09:32:31.290  3461  3461 D StrictMode: 	at android.app.ActivityThread.main(ActivityThread.java:5417)
01-15 09:32:31.290  3461  3461 D StrictMode: 	at java.lang.reflect.Method.invoke(Native Method)
01-15 09:32:31.290  3461  3461 D StrictMode: 	at com.android.internal.os.ZygoteInit$MethodAndArgsCaller.run(ZygoteInit.java:726)
01-15 09:32:31.290  3461  3461 D StrictMode: 	at com.android.internal.os.ZygoteInit.main(ZygoteInit.java:616)
01-15 09:32:31.290  3461  3461 D StrictMode: StrictMode policy violation; ~duration=69 ms: android.os.StrictMode$StrictModeDiskReadViolation: policy=65567 violation=2
01-15 09:32:31.290  3461  3461 D StrictMode: 	at android.os.StrictMode$AndroidBlockGuardPolicy.onReadFromDisk(StrictMode.java:1263)
01-15 09:32:31.290  3461  3461 D StrictMode: 	at android.database.sqlite.SQLiteConnection.applyBlockGuardPolicy(SQLiteConnection.java:1039)
01-15 09:32:31.290  3461  3461 D StrictMode: 	at android.database.sqlite.SQLiteConnection.executeForLong(SQLiteConnection.java:593)
01-15 09:32:31.290  3461  3461 D StrictMode: 	at android.database.sqlite.SQLiteConnection.setJournalSizeLimit(SQLiteConnection.java:269)
01-15 09:32:31.290  3461  3461 D StrictMode: 	at android.database.sqlite.SQLiteConnection.open(SQLiteConnection.java:214)
01-15 09:32:31.290  3461  3461 D StrictMode: 	at android.database.sqlite.SQLiteConnection.open(SQLiteConnection.java:191)
01-15 09:32:31.290  3461  3461 D StrictMode: 	at android.database.sqlite.SQLiteConnectionPool.openConnectionLocked(SQLiteConnectionPool.java:463)
01-15 09:32:31.290  3461  3461 D StrictMode: 	at android.database.sqlite.SQLiteConnectionPool.open(SQLiteConnectionPool.java:185)
01-15 09:32:31.290  3461  3461 D StrictMode: 	at android.database.sqlite.SQLiteConnectionPool.open(SQLiteConnectionPool.java:177)
01-15 09:32:31.290  3461  3461 D StrictMode: 	at android.database.sqlite.SQLiteDatabase.openInner(SQLiteDatabase.java:806)
01-15 09:32:31.290  3461  3461 D StrictMode: 	at android.database.sqlite.SQLiteDatabase.open(SQLiteDatabase.java:791)
01-15 09:32:31.290  3461  3461 D StrictMode: 	at android.database.sqlite.SQLiteDatabase.openDatabase(SQLiteDatabase.java:694)
01-15 09:32:31.290  3461  3461 D StrictMode: 	at android.app.ContextImpl.openOrCreateDatabase(ContextImpl.java:571)
01-15 09:32:31.290  3461  3461 D StrictMode: 	at android.app.ContextImpl.openOrCreateDatabase(ContextImpl.java:560)
01-15 09:32:31.290  3461  3461 D StrictMode: 	at android.content.ContextWrapper.openOrCreateDatabase(ContextWrapper.java:263)
01-15 09:32:31.290  3461  3461 D StrictMode: 	at com.fsck.k9.preferences.Storage.openDB(Storage.java:42)
01-15 09:32:31.290  3461  3461 D StrictMode: 	at com.fsck.k9.preferences.Storage.loadValues(Storage.java:167)
01-15 09:32:31.290  3461  3461 D StrictMode: 	at com.fsck.k9.preferences.Storage.<init>(Storage.java:188)
01-15 09:32:31.290  3461  3461 D StrictMode: 	at com.fsck.k9.preferences.Storage.getStorage(Storage.java:149)
01-15 09:32:31.290  3461  3461 D StrictMode: 	at com.fsck.k9.Preferences.<init>(Preferences.java:41)
01-15 09:32:31.290  3461  3461 D StrictMode: 	at com.fsck.k9.Preferences.getPreferences(Preferences.java:28)
01-15 09:32:31.290  3461  3461 D StrictMode: 	at com.fsck.k9.K9.onCreate(K9.java:547)
01-15 09:32:31.290  3461  3461 D StrictMode: 	at android.app.Instrumentation.callApplicationOnCreate(Instrumentation.java:1013)
01-15 09:32:31.290  3461  3461 D StrictMode: 	at android.app.ActivityThread.handleBindApplication(ActivityThread.java:4707)
01-15 09:32:31.290  3461  3461 D StrictMode: 	at android.app.ActivityThread.-wrap1(ActivityThread.java)
01-15 09:32:31.290  3461  3461 D StrictMode: 	at android.app.ActivityThread$H.handleMessage(ActivityThread.java:1405)
01-15 09:32:31.290  3461  3461 D StrictMode: 	at android.os.Handler.dispatchMessage(Handler.java:102)
01-15 09:32:31.290  3461  3461 D StrictMode: 	at android.os.Looper.loop(Looper.java:148)
01-15 09:32:31.290  3461  3461 D StrictMode: 	at android.app.ActivityThread.main(ActivityThread.java:5417)
01-15 09:32:31.290  3461  3461 D StrictMode: 	at java.lang.reflect.Method.invoke(Native Method)
01-15 09:32:31.290  3461  3461 D StrictMode: 	at com.android.internal.os.ZygoteInit$MethodAndArgsCaller.run(ZygoteInit.java:726)
01-15 09:32:31.290  3461  3461 D StrictMode: 	at com.android.internal.os.ZygoteInit.main(ZygoteInit.java:616)
01-15 09:32:31.290  3461  3461 D StrictMode: StrictMode policy violation; ~duration=68 ms: android.os.StrictMode$StrictModeDiskReadViolation: policy=65567 violation=2
01-15 09:32:31.290  3461  3461 D StrictMode: 	at android.os.StrictMode$AndroidBlockGuardPolicy.onReadFromDisk(StrictMode.java:1263)
01-15 09:32:31.290  3461  3461 D StrictMode: 	at android.database.sqlite.SQLiteConnection.applyBlockGuardPolicy(SQLiteConnection.java:1039)
01-15 09:32:31.290  3461  3461 D StrictMode: 	at android.database.sqlite.SQLiteConnection.executeForLong(SQLiteConnection.java:593)
01-15 09:32:31.290  3461  3461 D StrictMode: 	at android.database.sqlite.SQLiteConnection.setJournalSizeLimit(SQLiteConnection.java:271)
01-15 09:32:31.290  3461  3461 D StrictMode: 	at android.database.sqlite.SQLiteConnection.open(SQLiteConnection.java:214)
01-15 09:32:31.290  3461  3461 D StrictMode: 	at android.database.sqlite.SQLiteConnection.open(SQLiteConnection.java:191)
01-15 09:32:31.290  3461  3461 D StrictMode: 	at android.database.sqlite.SQLiteConnectionPool.openConnectionLocked(SQLiteConnectionPool.java:463)
01-15 09:32:31.290  3461  3461 D StrictMode: 	at android.database.sqlite.SQLiteConnectionPool.open(SQLiteConnectionPool.java:185)
01-15 09:32:31.290  3461  3461 D StrictMode: 	at android.database.sqlite.SQLiteConnectionPool.open(SQLiteConnectionPool.java:177)
01-15 09:32:31.290  3461  3461 D StrictMode: 	at android.database.sqlite.SQLiteDatabase.openInner(SQLiteDatabase.java:806)
01-15 09:32:31.290  3461  3461 D StrictMode: 	at android.database.sqlite.SQLiteDatabase.open(SQLiteDatabase.java:791)
01-15 09:32:31.290  3461  3461 D StrictMode: 	at android.database.sqlite.SQLiteDatabase.openDatabase(SQLiteDatabase.java:694)
01-15 09:32:31.290  3461  3461 D StrictMode: 	at android.app.ContextImpl.openOrCreateDatabase(ContextImpl.java:571)
01-15 09:32:31.290  3461  3461 D StrictMode: 	at android.app.ContextImpl.openOrCreateDatabase(ContextImpl.java:560)
01-15 09:32:31.290  3461  3461 D StrictMode: 	at android.content.ContextWrapper.openOrCreateDatabase(ContextWrapper.java:263)
01-15 09:32:31.290  3461  3461 D StrictMode: 	at com.fsck.k9.preferences.Storage.openDB(Storage.java:42)
01-15 09:32:31.290  3461  3461 D StrictMode: 	at com.fsck.k9.preferences.Storage.loadValues(Storage.java:167)
01-15 09:32:31.290  3461  3461 D StrictMode: 	at com.fsck.k9.preferences.Storage.<init>(Storage.java:188)
01-15 09:32:31.290  3461  3461 D StrictMode: 	at com.fsck.k9.preferences.Storage.getStorage(Storage.java:149)
01-15 09:32:31.290  3461  3461 D StrictMode: 	at com.fsck.k9.Preferences.<init>(Preferences.java:41)
01-15 09:32:31.290  3461  3461 D StrictMode: 	at com.fsck.k9.Preferences.getPreferences(Preferences.java:28)
01-15 09:32:31.290  3461  3461 D StrictMode: 	at com.fsck.k9.K9.onCreate(K9.java:547)
01-15 09:32:31.290  3461  3461 D StrictMode: 	at android.app.Instrumentation.callApplicationOnCreate(Instrumentation.java:1013)
01-15 09:32:31.290  3461  3461 D StrictMode: 	at android.app.ActivityThread.handleBindApplication(ActivityThread.java:4707)
01-15 09:32:31.290  3461  3461 D StrictMode: 	at android.app.ActivityThread.-wrap1(ActivityThread.java)
01-15 09:32:31.290  3461  3461 D StrictMode: 	at android.app.ActivityThread$H.handleMessage(ActivityThread.java:1405)
01-15 09:32:31.290  3461  3461 D StrictMode: 	at android.os.Handler.dispatchMessage(Handler.java:102)
01-15 09:32:31.290  3461  3461 D StrictMode: 	at android.os.Looper.loop(Looper.java:148)
01-15 09:32:31.290  3461  3461 D StrictMode: 	at android.app.ActivityThread.main(ActivityThread.java:5417)
01-15 09:32:31.290  3461  3461 D StrictMode: 	at java.lang.reflect.Method.invoke(Native Method)
01-15 09:32:31.290  3461  3461 D StrictMode: 	at com.android.internal.os.ZygoteInit$MethodAndArgsCaller.run(ZygoteInit.java:726)
01-15 09:32:31.290  3461  3461 D StrictMode: 	at com.android.internal.os.ZygoteInit.main(ZygoteInit.java:616)
01-15 09:32:31.290  3461  3461 V StorageReceiver: StorageReceiver: Intent { act=android.intent.action.MEDIA_MOUNTED dat=file:///storage/9E9C-15E3 flg=0x4000010 cmp=com.fsck.k9.debug/com.fsck.k9.service.StorageReceiver (has extras) }
01-15 09:32:31.290  3019  3421 D mali_winsys: new_window_surface returns 0x3000,  [1280x48]-format:1
01-15 09:32:31.290  2876  3340 V PhoneWindowManager: finishPostLayoutPolicyLw: mHideKeyguard=false
01-15 09:32:31.300  3461  3461 I StorageManager: storage path "/storage/9E9C-15E3" mounted readOnly=true
01-15 09:32:31.300  2876  2929 D WifiService: New client listening to asynchronous messages
01-15 09:32:31.300  2876  3354 V PhoneWindowManager: finishPostLayoutPolicyLw: mHideKeyguard=false
01-15 09:32:31.310  2876  2904 E Sensors : error reading from wake pipe (Invalid argument)
01-15 09:32:31.310  3334  3334 D CarrierConfigLoader: CarrierConfigLoader has started
01-15 09:32:31.310  2876  2894 D BluetoothManagerService: Added callback: android.bluetooth.IBluetoothManagerCallback$Stub$Proxy@720c4af:true
01-15 09:32:31.310  2876  2962 V KeyValueBackupJob: Scheduling k/v pass in 245 minutes
01-15 09:32:31.320  3019  3019 D PhoneStatusBar: disable: < EXPAND* icons alerts system_info BACK* HOME* RECENT* clock SEARCH* quick_settings >
01-15 09:32:31.320  3350  3552 D libEGL  : loaded /vendor/lib64/egl/libGLES_mali.so
01-15 09:32:31.330  3334  3334 I Telephony: TtyManager: updateUiTtyMode -1 -> 0
01-15 09:32:31.340  3350  3552 I OpenGLRenderer: Initialized EGL, version 1.4
01-15 09:32:31.340  3350  3552 D         : ro.exynos.dss isEnabled: 0
01-15 09:32:31.340  3334  3334 D TelephonyDebugService: TelephonyDebugService()
01-15 09:32:31.340  3350  3552 D mali_winsys: new_window_surface returns 0x3000,  [1280x752]-format:1
01-15 09:32:31.340  3334  3334 D CarrierConfigLoader: mHandler: 12 phoneId: 0
01-15 09:32:31.350  2979  2979 D MediaScannerReceiver: action: android.intent.action.MEDIA_MOUNTED path: /storage/emulated/0
01-15 09:32:31.350  3334  3334 E PhoneInterfaceManager: [PhoneIntfMgr] getIccId: No UICC
01-15 09:32:31.350  3387  3387 D StorageReceiver: StorageReceiver intent: Intent { act=android.intent.action.MEDIA_MOUNTED dat=file:///storage/emulated/0 flg=0x4000010 cmp=com.ts.fileexplorer/.StorageReceiver (has extras) }
01-15 09:32:31.350  3461  3461 V StorageReceiver: StorageReceiver: Intent { act=android.intent.action.MEDIA_MOUNTED dat=file:///storage/emulated/0 flg=0x4000010 cmp=com.fsck.k9.debug/com.fsck.k9.service.StorageReceiver (has extras) }
01-15 09:32:31.350  3461  3461 I StorageManager: storage path "/storage/emulated/0" mounted readOnly=true
01-15 09:32:31.360  2876  3349 I Telecom : PhoneAccountRegistrar: [ComponentInfo{com.android.phone/com.android.services.telephony.TelephonyConnectionService}, [e0184adedf913b076626646d3f52c3b49c39ad6d], UserHandle{0}(icon: Icon(typ=BITMAP size=19x24) -> Icon(typ=BITMAP size=19x24))]
01-15 09:32:31.360  2876  2887 I ActivityManager: Start proc 3599:com.android.settings/1000 for broadcast com.android.settings/.sim.SimSelectNotification
01-15 09:32:31.370  2876  2895 I ActivityManager: Displayed com.android.launcher/com.android.launcher2.Launcher: +541ms
01-15 09:32:31.370  2876  2895 V PhoneWindowManager: finishPostLayoutPolicyLw: mHideKeyguard=false
01-15 09:32:31.370  2876  2895 V PhoneWindowManager: finishPostLayoutPolicyLw: mHideKeyguard=false
01-15 09:32:31.370  2876  2895 V PhoneWindowManager: finishPostLayoutPolicyLw: mHideKeyguard=false
01-15 09:32:31.370  2876  3349 I Telecom : : Sending phone-account intent as user
01-15 09:32:31.370  2876  2895 V PhoneWindowManager: finishPostLayoutPolicyLw: mHideKeyguard=false
01-15 09:32:31.380  3334  3334 I Telephony: AccountEntry: Registered phoneAccount: [[ ] PhoneAccount: ComponentInfo{com.android.phone/com.android.services.telephony.TelephonyConnectionService}, [e0184adedf913b076626646d3f52c3b49c39ad6d], UserHandle{0} Capabilities: 54 Schemes: tel voicemail ] with handle: ComponentInfo{com.android.phone/com.android.services.telephony.TelephonyConnectionService}, [e0184adedf913b076626646d3f52c3b49c39ad6d], UserHandle{0}
01-15 09:32:31.380  3334  3334 I Telephony: PstnIncomingCallNotifier: Registering: Handler (com.android.internal.telephony.gsm.GSMPhone) {9cf809d}
01-15 09:32:31.390  2876  2890 V KeyguardServiceDelegate: *** Keyguard started
01-15 09:32:31.390  2876  2890 I Sensors : HAL:resetDataRates mEnabled=4
01-15 09:32:31.390  3599  3599 W System  : ClassLoader referenced unknown path: /system/priv-app/Settings/lib/arm64
01-15 09:32:31.390  2876  2890 V PhoneWindowManager: mScreenOnEarly=true, mAwake=true, mCurrentAppOrientation=5, mOrientationSensorEnabled=false, mKeyguardDrawComplete=true, mWindowManagerDrawComplete=true
01-15 09:32:31.390  2876  2905 W Telecom : : No account found for the calling user
01-15 09:32:31.410  2876  2895 V PhoneWindowManager: finishPostLayoutPolicyLw: mHideKeyguard=false
01-15 09:32:31.410  2876  3360 V PhoneWindowManager: finishPostLayoutPolicyLw: mHideKeyguard=false
01-15 09:32:31.430  2876  2890 V PhoneWindowManager: Enabling listeners
01-15 09:32:31.430  2876  2890 W KeyguardServiceDelegate: onScreenTurningOn(): no keyguard service!
01-15 09:32:31.430  2876  2895 V PhoneWindowManager: finishPostLayoutPolicyLw: mHideKeyguard=false
01-15 09:32:31.440  2876  2895 V PhoneWindowManager: finishPostLayoutPolicyLw: mHideKeyguard=false
01-15 09:32:31.500  2876  2888 V PhoneWindowManager: finishPostLayoutPolicyLw: mHideKeyguard=false
01-15 09:32:31.520  2876  2888 V PhoneWindowManager: finishPostLayoutPolicyLw: mHideKeyguard=false
01-15 09:32:31.540  3019  3019 D         : ro.exynos.dss isEnabled: 0
01-15 09:32:31.540  3019  3019 D mali_winsys: new_window_surface returns 0x3000,  [1280x800]-format:2
01-15 09:32:31.560  2876  2876 V KeyguardServiceDelegate: *** Keyguard connected (yay!)
01-15 09:32:31.560  2876  2895 V PhoneWindowManager: finishPostLayoutPolicyLw: mHideKeyguard=false
01-15 09:32:31.570  2876  2895 V PhoneWindowManager: finishPostLayoutPolicyLw: mHideKeyguard=false
01-15 09:32:31.580  3019  3019 W KeyguardUpdateMonitor: invalid subId in handleSimStateChange()
01-15 09:32:31.580  2876  2905 V PhoneWindowManager: finishPostLayoutPolicyLw: mHideKeyguard=false
01-15 09:32:31.580  2876  3360 V PhoneWindowManager: finishPostLayoutPolicyLw: mHideKeyguard=false
01-15 09:32:31.590  3019  3019 W KeyguardUpdateMonitor: invalid subId in handleServiceStateChange()
01-15 09:32:31.590  2876  3340 V KeyguardServiceDelegate: **** SHOWN CALLED ****
01-15 09:32:31.590  2876  2895 V PhoneWindowManager: finishPostLayoutPolicyLw: mHideKeyguard=false
01-15 09:32:31.600  3019  3019 D PhoneStatusBar: disable: < expand* icons alerts system_info back* home* recent* clock search* quick_settings >
01-15 09:32:31.600  2876  2876 V PhoneWindowManager: mScreenOnEarly=true, mAwake=true, mCurrentAppOrientation=-1, mOrientationSensorEnabled=true, mKeyguardDrawComplete=true, mWindowManagerDrawComplete=false
01-15 09:32:31.610  3314  3314 I Keyboard.Facilitator: onFinishInput()
01-15 09:32:31.610  2876  2876 V PhoneWindowManager: Disabling listeners
01-15 09:32:31.610  2876  2876 D PhoneWindowManager: frame: Rect(0, 0 - 1280, 752) shown frame: RectF(0.0, 0.0, 1280.0, 752.0)
01-15 09:32:31.610  2876  2876 D PhoneWindowManager: attr: WM.LayoutParams{(0,0)(fillxfill) sim=#120 ty=1 fl=#1910100 fmt=-2 wanim=0x10303e5 vsysui=0x400 needsMenuKey=2} lp.flags=0x1910100
01-15 09:32:31.610  2876  2876 V PhoneWindowManager: finishPostLayoutPolicyLw: mHideKeyguard=false
01-15 09:32:31.610  2876  2876 W InputMethodManagerService: Starting input on non-focused client android.view.inputmethod.InputMethodManager$1@f90c5b1 (uid=1000 pid=2876)
01-15 09:32:31.620  2876  3346 D PhoneWindowManager: frame: Rect(0, 0 - 1280, 752) shown frame: RectF(0.0, 0.0, 1280.0, 752.0)
01-15 09:32:31.620  2876  3346 D PhoneWindowManager: attr: WM.LayoutParams{(0,0)(fillxfill) sim=#120 ty=1 fl=#1910100 fmt=-2 wanim=0x10303e5 vsysui=0x400 needsMenuKey=2} lp.flags=0x1910100
01-15 09:32:31.620  2876  3346 V PhoneWindowManager: finishPostLayoutPolicyLw: mHideKeyguard=false
01-15 09:32:31.620  2876  2895 D PhoneWindowManager: frame: Rect(0, 0 - 1280, 752) shown frame: RectF(0.0, 0.0, 1280.0, 752.0)
01-15 09:32:31.620  2876  2895 D PhoneWindowManager: attr: WM.LayoutParams{(0,0)(fillxfill) sim=#120 ty=1 fl=#1910100 fmt=-2 wanim=0x10303e5 vsysui=0x400 needsMenuKey=2} lp.flags=0x1910100
01-15 09:32:31.620  2876  2895 V PhoneWindowManager: finishPostLayoutPolicyLw: mHideKeyguard=false
01-15 09:32:31.630  2876  2891 I Sensors : HAL:resetDataRates mEnabled=4
01-15 09:32:31.630  2876  2891 V PhoneWindowManager: mScreenOnEarly=true, mAwake=true, mCurrentAppOrientation=-1, mOrientationSensorEnabled=false, mKeyguardDrawComplete=true, mWindowManagerDrawComplete=true
01-15 09:32:31.640  2592  3417 D NuPlayerDriver: notifyListener_l(0xf4d36180), (2, 0, 0)
01-15 09:32:31.640  2592  2930 E AudioFlinger: no wake lock to update!
01-15 09:32:31.680  2449  3513 I SurfaceFlinger: Boot is finished (7622 ms)
01-15 09:32:31.680  2449  3513 D SurfaceFlinger: boot finished. Inform HWC
01-15 09:32:31.680  2449  3513 D hwcomposer: Boot Finished
01-15 09:32:31.680  2876  2891 V PhoneWindowManager: Enabling listeners
01-15 09:32:31.680  2876  2895 D PhoneWindowManager: frame: Rect(0, 0 - 1280, 752) shown frame: RectF(0.0, 0.0, 1280.0, 752.0)
01-15 09:32:31.680  2876  2895 D PhoneWindowManager: attr: WM.LayoutParams{(0,0)(fillxfill) sim=#120 ty=1 fl=#1910100 fmt=-2 wanim=0x10303e5 vsysui=0x400 needsMenuKey=2} lp.flags=0x1910100
01-15 09:32:31.680  2876  2895 V PhoneWindowManager: finishPostLayoutPolicyLw: mHideKeyguard=false
01-15 09:32:31.690  2558  2562 D BootAnimation: playing boot audio here
01-15 09:32:31.690  2558  2562 W BootAnimation: Audio service is not initiated.
01-15 09:32:31.690  2558  3615 D BootAnimation: starting to play /system/media/boot.mp3
01-15 09:32:31.690  2592  3616 D NuPlayerDriver: notifyListener_l(0xf4d361e0), (1, 0, 0)
01-15 09:32:31.690  2592  3410 W ServiceManager: Permission failure: android.permission.MODIFY_AUDIO_SETTINGS from uid=1003 pid=2558
01-15 09:32:31.690  2592  3410 D PermissionCache: checking android.permission.MODIFY_AUDIO_SETTINGS for uid=1003 => denied (161 us)
01-15 09:32:31.690  2592  3410 E         : Request requires android.permission.MODIFY_AUDIO_SETTINGS
01-15 09:32:31.690  2592  2592 E         : Request requires android.permission.MODIFY_AUDIO_SETTINGS
01-15 09:32:31.690  2558  3615 D BootAnimation: playing /system/media/boot.mp3
01-15 09:32:31.690  2592  2935 D NuPlayerDriver: seekTo(0xf4d361e0) 0 ms
01-15 09:32:31.690  2592  2935 D NuPlayerDriver: notifyListener_l(0xf4d361e0), (7, 0, 0)
01-15 09:32:31.690  2592  3616 I GenericSource: start
01-15 09:32:31.690  2592  3410 D NuPlayerDriver: start(0xf4d361e0), state is 4, eos is 0
01-15 09:32:31.690  2558  2562 D BootAnimation: waiting for media player to complete.
01-15 09:32:31.690  2592  3616 D NuPlayerDriver: notifyListener_l(0xf4d361e0), (4, 0, 0)
01-15 09:32:31.690  2592  3620 D libseirenhw: ADec_Create: initialized
01-15 09:32:31.690  2592  3620 D libseirenhw: ADec_Create: called. handle:15
01-15 09:32:31.700  2592  3620 D libseirenhw: ADec_Create: successed to open AudH, index:0
01-15 09:32:31.700  2592  3620 D libseirenhw: ADec_GetIMemPoolInfo: called. handle:15
01-15 09:32:31.700  2592  3620 D libseirenhw: ADec_GetIMemPoolInfo: I_vaddr[0xf41a3000], I_paddr[0x0], I_size[4096], I_cnt[2]
01-15 09:32:31.700  2592  3620 D libseirenhw: ADec_GetOMemPoolInfo: called. handle:15
01-15 09:32:31.700  2592  3620 D libseirenhw: ADec_GetOMemPoolInfo: O_vaddr[0xf41ad000], O_paddr[0x0], O_size[36864], O_cnt[2]
01-15 09:32:31.700  2592  3620 E OMXNodeInstance: setConfig(32:Exynos.MP3.Decoder, ConfigPriority(0x6f800002)) ERROR: UnsupportedIndex(0x8000101a)
01-15 09:32:31.700  2592  3620 I ACodec  : codec does not support config priority (err -1010)
01-15 09:32:31.700  2592  3620 I MediaCodec: MediaCodec will operate in async mode
01-15 09:32:31.700  2592  3621 I EXYNOS_BASE_COMP: [0xf364b180][Exynos_OMX_ComponentStateSet] current:(OMX_StateLoaded) dest:(OMX_StateIdle)
01-15 09:32:31.700  2592  3621 I EXYNOS_BASE_COMP: [0xf364b180][Exynos_OMX_ComponentStateSet]:567 OMX_EventCmdComplete
01-15 09:32:31.700  2592  3621 I EXYNOS_BASE_COMP: [0xf364b180][Exynos_OMX_ComponentStateSet] current:(OMX_StateIdle) dest:(OMX_StateExecuting)
01-15 09:32:31.700  2592  3621 I EXYNOS_BASE_COMP: [0xf364b180][Exynos_OMX_ComponentStateSet]:567 OMX_EventCmdComplete
01-15 09:32:31.710  2592  3623 D libseirenhw: ADec_GetParams: val:44100. handle:15
01-15 09:32:31.710  2592  3623 D libseirenhw: ADec_GetParams: val:2. handle:15
01-15 09:32:31.720  2592  3618 W AudioSink: open AudioOutput, suggestedFrameCount:22050,framesPerBuffer:940,afFrameCount:1024
01-15 09:32:31.720  2592  3618 W AudioTrack: createTrack_l,mSampleRate:44100,output:2,mStreamType:7
01-15 09:32:31.720  2592  3618 W AudioTrack: AudioTrack start, mSampleRate:44100, mFormat:1,mStreamType:7,mState:1
01-15 09:32:31.730  2592  3616 D NuPlayerDriver: notifyListener_l(0xf4d361e0), (6, 0, 0)
01-15 09:32:31.740  2592  2930 E AudioFlinger: no wake lock to update!
01-15 09:32:31.860  2876  2891 V PhoneWindowManager: onProposedRotationChanged, rotation=0
01-15 09:32:31.860  2876  2891 D PhoneWindowManager: frame: Rect(0, 0 - 1280, 752) shown frame: RectF(0.0, 0.0, 1280.0, 752.0)
01-15 09:32:31.860  2876  2891 D PhoneWindowManager: attr: WM.LayoutParams{(0,0)(fillxfill) sim=#120 ty=1 fl=#1910100 fmt=-2 wanim=0x10303e5 vsysui=0x400 needsMenuKey=2} lp.flags=0x1910100
01-15 09:32:31.860  2876  2891 V PhoneWindowManager: finishPostLayoutPolicyLw: mHideKeyguard=false
01-15 09:32:31.890  3350  3552 W OpenGLRenderer: Incorrectly called buildLayer on View: ShortcutAndWidgetContainer, destroying layer...
01-15 09:32:35.480  2876  2887 D BatteryService: Processing new values: chargerAcOnline=true, chargerUsbOnline=true, chargerWirelessOnline=false, maxChargingCurrent0, batteryStatus=4, batteryHealth=2, batteryPresent=true, batteryLevel=100, batteryTechnology=Li-poly, batteryVoltage=4347, batteryTemperature=350, mBatteryLevelCritical=false, mPlugType=1, GIT mBatteryProps.extBatteryVoltage=0
01-15 09:32:35.820  3314  3322 W CursorWrapperInner: Cursor finalized without prior close()
01-15 09:32:36.430  2592  3623 D libseirenhw: ADec_SendEOS: called. handle:15
01-15 09:32:36.430  2592  3623 D libseirenhw: ADec_GetParams: val:0. handle:15
01-15 09:32:36.680  2592  3623 D libseirenhw: ADec_GetParams: val:1. handle:15
01-15 09:32:36.680  2592  3619 I NuPlayerDecoder: [audio] saw output EOS
01-15 09:32:36.690  2558  2562 D BootAnimation: media player is completed.
01-15 09:32:36.870  2592  2941 D NuPlayerDriver: reset(0xf4d361e0)
01-15 09:32:36.870  2592  2941 D NuPlayerDriver: notifyListener_l(0xf4d361e0), (8, 0, 0)
01-15 09:32:36.870  2592  3618 W AudioTrack: AudioTrack start, mSampleRate:44100, mFormat:1,mStreamType:7,mState:4
01-15 09:32:36.870  2592  3621 D libseirenhw: ADec_Flush: called. handle:15
01-15 09:32:36.870  2592  3621 D libseirenhw: ADec_Flush: called. handle:15
01-15 09:32:36.870  2592  3621 I EXYNOS_BASE_COMP: [0xf364b180][Exynos_OMX_ComponentStateSet] current:(OMX_StateExecuting) dest:(OMX_StateIdle)
01-15 09:32:36.870  2592  3621 I EXYNOS_BASE_COMP: [0xf364b180][Exynos_OMX_ComponentStateSet]:567 OMX_EventCmdComplete
01-15 09:32:36.870  2592  3621 I EXYNOS_BASE_COMP: [0xf364b180][Exynos_OMX_ComponentStateSet] current:(OMX_StateIdle) dest:(OMX_StateLoaded)
01-15 09:32:36.870  2592  3621 I EXYNOS_BASE_COMP: [0xf364b180][Exynos_OMX_ComponentStateSet]:567 OMX_EventCmdComplete
01-15 09:32:36.870  2592  3620 D libseirenhw: ADec_Destroy: index:0,ibuf_addr:0xf41a3000,obuf_addr:0xf41ad000
01-15 09:32:36.870  2592  3620 D libseirenhw: ADec_Destroy: called, handle:15
01-15 09:32:36.870  2592  3620 D libseirenhw: ADec_Destroy: successed to close
01-15 09:32:36.870  2592  3616 W AMessage: failed to post message as target looper for handler 0 is gone.
01-15 09:32:36.870  2592  3616 D NuPlayerDriver: notifyResetComplete(0xf4d361e0)
01-15 09:32:36.870  2592  2941 W AudioFlinger: session id 21 not found for pid 2558
01-15 09:32:36.930  2592  2930 E AudioFlinger: no wake lock to update!
01-15 09:32:36.950  2449  2556 I display : [PrimaryDisplay] [DYNAMIC_RECOMP] HWC_2_GLES by low FPS(0)
01-15 09:32:37.070  2876  2895 I SystemServiceManager: Starting phase 1000
01-15 09:32:37.070  2876  2895 D PhoneWindowManager: frame: Rect(0, 0 - 1280, 752) shown frame: RectF(0.0, 0.0, 1280.0, 752.0)
01-15 09:32:37.070  2876  2895 D PhoneWindowManager: attr: WM.LayoutParams{(0,0)(fillxfill) sim=#120 ty=1 fl=#1910100 fmt=-2 wanim=0x10303e5 vsysui=0x400 needsMenuKey=2} lp.flags=0x1910100
01-15 09:32:37.070  2876  2895 V PhoneWindowManager: finishPostLayoutPolicyLw: mHideKeyguard=false
01-15 09:32:37.070  2876  2895 D PhoneWindowManager: frame: Rect(0, 0 - 1280, 752) shown frame: RectF(0.0, 0.0, 1280.0, 752.0)
01-15 09:32:37.070  2876  2895 D PhoneWindowManager: attr: WM.LayoutParams{(0,0)(fillxfill) sim=#120 ty=1 fl=#1910100 fmt=-2 wanim=0x10303e5 vsysui=0x400 needsMenuKey=2} lp.flags=0x1910100
01-15 09:32:37.070  2876  2895 V PhoneWindowManager: finishPostLayoutPolicyLw: mHideKeyguard=false
01-15 09:32:37.070  2876  2895 D PhoneWindowManager: frame: Rect(0, 0 - 1280, 752) shown frame: RectF(0.0, 0.0, 1280.0, 752.0)
01-15 09:32:37.070  2876  2895 D PhoneWindowManager: attr: WM.LayoutParams{(0,0)(fillxfill) sim=#120 ty=1 fl=#1910100 fmt=-2 wanim=0x10303e5 vsysui=0x400 needsMenuKey=2} lp.flags=0x1910100
01-15 09:32:37.070  2876  2895 V PhoneWindowManager: finishPostLayoutPolicyLw: mHideKeyguard=false
01-15 09:32:37.080  2876  3638 I ActivityManager: Start proc 3641:com.android.keychain/1000 for service com.android.keychain/.KeyChainService
01-15 09:32:37.090  2876  3655 I RecoverySystem: No recovery log file
01-15 09:32:37.090  2876  2925 D WIFI    : Registering NetworkFactory
01-15 09:32:37.090  2876  2925 D WIFI_UT : Registering NetworkFactory
01-15 09:32:37.090  2876  2925 D WIFI    : got request NetworkRequest [ id=1, legacyType=-1, [ Capabilities: INTERNET&NOT_RESTRICTED&TRUSTED&NOT_VPN] ] with score 0
01-15 09:32:37.090  2876  2925 D WIFI_UT : got request NetworkRequest [ id=1, legacyType=-1, [ Capabilities: INTERNET&NOT_RESTRICTED&TRUSTED&NOT_VPN] ] with score 0
01-15 09:32:37.090  3081  3081 D BootUpReceiver: receive Action [android.intent.action.BOOT_COMPLETED]
01-15 09:32:37.090  3081  3081 D BootUpReceiver: receive boot complete!
01-15 09:32:37.090  2876  2933 D ConnectivityService: Got NetworkFactory Messenger for WIFI
01-15 09:32:37.090  2876  2933 D ConnectivityService: Got NetworkFactory Messenger for WIFI_UT
01-15 09:32:37.090  2876  3655 I BootReceiver: Copying audit failures to DropBox
01-15 09:32:37.090  2876  3655 I BootReceiver: Checking for fsck errors
01-15 09:32:37.090  3081  3081 W ContextImpl: Calling a method in the system process without a qualified user: android.app.ContextImpl.startService:1221 android.content.ContextWrapper.startService:581 android.content.ContextWrapper.startService:581 com.gitauto.gscan_Installer.service.BootUpReceiver.onReceive:52 android.app.ActivityThread.handleReceiver:2725 
01-15 09:32:37.100  3641  3641 W System  : ClassLoader referenced unknown path: /system/app/KeyChain/lib/arm64
01-15 09:32:37.100  3081  3081 D StickyBootService: >>>>> START Service.
01-15 09:32:37.100  3081  3081 D StickyBootService: turn off Alarm.
01-15 09:32:37.110  3081  3081 D StickyBootService: register sdcard mount event receiver.
01-15 09:32:37.110  3081  3081 D StickyBootService: onStartCommand()
01-15 09:32:37.110  2876  2887 I ActivityManager: Start proc 3658:com.android.providers.calendar/u0a1 for broadcast com.android.providers.calendar/.CalendarReceiver
01-15 09:32:37.120  3658  3658 W System  : ClassLoader referenced unknown path: /system/priv-app/CalendarProvider/lib/arm64
01-15 09:32:37.140  3658  3658 I CalendarProvider2: Created com.android.providers.calendar.CalendarAlarmManager@32d0e08(com.android.providers.calendar.CalendarProvider2@6a599a1)
01-15 09:32:37.160  2876  2888 I ActivityManager: Start proc 3675:com.android.managedprovisioning/u0a8 for broadcast com.android.managedprovisioning/.BootReminder
01-15 09:32:37.170  3675  3675 W System  : ClassLoader referenced unknown path: /system/priv-app/ManagedProvisioning/lib/arm64
01-15 09:32:37.290  2876  2887 I ActivityManager: Start proc 3692:com.android.onetimeinitializer/u0a10 for broadcast com.android.onetimeinitializer/.OneTimeInitializerReceiver
01-15 09:32:37.300  3692  3692 W System  : ClassLoader referenced unknown path: /system/priv-app/OneTimeInitializer/lib/arm64
01-15 09:32:37.300  3692  3692 V OneTimeInitializerRece: OneTimeInitializerReceiver.onReceive
01-15 09:32:37.310  2876  3340 I ActivityManager: Start proc 3707:com.google.android.deskclock/u0a23 for broadcast com.google.android.deskclock/com.android.deskclock.AlarmInitReceiver
01-15 09:32:37.330  3707  3707 W System  : ClassLoader referenced unknown path: /system/app/DeskClockGoogle/lib/arm64
01-15 09:32:37.350  3019  3019 W PathParser: Points are too far apart 4.030360828967057
01-15 09:32:37.350  3019  3019 W PathParser: Points are too far apart 4.030360538880159
01-15 09:32:37.370  3707  3707 I GAv4    : Google Analytics 7.8.95 is starting up. To enable debug logging on a device run:
01-15 09:32:37.370  3707  3707 I GAv4    :   adb shell setprop log.tag.GAv4 DEBUG
01-15 09:32:37.370  3707  3707 I GAv4    :   adb logcat -s GAv4
01-15 09:32:37.380  3707  3707 W GAv4    : AnalyticsReceiver is not registered or is disabled. Register the receiver for reliable dispatching on non-Google Play devices. See http://goo.gl/8Rd3yj for instructions.
01-15 09:32:37.380  3707  3707 W GAv4    : CampaignTrackingReceiver is not registered, not exported or is disabled. Installation campaign tracking is not possible. See http://goo.gl/8Rd3yj for instructions.
01-15 09:32:37.390  3707  3725 W GAv4    : AnalyticsService not registered in the app manifest. Hits might not be delivered reliably. See http://goo.gl/8Rd3yj for instructions.
01-15 09:32:37.390  3707  3707 V AlarmClock: AlarmInitReceiver android.intent.action.BOOT_COMPLETED
01-15 09:32:37.400  3707  3726 V AlarmClock: AlarmInitReceiver - Reset timers and clear stopwatch data
01-15 09:32:37.410  3707  3726 V AlarmClock: AlarmInitReceiver finished
01-15 09:32:37.420  2876  3354 I ActivityManager: Start proc 3727:com.google.android.apps.inputmethod.hindi/u0a30 for broadcast com.google.android.apps.inputmethod.hindi/com.google.android.apps.inputmethod.libs.framework.core.LauncherIconVisibilityInitializer
01-15 09:32:37.430  3727  3727 W System  : ClassLoader referenced unknown path: /system/app/GoogleHindiIME/lib/arm64
01-15 09:32:37.450  2979  2979 D MtpService: Adding MTP storage 0x10001 at /storage/emulated/0
01-15 09:32:37.450  2979  2979 D MtpService: Adding MTP storage 0xd6df0001 at /storage/9E9C-15E3
01-15 09:32:37.450  2979  2979 D MtpService: starting MTP server in MTP mode
01-15 09:32:37.460  2979  2979 D MtpService: Adding MTP storage 0xd6df0001 at /storage/9E9C-15E3
01-15 09:32:37.460  2979  2979 D MtpService: Adding MTP storage 0x10001 at /storage/emulated/0
01-15 09:32:37.530  3727  3727 I AndroidIME: com.google.android.apps.inputmethod.libs.framework.core.LauncherIconVisibilityInitializerBase: android.intent.action.BOOT_COMPLETED
01-15 09:32:37.540  2876  2905 I ActivityManager: Start proc 3746:com.google.android.inputmethod.pinyin/u0a31 for broadcast com.google.android.inputmethod.pinyin/com.google.android.apps.inputmethod.libs.framework.core.LauncherIconVisibilityInitializer
01-15 09:32:37.550  2979  3691 W MediaScanner: Error opening directory '/oem/media/', skipping: No such file or directory.
01-15 09:32:37.550  3746  3746 W System  : ClassLoader referenced unknown path: /system/app/GooglePinyinIME/lib/arm64
01-15 09:32:37.670  3746  3746 I AndroidIME: com.google.android.apps.inputmethod.libs.framework.core.LauncherIconVisibilityInitializerBase: android.intent.action.BOOT_COMPLETED
01-15 09:32:37.680  2876  3354 I ActivityManager: Start proc 3760:com.gitauto.g_scan.launcher/1000 for broadcast com.gitauto.g_scan.launcher/.BootReceiver
01-15 09:32:37.690  3760  3760 W System  : ClassLoader referenced unknown path: /system/app/Gscan3Launcher/lib/arm64
01-15 09:32:37.700  3760  3760 W ContextImpl: Calling a method in the system process without a qualified user: android.app.ContextImpl.startActivity:658 android.content.ContextWrapper.startActivity:331 android.content.ContextWrapper.startActivity:331 com.gitauto.g_scan.launcher.BootReceiver.onReceive:25 android.app.ActivityThread.handleReceiver:2725 
01-15 09:32:37.700  3760  3760 W ContextImpl: Calling a method in the system process without a qualified user: android.app.ContextImpl.startActivity:670 android.app.ContextImpl.startActivity:659 android.content.ContextWrapper.startActivity:331 android.content.ContextWrapper.startActivity:331 com.gitauto.g_scan.launcher.BootReceiver.onReceive:25 
01-15 09:32:37.700  2876  3354 I ActivityManager: START u0 {act=android.intent.action.MAIN flg=0x54000000 cmp=com.gitauto.g_scan.launcher/.MainActivity} from uid 1000 on display 0
01-15 09:32:37.710  2876  3354 D PhoneWindowManager: frame: Rect(0, 0 - 1280, 752) shown frame: RectF(0.0, 0.0, 1280.0, 752.0)
01-15 09:32:37.710  2876  3354 D PhoneWindowManager: attr: WM.LayoutParams{(0,0)(fillxfill) sim=#120 ty=1 fl=#1910100 fmt=-2 wanim=0x10303e5 vsysui=0x400 needsMenuKey=2} lp.flags=0x1910100
01-15 09:32:37.710  2876  3354 V PhoneWindowManager: finishPostLayoutPolicyLw: mHideKeyguard=false
01-15 09:32:37.710  2876  3349 D PhoneWindowManager: frame: Rect(0, 0 - 1280, 752) shown frame: RectF(0.0, 0.0, 1280.0, 752.0)
01-15 09:32:37.710  2876  3349 D PhoneWindowManager: attr: WM.LayoutParams{(0,0)(fillxfill) sim=#120 ty=1 fl=#1910100 fmt=-2 wanim=0x10303e5 vsysui=0x400 needsMenuKey=2} lp.flags=0x1910100
01-15 09:32:37.710  2876  3349 V PhoneWindowManager: finishPostLayoutPolicyLw: mHideKeyguard=false
01-15 09:32:37.710  2876  3354 D PhoneWindowManager: frame: Rect(0, 0 - 1280, 752) shown frame: RectF(0.0, 0.0, 1280.0, 752.0)
01-15 09:32:37.710  2876  3354 D PhoneWindowManager: attr: WM.LayoutParams{(0,0)(fillxfill) sim=#120 ty=1 fl=#1910100 fmt=-2 wanim=0x10303e5 vsysui=0x400 needsMenuKey=2} lp.flags=0x1910100
01-15 09:32:37.710  2876  3354 V PhoneWindowManager: finishPostLayoutPolicyLw: mHideKeyguard=false
01-15 09:32:37.710  2876  3360 V PhoneWindowManager: mScreenOnEarly=true, mAwake=true, mCurrentAppOrientation=0, mOrientationSensorEnabled=true, mKeyguardDrawComplete=true, mWindowManagerDrawComplete=true
01-15 09:32:37.710  2876  3360 D PhoneWindowManager: frame: Rect(0, 0 - 1280, 752) shown frame: RectF(0.0, 0.0, 1280.0, 752.0)
01-15 09:32:37.710  2876  3360 D PhoneWindowManager: attr: WM.LayoutParams{(0,0)(fillxfill) sim=#120 ty=1 fl=#1910100 fmt=-2 wanim=0x10303e5 vsysui=0x400 needsMenuKey=2} lp.flags=0x1910100
01-15 09:32:37.710  2876  3360 V PhoneWindowManager: finishPostLayoutPolicyLw: mHideKeyguard=false
01-15 09:32:37.720  2876  2888 D PhoneWindowManager: frame: Rect(0, 0 - 1280, 752) shown frame: RectF(0.0, 0.0, 1280.0, 752.0)
01-15 09:32:37.720  2876  2888 D PhoneWindowManager: attr: WM.LayoutParams{(0,0)(fillxfill) sim=#120 ty=1 fl=#1910100 fmt=-2 wanim=0x10303e5 vsysui=0x400 needsMenuKey=2} lp.flags=0x1910100
01-15 09:32:37.720  2876  2888 V PhoneWindowManager: finishPostLayoutPolicyLw: mHideKeyguard=false
01-15 09:32:37.720  2876  3036 I ActivityManager: Start proc 3773:com.google.android.inputmethod.japanese/u0a34 for broadcast com.google.android.inputmethod.japanese/.LauncherIconVisibilityInitializer
01-15 09:32:37.730  3760  3760 W System.err: java.io.FileNotFoundException: /efs/git/gscan/main/ini/supportlang.ini: open failed: ENOENT (No such file or directory)
01-15 09:32:37.730  3760  3760 W System.err: 	at libcore.io.IoBridge.open(IoBridge.java:452)
01-15 09:32:37.730  3760  3760 W System.err: 	at java.io.FileInputStream.<init>(FileInputStream.java:76)
01-15 09:32:37.730  3760  3760 W System.err: 	at java.io.FileInputStream.<init>(FileInputStream.java:103)
01-15 09:32:37.730  3760  3760 W System.err: 	at java.io.FileReader.<init>(FileReader.java:66)
01-15 09:32:37.730  3760  3760 W System.err: 	at com.gitauto.g_scan.launcher.MainActivity.ReadLanguageList(MainActivity.java:576)
01-15 09:32:37.730  3760  3760 W System.err: 	at com.gitauto.g_scan.launcher.MainActivity.GetLanguage(MainActivity.java:600)
01-15 09:32:37.730  3760  3760 W System.err: 	at com.gitauto.g_scan.launcher.MainActivity.onCreate(MainActivity.java:75)
01-15 09:32:37.730  3760  3760 W System.err: 	at android.app.Activity.performCreate(Activity.java:6251)
01-15 09:32:37.730  3760  3760 W System.err: 	at android.app.Instrumentation.callActivityOnCreate(Instrumentation.java:1107)
01-15 09:32:37.730  3760  3760 W System.err: 	at android.app.ActivityThread.performLaunchActivity(ActivityThread.java:2369)
01-15 09:32:37.730  3760  3760 W System.err: 	at android.app.ActivityThread.handleLaunchActivity(ActivityThread.java:2476)
01-15 09:32:37.730  3760  3760 W System.err: 	at android.app.ActivityThread.-wrap11(ActivityThread.java)
01-15 09:32:37.730  3760  3760 W System.err: 	at android.app.ActivityThread$H.handleMessage(ActivityThread.java:1344)
01-15 09:32:37.730  3760  3760 W System.err: 	at android.os.Handler.dispatchMessage(Handler.java:102)
01-15 09:32:37.730  3773  3773 W System  : ClassLoader referenced unknown path: /system/app/JapaneseIME/lib/arm64
01-15 09:32:37.730  3760  3760 W System.err: 	at android.os.Looper.loop(Looper.java:148)
01-15 09:32:37.730  3760  3760 W System.err: 	at android.app.ActivityThread.main(ActivityThread.java:5417)
01-15 09:32:37.730  3760  3760 W System.err: 	at java.lang.reflect.Method.invoke(Native Method)
01-15 09:32:37.730  3760  3760 W System.err: 	at com.android.internal.os.ZygoteInit$MethodAndArgsCaller.run(ZygoteInit.java:726)
01-15 09:32:37.730  3760  3760 W System.err: 	at com.android.internal.os.ZygoteInit.main(ZygoteInit.java:616)
01-15 09:32:37.730  3760  3760 W System.err: Caused by: android.system.ErrnoException: open failed: ENOENT (No such file or directory)
01-15 09:32:37.730  3760  3760 W System.err: 	at libcore.io.Posix.open(Native Method)
01-15 09:32:37.730  3760  3760 W System.err: 	at libcore.io.BlockGuardOs.open(BlockGuardOs.java:186)
01-15 09:32:37.730  3760  3760 W System.err: 	at libcore.io.IoBridge.open(IoBridge.java:438)
01-15 09:32:37.730  3760  3760 W System.err: 	... 18 more
01-15 09:32:37.740  2449  2522 I SurfaceFlinger: Get property density 160.000000
01-15 09:32:37.750  3760  3788 D OpenGLRenderer: Use EGL_SWAP_BEHAVIOR_PRESERVED: true
01-15 09:32:37.760  2876  3354 I ActivityManager: START u0 {act=android.intent.action.MAIN cat=[android.intent.category.LAUNCHER] flg=0x10000000 cmp=com.gitauto.g_scan.gscan3/.MainActivity} from uid 1000 on display 0
01-15 09:32:37.760  2876  2888 D PhoneWindowManager: frame: Rect(0, 0 - 1280, 752) shown frame: RectF(0.0, 0.0, 1280.0, 752.0)
01-15 09:32:37.760  2876  2888 D PhoneWindowManager: attr: WM.LayoutParams{(0,0)(fillxfill) sim=#120 ty=1 fl=#1910100 fmt=-2 wanim=0x10303e5 vsysui=0x400 needsMenuKey=2} lp.flags=0x1910100
01-15 09:32:37.760  2876  2888 V PhoneWindowManager: finishPostLayoutPolicyLw: mHideKeyguard=false
01-15 09:32:37.770  2449  2449 I display : [PrimaryDisplay] [DYNAMIC_RECOMP] GLES_2_HWC by high FPS(19)
01-15 09:32:37.770  2876  2888 D PhoneWindowManager: frame: Rect(0, 0 - 1280, 752) shown frame: RectF(0.0, 0.0, 1280.0, 752.0)
01-15 09:32:37.770  2876  2888 D PhoneWindowManager: attr: WM.LayoutParams{(0,0)(fillxfill) sim=#120 ty=1 fl=#1910100 fmt=-2 wanim=0x10303e5 vsysui=0x400 needsMenuKey=2} lp.flags=0x1910100
01-15 09:32:37.770  2876  2888 V PhoneWindowManager: finishPostLayoutPolicyLw: mHideKeyguard=false
01-15 09:32:37.770  2876  3354 D PhoneWindowManager: frame: Rect(0, 0 - 1280, 752) shown frame: RectF(0.0, 0.0, 1280.0, 752.0)
01-15 09:32:37.770  2876  3354 D PhoneWindowManager: attr: WM.LayoutParams{(0,0)(fillxfill) sim=#120 ty=1 fl=#1910100 fmt=-2 wanim=0x10303e5 vsysui=0x400 needsMenuKey=2} lp.flags=0x1910100
01-15 09:32:37.770  2876  3354 V PhoneWindowManager: finishPostLayoutPolicyLw: mHideKeyguard=false
01-15 09:32:37.790  3760  3788 D libEGL  : loaded /vendor/lib64/egl/libGLES_mali.so
01-15 09:32:37.800  3760  3788 I OpenGLRenderer: Initialized EGL, version 1.4
01-15 09:32:37.800  3760  3788 D         : ro.exynos.dss isEnabled: 0
01-15 09:32:37.800  3760  3788 D mali_winsys: new_window_surface returns 0x3000,  [438x183]-format:1
01-15 09:32:37.810  3314  3314 I Keyboard.Facilitator: onFinishInput()
01-15 09:32:37.880  2876  2895 D PhoneWindowManager: frame: Rect(0, 0 - 1280, 752) shown frame: RectF(0.0, 0.0, 1280.0, 752.0)
01-15 09:32:37.880  2876  2895 D PhoneWindowManager: attr: WM.LayoutParams{(0,0)(fillxfill) sim=#120 ty=1 fl=#1910100 fmt=-2 wanim=0x10303e5 vsysui=0x400 needsMenuKey=2} lp.flags=0x1910100
01-15 09:32:37.880  2876  2895 V PhoneWindowManager: finishPostLayoutPolicyLw: mHideKeyguard=false
01-15 09:32:37.880  2876  2895 D PhoneWindowManager: frame: Rect(0, 0 - 1280, 752) shown frame: RectF(0.0, 0.0, 1280.0, 752.0)
01-15 09:32:37.880  2876  2895 D PhoneWindowManager: attr: WM.LayoutParams{(0,0)(fillxfill) sim=#120 ty=1 fl=#1910100 fmt=-2 wanim=0x10303e5 vsysui=0x400 needsMenuKey=2} lp.flags=0x1910100
01-15 09:32:37.880  2876  2895 V PhoneWindowManager: finishPostLayoutPolicyLw: mHideKeyguard=false
01-15 09:32:38.070  2876  3349 W art     : Long monitor contention event with owner method=int com.android.server.am.ActivityStackSupervisor.startActivityMayWait(android.app.IApplicationThread, int, java.lang.String, android.content.Intent, java.lang.String, android.service.voice.IVoiceInteractionSession, com.android.internal.app.IVoiceInteractor, android.os.IBinder, java.lang.String, int, int, android.app.ProfilerInfo, android.app.IActivityManager$WaitResult, android.content.res.Configuration, android.os.Bundle, boolean, int, android.app.IActivityContainer, com.android.server.am.TaskRecord) from ActivityStackSupervisor.java:946 waiters=0 for 314ms
01-15 09:32:38.070  2876  2895 W art     : Long monitor contention event with owner method=int com.android.server.am.ActivityStackSupervisor.startActivityMayWait(android.app.IApplicationThread, int, java.lang.String, android.content.Intent, java.lang.String, android.service.voice.IVoiceInteractionSession, com.android.internal.app.IVoiceInteractor, android.os.IBinder, java.lang.String, int, int, android.app.ProfilerInfo, android.app.IActivityManager$WaitResult, android.content.res.Configuration, android.os.Bundle, boolean, int, android.app.IActivityContainer, com.android.server.am.TaskRecord) from ActivityStackSupervisor.java:946 waiters=1 for 193ms
01-15 09:32:38.070  2876  3354 I WindowManager: Screenshot max retries 4 of Token{fdc6129 ActivityRecord{3b9eb0 u0 com.gitauto.g_scan.launcher/.MainActivity t12}} appWin=Window{eba8c6b u0 com.gitauto.g_scan.launcher/com.gitauto.g_scan.launcher.MainActivity} drawState=3
01-15 09:32:38.070  2876  3354 D PhoneWindowManager: frame: Rect(0, 0 - 1280, 752) shown frame: RectF(0.0, 0.0, 1280.0, 752.0)
01-15 09:32:38.070  2876  3354 D PhoneWindowManager: attr: WM.LayoutParams{(0,0)(fillxfill) sim=#120 ty=1 fl=#1910100 fmt=-2 wanim=0x10303e5 vsysui=0x400 needsMenuKey=2} lp.flags=0x1910100
01-15 09:32:38.070  2876  3354 V PhoneWindowManager: finishPostLayoutPolicyLw: mHideKeyguard=false
01-15 09:32:38.090  2876  3349 I ActivityManager: Start proc 3807:com.google.android.inputmethod.korean/u0a35 for broadcast com.google.android.inputmethod.korean/com.google.android.apps.inputmethod.libs.framework.core.LauncherIconVisibilityInitializer
01-15 09:32:38.100  3760  3787 I art     : System.exit called, status: 0
01-15 09:32:38.100  3760  3787 I AndroidRuntime: VM exiting with result code 0, cleanup skipped.
01-15 09:32:38.100  2876  2905 I ActivityManager: Start proc 3820:com.gitauto.g_scan.gscan3/1000 for activity com.gitauto.g_scan.gscan3/.MainActivity
01-15 09:32:38.100  2876  2895 D PhoneWindowManager: frame: Rect(0, 0 - 1280, 752) shown frame: RectF(0.0, 0.0, 1280.0, 752.0)
01-15 09:32:38.100  2876  2895 D PhoneWindowManager: attr: WM.LayoutParams{(0,0)(fillxfill) sim=#120 ty=1 fl=#1910100 fmt=-2 wanim=0x10303e5 vsysui=0x400 needsMenuKey=2} lp.flags=0x1910100
01-15 09:32:38.100  2876  2895 V PhoneWindowManager: finishPostLayoutPolicyLw: mHideKeyguard=false
01-15 09:32:38.100  2876  2887 D PhoneWindowManager: frame: Rect(0, 0 - 1280, 752) shown frame: RectF(0.0, 0.0, 1280.0, 752.0)
01-15 09:32:38.100  2876  2887 D PhoneWindowManager: attr: WM.LayoutParams{(0,0)(fillxfill) sim=#120 ty=1 fl=#1910100 fmt=-2 wanim=0x10303e5 vsysui=0x400 needsMenuKey=2} lp.flags=0x1910100
01-15 09:32:38.100  2876  2887 V PhoneWindowManager: finishPostLayoutPolicyLw: mHideKeyguard=false
01-15 09:32:38.110  3807  3807 W System  : ClassLoader referenced unknown path: /system/app/KoreanIME/lib/arm64
01-15 09:32:38.130  2592  2592 D NuPlayerDriver: reset(0xf4d36180)
01-15 09:32:38.130  2592  2592 D NuPlayerDriver: notifyListener_l(0xf4d36180), (8, 0, 0)
01-15 09:32:38.130  2592  3417 W AMessage: failed to post message as target looper for handler 0 is gone.
01-15 09:32:38.130  2592  3417 D NuPlayerDriver: notifyResetComplete(0xf4d36180)
01-15 09:32:38.140  3658  3658 I CalendarProvider2: Sending notification intent: Intent { act=android.intent.action.PROVIDER_CHANGED dat=content://com.android.calendar flg=0x20000000 }
01-15 09:32:38.150  3658  3658 W ContentResolver: Failed to get type for: content://com.android.calendar (Unknown URL content://com.android.calendar)
01-15 09:32:38.220  3807  3807 I AndroidIME: com.google.android.apps.inputmethod.libs.framework.core.LauncherIconVisibilityInitializerBase: android.intent.action.BOOT_COMPLETED
01-15 09:32:38.220  3314  3314 I SystemBroadcastReceiver: Boot has been completed
01-15 09:32:38.220  3314  3314 I SystemBroadcastReceiver: toggleAppIcon() : FLAG_SYSTEM = true
01-15 09:32:38.220  3461  3461 V TracingPowerManager: Creating TracingPowerManager
01-15 09:32:38.220  3461  3461 V TracingPowerManager$Tra: TracingWakeLock for tag CoreReceiver getWakeLock / id 0: Create
