--------- beginning of main
01-15 09:33:53.970  2441  2441 I /system/bin/tzdatacheck: tzdata file /data/misc/zoneinfo/current/tzdata does not exist. No action required.
01-15 09:33:53.990  2444  2444 I lowmemorykiller: Using in-kernel low memory killer interface
--------- beginning of system
01-15 09:33:54.020  2435  2435 I vold    : Vold 3.0 (the awakening) firing up
01-15 09:33:54.020  2435  2435 V vold    : Detected support for: ext4 vfat ntfs exfat
01-15 09:33:54.040  2435  2467 V vold    : /system/bin/sgdisk
01-15 09:33:54.040  2435  2467 V vold    :     --android-dump
01-15 09:33:54.040  2435  2467 V vold    :     /dev/block/vold/disk:179,32
01-15 09:33:54.040  2435  2523 D VoldCryptCmdListener: cryptfs mountdefaultencrypted
01-15 09:33:54.040  2435  2523 I Ext4Crypt: ext4 crypto complete called on /data
01-15 09:33:54.040  2435  2523 I Ext4Crypt: No master key, so not ext4enc
01-15 09:33:54.040  2435  2523 I Cryptfs : cryptfs_check_passwd
01-15 09:33:54.040  2435  2523 I Ext4Crypt: ext4 crypto complete called on /data
01-15 09:33:54.040  2435  2523 I Ext4Crypt: No master key, so not ext4enc
01-15 09:33:54.040  2435  2523 D Cryptfs : crypt_ftr->fs_size = 74977120
01-15 09:33:54.040  2435  2523 I Cryptfs : Using scrypt for cryptfs KDF
01-15 09:33:54.050  2435  2467 V vold    : DISK mbr
01-15 09:33:54.050  2435  2467 V vold    : PART 1 c
01-15 09:33:54.050  2435  2467 V vold    : /system/bin/blkid
01-15 09:33:54.050  2435  2467 V vold    :     -c
01-15 09:33:54.050  2435  2467 V vold    :     /dev/null
01-15 09:33:54.050  2435  2467 V vold    :     -s
01-15 09:33:54.050  2435  2467 V vold    :     TYPE
01-15 09:33:54.050  2435  2467 V vold    :     -s
01-15 09:33:54.050  2435  2467 V vold    :     UUID
01-15 09:33:54.050  2435  2467 V vold    :     -s
01-15 09:33:54.050  2435  2467 V vold    :     LABEL
01-15 09:33:54.050  2435  2467 V vold    :     /dev/block/mmcblk1
01-15 09:33:54.060  2447  2447 I SurfaceFlinger: SurfaceFlinger is starting
01-15 09:33:54.060  2447  2447 I SurfaceFlinger: SurfaceFlinger's main thread ready to run. Initializing graphics H/W...
01-15 09:33:54.070  2435  2467 E vold    : Failed to pclose /system/bin/blkid -c /dev/null -s TYPE -s UUID -s LABEL /dev/block/mmcblk1 : Success
01-15 09:33:54.130  2447  2447 D libEGL  : loaded /vendor/lib64/egl/libGLES_mali.so
01-15 09:33:54.140  2447  2447 I gralloc : using (id=)
01-15 09:33:54.140  2447  2447 I gralloc : xres         = 1280 px
01-15 09:33:54.140  2447  2447 I gralloc : yres         = 800 px
01-15 09:33:54.140  2447  2447 I gralloc : width        = 217 mm (149.824890 dpi)
01-15 09:33:54.140  2447  2447 I gralloc : height       = 137 mm (148.321167 dpi)
01-15 09:33:54.140  2447  2447 I gralloc : refresh rate = 62.39 Hz
01-15 09:33:54.150  2447  2447 E hdmi    : Fail to open hdmi_reserve_mem_fd /sys/class/ion_cma/ion_video_ext/isolated, error(-1)
01-15 09:33:54.150  2447  2447 D hwcomposer: using
01-15 09:33:54.150  2447  2447 D hwcomposer: xres         = 1280 px
01-15 09:33:54.150  2447  2447 D hwcomposer: yres         = 800 px
01-15 09:33:54.150  2447  2447 D hwcomposer: width        = 217 mm (149.824000 dpi)
01-15 09:33:54.150  2447  2447 D hwcomposer: height       = 137 mm (148.321000 dpi)
01-15 09:33:54.150  2447  2447 D hwcomposer: refresh rate = 60 Hz
01-15 09:33:54.150  2447  2447 D hdmi    : open fd for HDMI(18)
01-15 09:33:54.150  2447  2447 V DisplayResourceManagerModule: internalMPP type(0), index(0)
01-15 09:33:54.150  2447  2447 V DisplayResourceManagerModule: internalMPP type(0), index(1)
01-15 09:33:54.150  2447  2447 V DisplayResourceManagerModule: internalMPP type(2), index(0)
01-15 09:33:54.150  2447  2447 V DisplayResourceManagerModule: internalMPP type(2), index(1)
01-15 09:33:54.150  2447  2447 V DisplayResourceManagerModule: externalMPP type(4), index(0)
01-15 09:33:54.150  2447  2447 I hwcutils: Open /dev/s5p-smem
01-15 09:33:54.150  2447  2447 V DisplayResourceManagerModule: externalMPP type(4), index(0)
01-15 09:33:54.150  2447  2447 I hwcutils: Open /dev/s5p-smem
01-15 09:33:54.150  2447  2447 V DisplayResourceManagerModule: externalMPP type(4), index(0)
01-15 09:33:54.150  2447  2447 I hwcutils: Open /dev/s5p-smem
01-15 09:33:54.150  2447  2447 V DisplayResourceManagerModule: externalMPP type(4), index(0)
01-15 09:33:54.150  2447  2447 I hwcutils: Open /dev/s5p-smem
01-15 09:33:54.150  2447  2447 V DisplayResourceManagerModule: externalMPP type(4), index(0)
01-15 09:33:54.150  2447  2447 I hwcutils: Open /dev/s5p-smem
01-15 09:33:54.150  2447  2447 I hwcomposer: PSR info devname = /sys/devices/13930000.decon_fb/psr_info
01-15 09:33:54.150  2447  2447 I hwcomposer: PSR mode   = 0 (0: video mode, 1: DP PSR mode, 2: MIPI-DSI command mode)
01-15 09:33:54.150  2447  2447 I hwcomposer: Panel type = 0 (0: Legacy, 1: DSC)
01-15 09:33:54.150  2447  2447 I SurfaceFlinger: Using composer version 1.5
01-15 09:33:54.150  2447  2447 E display : [PrimaryDisplay] unknown display attribute 6
01-15 09:33:54.150  2447  2447 I SurfaceFlinger: EGL information:
01-15 09:33:54.150  2447  2447 I SurfaceFlinger: vendor    : Android
01-15 09:33:54.150  2447  2447 I SurfaceFlinger: version   : 1.4 Android META-EGL
01-15 09:33:54.150  2447  2447 I SurfaceFlinger: extensions: EGL_KHR_get_all_proc_addresses EGL_ANDROID_presentation_time EGL_KHR_swap_buffers_with_damage EGL_KHR_image EGL_KHR_image_base EGL_KHR_gl_texture_2D_image EGL_KHR_gl_texture_cubemap_image EGL_KHR_gl_renderbuffer_image EGL_KHR_fence_sync EGL_KHR_create_context EGL_KHR_config_attribs EGL_KHR_surfaceless_context EGL_EXT_create_context_robustness EGL_ANDROID_image_native_buffer EGL_KHR_wait_sync EGL_ANDROID_recordable EGL_KHR_partial_update 
01-15 09:33:54.150  2447  2447 I SurfaceFlinger: Client API: OpenGL_ES
01-15 09:33:54.150  2447  2447 I SurfaceFlinger: EGLSurface: 8-8-8-8, config=0x7fac8fc128
01-15 09:33:54.150  2447  2447 D         : ro.exynos.dss isEnabled: 0
01-15 09:33:54.150  2447  2447 I SurfaceFlinger: OpenGL ES informations:
01-15 09:33:54.150  2447  2447 I SurfaceFlinger: vendor    : ARM
01-15 09:33:54.150  2447  2447 I SurfaceFlinger: renderer  : Mali-T760
01-15 09:33:54.150  2447  2447 I SurfaceFlinger: version   : OpenGL ES 3.1 v1.r7p0-03rel0.a688a2984e1b88809837db7fce8688f2
01-15 09:33:54.150  2447  2447 I SurfaceFlinger: extensions: GL_EXT_debug_marker GL_ARM_rgba8 GL_ARM_mali_shader_binary GL_OES_depth24 GL_OES_depth_texture GL_OES_depth_texture_cube_map GL_OES_packed_depth_stencil GL_OES_rgb8_rgba8 GL_EXT_read_format_bgra GL_OES_compressed_paletted_texture GL_OES_compressed_ETC1_RGB8_texture GL_OES_standard_derivatives GL_OES_EGL_image GL_OES_EGL_image_external GL_OES_EGL_sync GL_OES_texture_npot GL_OES_vertex_half_float GL_OES_required_internalformat GL_OES_vertex_array_object GL_OES_mapbuffer GL_EXT_texture_format_BGRA8888 GL_EXT_texture_rg GL_EXT_texture_type_2_10_10_10_REV GL_OES_fbo_render_mipmap GL_OES_element_index_uint GL_EXT_shadow_samplers GL_OES_texture_compression_astc GL_KHR_texture_compression_astc_ldr GL_KHR_texture_compression_astc_hdr GL_KHR_debug GL_EXT_occlusion_query_boolean GL_EXT_disjoint_timer_query GL_EXT_blend_minmax GL_EXT_discard_framebuffer GL_OES_get_program_binary GL_OES_texture_3D GL_EXT_texture_storage GL_EXT_multisampled_render_to_texture GL_OES_surfaceless_context GL_OES_texture_stencil8 G
01-15 09:33:54.150  2447  2447 I SurfaceFlinger: GL_MAX_TEXTURE_SIZE = 8192
01-15 09:33:54.150  2447  2447 I SurfaceFlinger: GL_MAX_VIEWPORT_DIMS = 8192
01-15 09:33:54.150  2447  2447 D mali_winsys: new_window_surface returns 0x3000,  [1280x800]-format:1
01-15 09:33:54.150  2447  2447 D SurfaceFlinger: Set power mode=2, type=0 flinger=0x7fae6c3c00
01-15 09:33:54.150  2447  2447 I hwcomposer: int exynos_setPowerMode(hwc_composer_device_1*, int, int):: disp(0), mode(2)
01-15 09:33:54.200  2447  2447 D hdmi    : Close fd for HDMI
01-15 09:33:54.260  2447  2526 I SurfaceFlinger: Get property density 160.000000
01-15 09:33:54.310  2447  2447 D SurfaceFlinger: shader cache generated - 24 shaders in 112.188339 ms
01-15 09:33:54.320  2447  2447 E display : WIN_CONFIG is skipped, but mLastRetireFenceFd is not valid
01-15 09:33:54.340  2561  2565 D libEGL  : loaded /vendor/lib64/egl/libGLES_mali.so
01-15 09:33:54.340  2447  2447 E display : WIN_CONFIG is skipped, but mLastRetireFenceFd is not valid
01-15 09:33:54.350  2561  2565 E cutils-trace: Error opening trace file: Permission denied (13)
01-15 09:33:54.350  2561  2565 D mali_winsys: new_window_surface returns 0x3000,  [1280x800]-format:2
01-15 09:33:54.350  2561  2565 D         : ro.exynos.dss isEnabled: 0
01-15 09:33:54.360  2561  2565 E BootAnimation: couldn't find audio_conf.txt
01-15 09:33:54.580  2435  2523 I Cryptfs : Enabling support for allow_discards in dmcrypt.
01-15 09:33:54.580  2435  2467 D vold    : Disk at 254:0 changed
01-15 09:33:55.080  2435  2523 I Cryptfs : Password matches
01-15 09:33:55.080  2435  2523 D Cryptfs : test_mount_encrypted_fs(): Master key saved
01-15 09:33:55.080  2435  2523 I Cryptfs : keymaster module name is Keymaster OpenSSL HAL
01-15 09:33:55.080  2435  2523 I Cryptfs : keymaster version is 2
01-15 09:33:55.080  2435  2523 I Cryptfs : Found keymaster0 module, using keymaster0 API.
01-15 09:33:55.080  2435  2523 D Cryptfs : Password is default - restarting filesystem
01-15 09:33:55.080  2435  2523 D Cryptfs : unmounting /data succeeded
01-15 09:33:55.170  2435  2523 D Cryptfs : Just triggered post_fs_data
01-15 09:33:55.180  2434  2453 E FrameworkListener: read() failed (Connection reset by peer)
01-15 09:33:55.190  2589  2589 I /system/bin/tzdatacheck: tzdata file /data/misc/zoneinfo/current/tzdata does not exist. No action required.
01-15 09:33:55.220  2435  2523 D Cryptfs : post_fs_data done
01-15 09:33:55.220  2435  2523 D Cryptfs : Just triggered restart_framework
01-15 09:33:55.230  2592  2592 I         : debuggerd: starting
01-15 09:33:55.240  2598  2598 I rpmbd   : *************** start rpmb daemon *************** 
01-15 09:33:55.240  2598  2598 I rpmbd   : Socket has name /data/app/rpmbd
01-15 09:33:55.240  2603  2603 D LOGKIT  : boot time = 19-01-15-09:33:55
01-15 09:33:55.240  2605  2605 E MARCH   : Init March Hotplug Governor...2015.05.01
01-15 09:33:55.240  2605  2605 E MARCH   : Can start March
01-15 09:33:55.240  2603  2606 D LOGKIT  : logkit socket start
01-15 09:33:55.240  2603  2606 D LOGKIT  : now accept
01-15 09:33:55.240  2596  2596 I installd: installd firing up
01-15 09:33:55.240  2602  2602 I perfprofd: starting Android Wide Profiling daemon
01-15 09:33:55.240  2602  2602 E perfprofd: unable to open configuration file /data/data/com.google.android.gms/files/perfprofd.conf
01-15 09:33:55.240  2602  2602 I perfprofd: random seed set to 3582591531
01-15 09:33:55.240  2604  2604 E JANUARY : Init January Booster...
01-15 09:33:55.240  2604  2604 E JANUARY : Start January Booster
01-15 09:33:55.240  2604  2604 E JANUARY : Use HAL Init value
01-15 09:33:55.240  2604  2604 E JANUARY : ++JANEPS: Ready to receive command
01-15 09:33:55.250  2597  2597 I keystore: Found keymaster0 module Keymaster OpenSSL HAL, version 2
01-15 09:33:55.250  2597  2597 I SoftKeymaster: system/keymaster/soft_keymaster_device.cpp, Line 122: Creating device
01-15 09:33:55.250  2597  2597 D SoftKeymaster: system/keymaster/soft_keymaster_device.cpp, Line 123: Device address: 0x7f77fe3000
01-15 09:33:55.250  2597  2597 I keystore: Keymaster0 module is software-only.  Using SoftKeymasterDevice instead.
01-15 09:33:55.250  2597  2597 I SoftKeymaster: system/keymaster/soft_keymaster_device.cpp, Line 122: Creating device
01-15 09:33:55.250  2597  2597 D SoftKeymaster: system/keymaster/soft_keymaster_device.cpp, Line 123: Device address: 0x7f77fe3300
01-15 09:33:55.260  2601  2601 I gatekeeperd: Starting gatekeeperd...
01-15 09:33:55.260  2601  2601 W gatekeeperd: falling back to software GateKeeper
01-15 09:33:55.280  2590  2590 I Netd    : Netd 1.0 starting
01-15 09:33:55.280  2590  2590 D TetherController: Setting IP forward enable = 0
01-15 09:33:55.310  2591  2591 I         : debuggerd: starting
01-15 09:33:55.530  2595  2595 I mediaserver: ServiceManager: 0xf664e120
01-15 09:33:55.530  2595  2595 I AudioFlinger: Using default 3000 mSec as standby time.
01-15 09:33:55.530  2595  2595 E         : batterystats service unavailable!
01-15 09:33:55.530  2595  2595 E         : batterystats service unavailable!
01-15 09:33:55.530  2595  2595 I CameraService: CameraService started (pid=2595)
01-15 09:33:55.530  2595  2595 I CameraService: CameraService process starting
01-15 09:33:55.530  2595  2595 E         : batterystats service unavailable!
01-15 09:33:55.530  2595  2595 E         : batterystats service unavailable!
01-15 09:33:55.550  2595  2595 E cutils-trace: Error opening trace file: Permission denied (13)
01-15 09:33:55.550  2595  2595 I CameraService: Loaded "Exynos Camera HAL1" camera module
01-15 09:33:55.550  2595  2595 I CameraFlashlight: Opening camera 0
01-15 09:33:55.550  2595  2595 I ExynosCameraInterface: INFO(HAL_camera_device_open[54]):camera(0) in
01-15 09:33:55.550  2595  2595 D ExynosCameraInterface: DEBUG(check_camera_state):camera(0) state(1) checking...
01-15 09:33:55.550  2595  2595 D ExynosCameraInterface: DEBUG(check_camera_state):camera(0) state(0:NONE->1:OPENED) is valid
01-15 09:33:55.550  2595  2595 E ExynosCameraInterface: DEBUG(HAL_camera_device_open):open camera 0
01-15 09:33:55.550  2595  2595 E ExynosCamera: Build Date is (Dec 14 2018) (11:32:16) 
01-15 09:33:55.550  2595  2595 D ExynosCameraUtils: DEBUG(checkAndroidVersion[1707]): Tartget Android version (5.0), build version (6.0.1)
01-15 09:33:55.550  2595  2595 D ExynosCameraUtils: createSensorInfo[58] sensor ID(8)
01-15 09:33:55.550  2595  2595 D ExynosCameraParameters: [CAM_ID(0)][ParametersBack]-DEBUG(m_setParamCropRegion):size0(4128, 3096, 1920, 1080)
01-15 09:33:55.550  2595  2595 D ExynosCameraParameters: [CAM_ID(0)][ParametersBack]-DEBUG(m_setParamCropRegion):size(0, 386, 4128, 2324), level(0)
01-15 09:33:55.550  2595  2595 I ExynosCameraParameters: [CAM_ID(0)][ParametersBack]-INFO(setDefaultCameraInfo[473])
01-15 09:33:55.550  2595  2595 D ExynosCameraParameters: [CAM_ID(0)][ParametersBack]-DEBUG(m_setBnsScaleRatio[3555]): This camera does not support BNS
01-15 09:33:55.550  2595  2595 D ExynosCameraParameters: [CAM_ID(0)][ParametersBack]-DEBUG(m_setBnsScaleRatio[3564]): update BNS ratio(0 -> 1000)
01-15 09:33:55.550  2595  2595 D ExynosCameraParameters: [CAM_ID(0)][ParametersBack]-INFO(setDefaultParameter[488] IN
01-15 09:33:55.550  2595  2595 D ExynosCameraParameters: [CAM_ID(0)][ParametersBack]-DEBUG(setDefaultParameter): Default preview size is 1920x1080
01-15 09:33:55.550  2595  2595 W ExynosCameraParameters: [CAM_ID(0)][ParametersBack]-WARN(setDefaultParameter):getResolutionList(MODE_VIDEO) fail
01-15 09:33:55.550  2595  2595 D ExynosCameraParameters: [CAM_ID(0)][ParametersBack]-DEBUG(setDefaultParameter): KEY_SUPPORTED_VIDEO_SIZES 3840x2160,1920x1080,1440x1080,1280x720,960x720,800x450,720x480,640x480,480x320,352x288,320x240
01-15 09:33:55.550  2595  2595 D ExynosCameraParameters: [CAM_ID(0)][ParametersBack]-DEBUG(setDefaultParameter): Max video size is 1920x1080
01-15 09:33:55.550  2595  2595 D ExynosCameraParameters: [CAM_ID(0)][ParametersBack]-DEBUG(setDefaultParameter): Default video size is 1920x1080
01-15 09:33:55.550  2595  2595 I ExynosCameraParameters: [CAM_ID(0)][ParametersBack]-INFO(setDefaultParameter[560]):video_frame_foramt == YUV420SP_NV21
01-15 09:33:55.550  2595  2595 D ExynosCameraParameters: [CAM_ID(0)][ParametersBack]-DEBUG(setDefaultParameter): Default picture size is 4128x2322
01-15 09:33:55.550  2595  2595 I ExynosCameraParameters: [CAM_ID(0)][ParametersBack]-INFO(getPreviewFpsRange[1118]):minFpsRange=15, maxFpsRange=120
01-15 09:33:55.550  2595  2595 I ExynosCameraParameters: [CAM_ID(0)][ParametersBack]-INFO(setDefaultParameter):supportedFpsList=(15000,15000),(24000,24000),(15000,30000),(30000,30000)
01-15 09:33:55.550  2595  2595 D ExynosCameraParameters: [CAM_ID(0)][ParametersBack]-(setParameters[190]): ==setParameters IN==
01-15 09:33:55.550  2595  2595 D ExynosCameraParameters: [CAM_ID(0)][ParametersBack]-DEBUG(setParameters):intelligent_mode : -1
01-15 09:33:55.550  2595  2595 D ExynosCameraParameters: [CAM_ID(0)][ParametersBack]-DEBUG(setParameters):intelligent_mode(-1) getVisionMode(0)
01-15 09:33:55.550  2595  2595 D ExynosCameraParameters: [CAM_ID(0)][ParametersBack]-DEBUG(setParameters):fast-fps-mode : 0
01-15 09:33:55.550  2595  2595 D ExynosCameraParameters: [CAM_ID(0)][ParametersBack]-DEBUG(setParameters):fast-fps-mode : 0
01-15 09:33:55.550  2595  2595 D ExynosCameraParameters: [CAM_ID(0)][ParametersBack]-INFO(checkPreviewFpsRange):Original FpsRange[Min=15000, Max=30000],framerate = 30
01-15 09:33:55.550  2595  2595 D ExynosCameraParameters: [CAM_ID(0)][ParametersBack]-INFO(checkPreviewFpsRange):curFpsRange[Min=15, Max=30], newFpsRange[Min=15, Max=30], [curFrameRate=30]
01-15 09:33:55.550  2595  2595 I ExynosCameraActivityControl: INFO(setFpsValue[819]): m_fpsValue(15)
01-15 09:33:55.550  2595  2595 D ExynosCameraParameters: [CAM_ID(0)][ParametersBack]-INFO(setParameters):newVideo Size (1920x1080), ratioId(0)
01-15 09:33:55.550  2595  2595 D ExynosCameraParameters: [CAM_ID(0)][ParametersBack]-DEBUG(setParameters):newHwVdis 0
01-15 09:33:55.550  2595  2595 D ExynosCameraParameters: [CAM_ID(0)][ParametersBack]-DEBUG(setParameters):new3dnrMode false
01-15 09:33:55.550  2595  2595 D ExynosCameraParameters: [CAM_ID(0)][ParametersBack]-DEBUG(setParameters):newDrcMode false
01-15 09:33:55.550  2595  2595 D ExynosCameraParameters: [CAM_ID(0)][ParametersBack]-DEBUG(setParameters):newOdcMode false
01-15 09:33:55.550  2595  2595 D ExynosCameraParameters: [CAM_ID(0)][ParametersBack]-DEBUG(setParameters):highResolutionMode:off
01-15 09:33:55.550  2595  2595 D ExynosCameraParameters: [CAM_ID(0)][ParametersBack]-DEBUG(updatePreviewSizeRatio[4150]): previewSizeRatioId(0)
01-15 09:33:55.550  2595  2595 I ExynosCameraParameters: [CAM_ID(0)][ParametersBack]-INFO(setParameters):Cur Preview size(1920x1080)
01-15 09:33:55.550  2595  2595 I ExynosCameraParameters: [CAM_ID(0)][ParametersBack]-INFO(setParameters):Cur HwPreview size(1920x1080)
01-15 09:33:55.550  2595  2595 I ExynosCameraParameters: [CAM_ID(0)][ParametersBack]-INFO(setParameters):param.preview size(1920x1080)
01-15 09:33:55.550  2595  2595 I ExynosCameraParameters: [CAM_ID(0)][ParametersBack]-INFO(setParameters):Adjust Preview size(1920x1080), ratioId(0)
01-15 09:33:55.550  2595  2595 I ExynosCameraParameters: [CAM_ID(0)][ParametersBack]-INFO(setParameters):Calibrated HwPreview size(1920x1080)
01-15 09:33:55.550  2595  2595 D ExynosCameraParameters: [CAM_ID(0)][ParametersBack]-DEBUG(setParameters):newPreviewFormat: yuv420sp
01-15 09:33:55.550  2595  2595 I ExynosCameraParameters: [CAM_ID(0)][ParametersBack]-INFO(Parameters[3288]): preview format changed cur(yuv420sp) -> new(yuv420sp)
01-15 09:33:55.550  2595  2595 D ExynosCameraParameters: [CAM_ID(0)][ParametersBack]-newPictureW = 4128, newPictureH = 2322
01-15 09:33:55.550  2595  2595 I ExynosCameraParameters: [CAM_ID(0)][ParametersBack]-INFO(setParameters):newPicture Size (4128x2322), ratioId(0)
01-15 09:33:55.550  2595  2595 D ExynosCameraParameters: [CAM_ID(0)][ParametersBack]-DEBUG(setParameters):newPictureFormat jpeg
01-15 09:33:55.550  2595  2595 I ExynosCameraParameters: [CAM_ID(0)][ParametersBack]-INFO(Parameters[4208]): Picture format changed, cur(jpeg) -> new(jpeg)
01-15 09:33:55.550  2595  2595 D ExynosCameraParameters: [CAM_ID(0)][ParametersBack]-DEBUG(setParameters):newJpegQuality 96
01-15 09:33:55.550  2595  2595 D ExynosCameraParameters: [CAM_ID(0)][ParametersBack]-DEBUG(setParameters):newJpegThumbnailW X newJpegThumbnailH: 512 X 384
01-15 09:33:55.550  2595  2595 D ExynosCameraParameters: [CAM_ID(0)][ParametersBack]-DEBUG(setParameters):newJpegThumbnailQuality 100
01-15 09:33:55.550  2595  2595 D ExynosCameraParameters: [CAM_ID(0)][ParametersBack]-DEBUG(setParameters):newZoom 0
01-15 09:33:55.550  2595  2595 W ExynosCameraParameters: [CAM_ID(0)][ParametersBack]-ERROR(getPreviewBayerCropSize[9416]): current BNS size(4144x3106) is NOT same with Hw BNS size(4144x2332)
01-15 09:33:55.550  2595  2595 D ExynosCameraParameters: [CAM_ID(0)][ParametersBack]-DEBUG(setParameters):set orientation:0
01-15 09:33:55.550  2595  2595 D ExynosCameraParameters: [CAM_ID(0)][ParametersBack]-DEBUG(setParameters):newExposureCompensation 0
01-15 09:33:55.550  2595  2595 D ExynosCameraParameters: [CAM_ID(0)][ParametersBack]-DEBUG(setParameters):strNewMeteringMode center
01-15 09:33:55.550  2595  2595 I ExynosCameraParameters: [CAM_ID(0)][ParametersBack]-INFO(checkMeteringMode): Metering Area is changed (0 -> 2)
01-15 09:33:55.550  2595  2595 D ExynosCameraParameters: [CAM_ID(0)][ParametersBack]-DEBUG(setParameters):strNewAntibanding 60hz
01-15 09:33:55.550  2595  2595 D ExynosCameraParameters: [CAM_ID(0)][ParametersBack]-DEBUG(setParameters):strNewSceneMode auto
01-15 09:33:55.550  2595  2595 D ExynosCameraParameters: [CAM_ID(0)][ParametersBack]-DEBUG(setParameters):strNewFocusMode auto
01-15 09:33:55.550  2595  2595 D ExynosCameraParameters: [CAM_ID(0)][ParametersBack]-DEBUG(setParameters):strNewFlashMode off
01-15 09:33:55.550  2595  2595 D ExynosCameraParameters: [CAM_ID(0)][ParametersBack]-DEBUG(setParameters):newWhiteBalance daylight
01-15 09:33:55.550  2595  2595 D ExynosCameraParameters: [CAM_ID(0)][ParametersBack]-DEBUG(setParameters):newFocusAreas (0,0,0,0,0)
01-15 09:33:55.550  2595  2595 D ExynosCameraParameters: [CAM_ID(0)][ParametersBack]-DEBUG(setParameters):strNewEffectMode none
01-15 09:33:55.550  2595  2595 D ExynosCameraParameters: [CAM_ID(0)][ParametersBack]-DEBUG(setParameters):newBrightness 0
01-15 09:33:55.550  2595  2595 D ExynosCameraParameters: [CAM_ID(0)][ParametersBack]-DEBUG(setParameters):newSaturation 1
01-15 09:33:55.550  2595  2595 D ExynosCameraParameters: [CAM_ID(0)][ParametersBack]-DEBUG(setParameters):newSharpness 1
01-15 09:33:55.550  2595  2595 D ExynosCameraParameters: [CAM_ID(0)][ParametersBack]-DEBUG(m_setSharpness):newSharpness 3 edge_mode(3),st(5), noise(1),st(0)
01-15 09:33:55.550  2595  2595 D ExynosCameraParameters: [CAM_ID(0)][ParametersBack]-DEBUG(setParameters):newHue 0
01-15 09:33:55.550  2595  2595 D ExynosCameraParameters: [CAM_ID(0)][ParametersBack]-DEBUG(setParameters):strNewISO auto
01-15 09:33:55.550  2595  2595 D ExynosCameraParameters: [CAM_ID(0)][ParametersBack]-DEBUG(setParameters):strNewContrast 0
01-15 09:33:55.550  2595  2595 D ExynosCameraParameters: [CAM_ID(0)][ParametersBack]-DEBUG(setParameters):newHDR 0
01-15 09:33:55.550  2595  2595 D ExynosCameraParameters: [CAM_ID(0)][ParametersBack]-qlp(checkShotMode):newShotMode -1
01-15 09:33:55.550  2595  2595 D ExynosCameraParameters: [CAM_ID(0)][ParametersBack]-DEBUG(setParameters):newVTMode -1
01-15 09:33:55.550  2595  2595 D ExynosCameraParameters: [CAM_ID(0)][ParametersBack]-DEBUG(setParameters): seriesShotFilePath NULL
01-15 09:33:55.550  2595  2595 D ExynosCameraParameters: [CAM_ID(0)][ParametersBack]-(void android::ExynosCameraParameters::m_getSetfileYuvRange(bool, int*, int*))[9061] : CurrentState (0x   0), currentSetfile(0)
01-15 09:33:55.550  2595  2595 D ExynosCameraParameters: [CAM_ID(0)][ParametersBack]-(void android::ExynosCameraParameters::m_getSetfileYuvRange(bool, int*, int*))[9061] : CurrentState (0x   1), currentSetfile(5)
01-15 09:33:55.550  2595  2595 D ExynosCameraParameters: [CAM_ID(0)][ParametersBack]-DEBUG(checkSetfileYuvRange[8895]):m_cameraId(0) : general[setfile(0) YUV range(0)] : reprocesing[setfile(5) YUV range(0)]
01-15 09:33:55.550  2595  2595 D ExynosCameraParameters: [CAM_ID(0)][ParametersBack]-[checkFocusPosition][7412] string : 146,292,438,584,730,876,1024
01-15 09:33:55.550  2595  2595 D ExynosCameraParameters: [CAM_ID(0)][ParametersBack]-checkFrontMirror: m_frontMirror = 0
01-15 09:33:55.550  2595  2595 D ExynosCameraParameters: [CAM_ID(0)][ParametersBack]-(setParameters[459]):==setParameters OUT==
01-15 09:33:55.550  2595  2595 D ExynosCameraParameters: [CAM_ID(0)][ParametersBack]-INFO(setDefaultParameter[1389]) OUT
01-15 09:33:55.550  2595  2595 D ExynosCamera: [CAM_ID(0)][]-INFO(ExynosCamera):Parameters(Id=0) created
01-15 09:33:55.550  2595  2595 I ExynosCamera: [CAM_ID(0)][]-INFO(m_createIonAllocator[10180]):try(1) to create IonAllocator
01-15 09:33:55.550  2595  2595 D ExynosCamera: [CAM_ID(0)][]-DEBUG(m_createIonAllocator[10186]):m_createIonAllocator success (allocator=0xf6646a50)
01-15 09:33:55.550  2595  2595 D ExynosCamera: [CAM_ID(0)][]-DEBUG(m_createBufferManager[10216]):m_createIonAllocator success
01-15 09:33:55.550  2595  2595 D ExynosCamera: [CAM_ID(0)][]-DEBUG(m_createBufferManager):BufferManager(BAYER_BUF) created
01-15 09:33:55.550  2595  2595 D ExynosCamera: [CAM_ID(0)][]-DEBUG(m_createBufferManager):BufferManager(3A1_BUF) created
01-15 09:33:55.550  2595  2595 D ExynosCamera: [CAM_ID(0)][]-DEBUG(m_createBufferManager):BufferManager(ISP_BUF) created
01-15 09:33:55.550  2595  2595 D ExynosCamera: [CAM_ID(0)][]-DEBUG(m_createBufferManager):BufferManager(HW_DIS_BUF) created
01-15 09:33:55.550  2595  2595 D ExynosCamera: [CAM_ID(0)][]-DEBUG(m_createBufferManager):BufferManager(ISP_RE_BUF) created
01-15 09:33:55.550  2595  2595 D ExynosCamera: [CAM_ID(0)][]-DEBUG(m_createBufferManager):BufferManager(SCC_RE_BUF) created
01-15 09:33:55.550  2595  2595 D ExynosCamera: [CAM_ID(0)][]-DEBUG(m_createBufferManager):BufferManager(SCC_BUF) created
01-15 09:33:55.550  2595  2595 D ExynosCamera: [CAM_ID(0)][]-DEBUG(m_createBufferManager):BufferManager(GSC_BUF) created
01-15 09:33:55.550  2595  2595 D ExynosCamera: [CAM_ID(0)][]-DEBUG(m_createBufferManager):BufferManager(JPEG_BUF) created
01-15 09:33:55.550  2595  2595 D ExynosCamera: [CAM_ID(0)][]-DEBUG(m_createBufferManager):BufferManager(PREVIEW_CB_BUF) created
01-15 09:33:55.550  2595  2595 D ExynosCamera: [CAM_ID(0)][]-DEBUG(m_createBufferManager):BufferManager(HIGH_RESOLUTION_CB_BUF) created
01-15 09:33:55.550  2595  2595 D ExynosCamera: [CAM_ID(0)][]-DEBUG(m_createBufferManager):BufferManager(REC_BUF) created
01-15 09:33:55.550  2595  2595 D ExynosCamera: [CAM_ID(0)][]-DEBUG(m_createBufferManager):BufferManager(DZOOM_SCALER_BUF) created
01-15 09:33:55.550  2595  2595 I ExynosCamera: [CAM_ID(0)][]-INFO(m_createThreads[341]): -IN-
01-15 09:33:55.550  2595  2595 D ExynosCamera: [CAM_ID(0)][]-DEBUG(m_createThreads):mainThread created
01-15 09:33:55.550  2595  2595 D ExynosCamera: [CAM_ID(0)][]-DEBUG(m_createThreads):previewThread created
01-15 09:33:55.550  2595  2595 D ExynosCamera: [CAM_ID(0)][]-DEBUG(m_createThreads):mainThreadQSetupFLITEThread created
01-15 09:33:55.550  2595  2595 D ExynosCamera: [CAM_ID(0)][]-DEBUG(m_createThreads):mainThreadQSetup3AAThread created
01-15 09:33:55.550  2595  2595 D ExynosCamera: [CAM_ID(0)][]-DEBUG(m_createThreads):setBuffersThread created
01-15 09:33:55.550  2595  2595 D ExynosCamera: [CAM_ID(0)][]-DEBUG(m_createThreads):startPictureInternalThread created
01-15 09:33:55.550  2595  2595 D ExynosCamera: [CAM_ID(0)][]-DEBUG(m_createThreads):startPictureBufferThread created
01-15 09:33:55.550  2595  2595 D ExynosCamera: [CAM_ID(0)][]-DEBUG(m_createThreads):prePictureThread created
01-15 09:33:55.550  2595  2595 D ExynosCamera: [CAM_ID(0)][]-DEBUG(m_createThreads):pictureThread created
01-15 09:33:55.550  2595  2595 D ExynosCamera: [CAM_ID(0)][]-DEBUG(m_createThreads):postPictureThread created
01-15 09:33:55.550  2595  2595 D ExynosCamera: [CAM_ID(0)][]-DEBUG(m_createThreads):recordingThread created
01-15 09:33:55.550  2595  2595 D ExynosCamera: [CAM_ID(0)][]-DEBUG(m_createThreads):autoFocusThread created
01-15 09:33:55.550  2595  2595 D ExynosCamera: [CAM_ID(0)][]-DEBUG(m_createThreads):autoFocusContinousThread created
01-15 09:33:55.550  2595  2595 D ExynosCamera: [CAM_ID(0)][]-DEBUG(m_createThreads):FaceDetectThread created
01-15 09:33:55.550  2595  2595 D ExynosCamera: [CAM_ID(0)][]-DEBUG(m_createThreads):monitorThread created
01-15 09:33:55.550  2595  2595 D ExynosCamera: [CAM_ID(0)][]-DEBUG(m_createThreads):jpegCallbackThread created
01-15 09:33:55.550  2595  2595 D ExynosCamera: [CAM_ID(0)][]-DEBUG(m_createThreads):zoomPreviwWithCscQThread created
01-15 09:33:55.550  2595  2595 D ExynosCamera: [CAM_ID(0)][]-DEBUG(m_createThreads):jpegSaveThread0 created
01-15 09:33:55.550  2595  2595 D ExynosCamera: [CAM_ID(0)][]-DEBUG(m_createThreads):jpegSaveThread1 created
01-15 09:33:55.550  2595  2595 D ExynosCamera: [CAM_ID(0)][]-DEBUG(m_createThreads):jpegSaveThread2 created
01-15 09:33:55.550  2595  2595 D ExynosCamera: [CAM_ID(0)][]-DEBUG(m_createThreads):highResolutionCallbackThread created
01-15 09:33:55.550  2595  2595 D ExynosCamera: [CAM_ID(0)][]-DEBUG(m_createThreads):visionThread created
01-15 09:33:55.550  2595  2595 D ExynosCamera: [CAM_ID(0)][]-DEBUG(m_createThreads):shutterCallbackThread created
01-15 09:33:55.550  2595  2595 I ExynosCamera: [CAM_ID(0)][]-INFO(m_createThreads[439]): -OUT-
01-15 09:33:55.550  2595  2595 D ExynosCameraParameters: [CAM_ID(0)][ParametersBack]-DEBUG(setDeviceOrientation[8854]):orientation(0), hwRotation(0), fdOrientation(0)
01-15 09:33:55.550  2595  2595 I ExynosCamera: [CAM_ID(0)][]-INFO(m_initFrameFactory[488]): -IN-
01-15 09:33:55.550  2595  2595 I ExynosCamera: [CAM_ID(0)][]-INFO(m_initFrameFactory[536]): -OUT-
01-15 09:33:55.550  2595  2595 I ExynosCamera: [CAM_ID(0)][]-INFO(m_setupFrameFactory[445]): -IN-
01-15 09:33:55.550  2595  2595 I ExynosCamera: [CAM_ID(0)][]-INFO(m_setupFrameFactory[481]): -OUT-
01-15 09:33:55.550  2595  2595 I ExynosCameraInterface: INFO(HAL_camera_device_open[101]):camera(0) out from new g_cam_device[0]->priv()
01-15 09:33:55.550  2595  2595 I ExynosCameraInterface: INFO(HAL_camera_device_open[104]):camera(0) unlocked..
01-15 09:33:55.550  2595  2595 I ExynosCameraInterface: INFO(HAL_camera_device_open[115]):camera(0) out
01-15 09:33:55.550  2595  2595 I ExynosCamera: [CAM_ID(0)][]-INFO(setCallbacks[1132]): -IN-
01-15 09:33:55.550  2595  2595 I ExynosCamera: [CAM_ID(0)][]-INFO(getParameters[2545])
01-15 09:33:55.550  2595  2595 D ExynosCameraParameters: [CAM_ID(0)][ParametersBack]-INFO(getParameters[466])
01-15 09:33:55.550  2595  2595 I ExynosCameraInterface: INFO(HAL_camera_device_set_preview_window[175]):camera(0) in
01-15 09:33:55.550  2595  2595 I ExynosCamera: [CAM_ID(0)][]-INFO(setPreviewWindow[948]), w = 0xf66569d0
01-15 09:33:55.550  2595  2595 D ExynosCameraParameters: [CAM_ID(0)][ParametersBack]-DEBUG(updatePreviewSizeRatio[4150]): previewSizeRatioId(0)
01-15 09:33:55.550  2595  2595 D ExynosCameraParameters: [CAM_ID(0)][ParametersBack]-DEBUG(updatePictureSizeRatio[4156]): pictureSizeRatioId(0)
01-15 09:33:55.550  2595  2595 D ExynosCameraParameters: [CAM_ID(0)][ParametersBack]-DEBUG(updateVideoSizeRatio[4162]): videoSizeRatioId(0)
01-15 09:33:55.550  2595  2595 D ExynosCameraParameters: [CAM_ID(0)][ParametersBack]-DEBUG(updateVideoSize[4144]): newVideoSize(1920 * 1080)
01-15 09:33:55.550  2595  2595 D ExynosCameraParameters: [CAM_ID(0)][ParametersBack]-DEBUG(updatePreviewSize[4113]): newPreviewSize(1920 * 1080), newHwPreviewSize(1920 * 1080)
01-15 09:33:55.550  2595  2595 D ExynosCameraParameters: [CAM_ID(0)][ParametersBack]-DEBUG(updatePictureSize[4122]): newPictureSize(4128 * 2322), HwPictureSize(4128 * 2322)
01-15 09:33:55.550  2595  2595 I ExynosCamera: [CAM_ID(0)][]-INFO(setPreviewWindow[1030]), w = 0xf66569d0 out
01-15 09:33:55.550  2595  2595 I ExynosCameraInterface: INFO(HAL_camera_device_set_preview_window[177]):camera(0) out
01-15 09:33:55.550  2595  2595 I ExynosCamera: [CAM_ID(0)][]-INFO(setParameters[2500]): -IN-
01-15 09:33:55.550  2595  2595 D ExynosCameraParameters: [CAM_ID(0)][ParametersBack]-(setParameters[190]): ==setParameters IN==
01-15 09:33:55.550  2595  2595 D ExynosCameraParameters: [CAM_ID(0)][ParametersBack]-DEBUG(setParameters):intelligent_mode : -1
01-15 09:33:55.550  2595  2595 D ExynosCameraParameters: [CAM_ID(0)][ParametersBack]-DEBUG(setParameters):intelligent_mode(-1) getVisionMode(0)
01-15 09:33:55.550  2595  2595 D ExynosCameraParameters: [CAM_ID(0)][ParametersBack]-DEBUG(setParameters):fast-fps-mode : 0
01-15 09:33:55.550  2595  2595 D ExynosCameraParameters: [CAM_ID(0)][ParametersBack]-DEBUG(setParameters):fast-fps-mode : 0
01-15 09:33:55.550  2595  2595 D ExynosCameraParameters: [CAM_ID(0)][ParametersBack]-INFO(checkPreviewFpsRange):Original FpsRange[Min=15000, Max=30000],framerate = 30
01-15 09:33:55.550  2595  2595 D ExynosCameraParameters: [CAM_ID(0)][ParametersBack]-INFO(checkPreviewFpsRange):curFpsRange[Min=15, Max=30], newFpsRange[Min=15, Max=30], [curFrameRate=30]
01-15 09:33:55.550  2595  2595 I ExynosCameraActivityControl: INFO(setFpsValue[819]): m_fpsValue(15)
01-15 09:33:55.550  2595  2595 D ExynosCameraParameters: [CAM_ID(0)][ParametersBack]-INFO(setParameters):newVideo Size (1920x1080), ratioId(0)
01-15 09:33:55.550  2595  2595 D ExynosCameraParameters: [CAM_ID(0)][ParametersBack]-DEBUG(setParameters):newHwVdis 0
01-15 09:33:55.550  2595  2595 D ExynosCameraParameters: [CAM_ID(0)][ParametersBack]-DEBUG(setParameters):new3dnrMode false
01-15 09:33:55.550  2595  2645 D ExynosCamera: DEBUG:[bool android::ExynosCamera::m_initGrallocBuffersFunc(), 1036]
01-15 09:33:55.550  2595  2595 D ExynosCameraParameters: [CAM_ID(0)][ParametersBack]-DEBUG(setParameters):newDrcMode false
01-15 09:33:55.550  2595  2595 D ExynosCameraParameters: [CAM_ID(0)][ParametersBack]-DEBUG(setParameters):newOdcMode false
01-15 09:33:55.550  2595  2645 D ExynosCameraParameters: [CAM_ID(0)][ParametersBack]-(void android::ExynosCameraParameters::m_getSetfileYuvRange(bool, int*, int*))[9061] : CurrentState (0x   0), currentSetfile(0)
01-15 09:33:55.550  2595  2595 D ExynosCameraParameters: [CAM_ID(0)][ParametersBack]-DEBUG(setParameters):highResolutionMode:off
01-15 09:33:55.550  2595  2645 D ExynosCameraParameters: [CAM_ID(0)][ParametersBack]-DEBUG(convertingHalPreviewFormat[10357]): preview format NV21M
01-15 09:33:55.550  2595  2595 D ExynosCameraParameters: [CAM_ID(0)][ParametersBack]-DEBUG(updatePreviewSizeRatio[4150]): previewSizeRatioId(0)
01-15 09:33:55.550  2595  2595 I ExynosCameraParameters: [CAM_ID(0)][ParametersBack]-INFO(setParameters):Cur Preview size(1920x1080)
01-15 09:33:55.550  2595  2595 I ExynosCameraParameters: [CAM_ID(0)][ParametersBack]-INFO(setParameters):Cur HwPreview size(1920x1080)
01-15 09:33:55.550  2595  2595 I ExynosCameraParameters: [CAM_ID(0)][ParametersBack]-INFO(setParameters):param.preview size(1920x1080)
01-15 09:33:55.550  2595  2595 I ExynosCameraParameters: [CAM_ID(0)][ParametersBack]-INFO(setParameters):Adjust Preview size(1920x1080), ratioId(0)
01-15 09:33:55.550  2595  2595 I ExynosCameraParameters: [CAM_ID(0)][ParametersBack]-INFO(setParameters):Calibrated HwPreview size(1920x1080)
01-15 09:33:55.550  2595  2595 D ExynosCameraParameters: [CAM_ID(0)][ParametersBack]-DEBUG(setParameters):newPreviewFormat: yuv420sp
01-15 09:33:55.550  2595  2595 D ExynosCameraParameters: [CAM_ID(0)][ParametersBack]-newPictureW = 4128, newPictureH = 2322
01-15 09:33:55.550  2595  2645 D ExynosCamera: [CAM_ID(0)][]-DEBUG(m_createBufferManager):BufferManager(SCP_BUF) created
01-15 09:33:55.550  2595  2595 I ExynosCameraParameters: [CAM_ID(0)][ParametersBack]-INFO(setParameters):newPicture Size (4128x2322), ratioId(0)
01-15 09:33:55.550  2595  2595 D ExynosCameraParameters: [CAM_ID(0)][ParametersBack]-DEBUG(setParameters):newPictureFormat jpeg
01-15 09:33:55.550  2595  2595 D ExynosCameraParameters: [CAM_ID(0)][ParametersBack]-DEBUG(setParameters):newJpegQuality 96
01-15 09:33:55.550  2595  2595 D ExynosCameraParameters: [CAM_ID(0)][ParametersBack]-DEBUG(setParameters):newJpegThumbnailW X newJpegThumbnailH: 512 X 384
01-15 09:33:55.550  2595  2595 D ExynosCameraParameters: [CAM_ID(0)][ParametersBack]-DEBUG(setParameters):newJpegThumbnailQuality 100
01-15 09:33:55.550  2595  2595 D ExynosCameraParameters: [CAM_ID(0)][ParametersBack]-DEBUG(setParameters):newZoom 0
01-15 09:33:55.550  2595  2595 W ExynosCameraParameters: [CAM_ID(0)][ParametersBack]-ERROR(getPreviewBayerCropSize[9416]): current BNS size(4144x3106) is NOT same with Hw BNS size(4144x2332)
01-15 09:33:55.550  2595  2595 D ExynosCameraParameters: [CAM_ID(0)][ParametersBack]-DEBUG(setParameters):set orientation:0
01-15 09:33:55.550  2595  2595 D ExynosCameraParameters: [CAM_ID(0)][ParametersBack]-DEBUG(setParameters):newExposureCompensation 0
01-15 09:33:55.550  2595  2595 D ExynosCameraParameters: [CAM_ID(0)][ParametersBack]-DEBUG(setParameters):strNewMeteringMode center
01-15 09:33:55.550  2595  2595 D ExynosCameraParameters: [CAM_ID(0)][ParametersBack]-DEBUG(setParameters):strNewAntibanding 60hz
01-15 09:33:55.550  2595  2595 D ExynosCameraParameters: [CAM_ID(0)][ParametersBack]-DEBUG(setParameters):strNewSceneMode auto
01-15 09:33:55.550  2595  2595 D ExynosCameraParameters: [CAM_ID(0)][ParametersBack]-DEBUG(setParameters):strNewFocusMode auto
01-15 09:33:55.550  2595  2595 D ExynosCameraParameters: [CAM_ID(0)][ParametersBack]-DEBUG(setParameters):strNewFlashMode off
01-15 09:33:55.550  2595  2595 D ExynosCameraParameters: [CAM_ID(0)][ParametersBack]-DEBUG(setParameters):newWhiteBalance daylight
01-15 09:33:55.550  2595  2595 D ExynosCameraParameters: [CAM_ID(0)][ParametersBack]-DEBUG(setParameters):newFocusAreas (0,0,0,0,0)
01-15 09:33:55.550  2595  2595 D ExynosCameraParameters: [CAM_ID(0)][ParametersBack]-DEBUG(setParameters):strNewEffectMode none
01-15 09:33:55.550  2595  2595 D ExynosCameraParameters: [CAM_ID(0)][ParametersBack]-DEBUG(setParameters):newBrightness 0
01-15 09:33:55.550  2595  2595 D ExynosCameraParameters: [CAM_ID(0)][ParametersBack]-DEBUG(setParameters):newSaturation 1
01-15 09:33:55.550  2595  2595 D ExynosCameraParameters: [CAM_ID(0)][ParametersBack]-DEBUG(setParameters):newSharpness 1
01-15 09:33:55.550  2595  2595 D ExynosCameraParameters: [CAM_ID(0)][ParametersBack]-DEBUG(setParameters):newHue 0
01-15 09:33:55.550  2595  2595 D ExynosCameraParameters: [CAM_ID(0)][ParametersBack]-DEBUG(setParameters):strNewISO auto
01-15 09:33:55.550  2595  2595 D ExynosCameraParameters: [CAM_ID(0)][ParametersBack]-DEBUG(setParameters):strNewContrast 0
01-15 09:33:55.550  2595  2595 D ExynosCameraParameters: [CAM_ID(0)][ParametersBack]-DEBUG(setParameters):newHDR 0
01-15 09:33:55.550  2595  2595 D ExynosCameraParameters: [CAM_ID(0)][ParametersBack]-qlp(checkShotMode):newShotMode -1
01-15 09:33:55.550  2595  2595 D ExynosCameraParameters: [CAM_ID(0)][ParametersBack]-DEBUG(setParameters):newVTMode -1
01-15 09:33:55.550  2595  2595 D ExynosCameraParameters: [CAM_ID(0)][ParametersBack]-DEBUG(setParameters): seriesShotFilePath NULL
01-15 09:33:55.550  2595  2595 D ExynosCameraParameters: [CAM_ID(0)][ParametersBack]-(void android::ExynosCameraParameters::m_getSetfileYuvRange(bool, int*, int*))[9061] : CurrentState (0x   0), currentSetfile(0)
01-15 09:33:55.550  2595  2595 D ExynosCameraParameters: [CAM_ID(0)][ParametersBack]-(void android::ExynosCameraParameters::m_getSetfileYuvRange(bool, int*, int*))[9061] : CurrentState (0x   1), currentSetfile(5)
01-15 09:33:55.550  2595  2595 D ExynosCameraParameters: [CAM_ID(0)][ParametersBack]-DEBUG(checkSetfileYuvRange[8895]):m_cameraId(0) : general[setfile(0) YUV range(0)] : reprocesing[setfile(5) YUV range(0)]
01-15 09:33:55.550  2595  2595 D ExynosCameraParameters: [CAM_ID(0)][ParametersBack]-[checkFocusPosition][7412] string : 146,292,438,584,730,876,1024
01-15 09:33:55.550  2595  2595 D ExynosCameraParameters: [CAM_ID(0)][ParametersBack]-checkFrontMirror: m_frontMirror = 0
01-15 09:33:55.550  2595  2595 D ExynosCameraParameters: [CAM_ID(0)][ParametersBack]-(setParameters[459]):==setParameters OUT==
01-15 09:33:55.550  2595  2595 I ExynosCamera: [CAM_ID(0)][]-INFO(setParameters[2538]): -OUT-
01-15 09:33:55.550  2595  2595 I ExynosCameraInterface: INFO(HAL_camera_device_stop_preview[267]):camera(0) in
01-15 09:33:55.550  2595  2595 D ExynosCameraInterface: DEBUG(check_camera_state):camera(0) state(5) checking...
01-15 09:33:55.550  2595  2595 D ExynosCameraInterface: DEBUG(check_camera_state):camera(0) state(1:OPENED->5:PREVIEW_STOPPED) is valid
01-15 09:33:55.550  2595  2595 I ExynosCamera: [CAM_ID(0)][]-INFO(stopPreview[1562])
01-15 09:33:55.550  2595  2645 D ExynosCamera: debug: bool android::ExynosCamera::m_initGrallocBuffersFunc(), before alloc
01-15 09:33:55.550  2595  2645 I ExynosCamera: [CAM_ID(0)][]-INFO(m_allocBuffers[10959]):setInfo(planeCount=3, minBufCount=12, maxBufCount=12, type=0, allocMode=0)
01-15 09:33:55.550  2595  2645 E ExynosCameraBufferManager: [CAM_ID(0)][SCP_BUF]-ERR(m_alloc[1707]):m_reqBufCount(12)
01-15 09:33:55.580  2595  2645 D ExynosCamera: debug: bool android::ExynosCamera::m_initGrallocBuffersFunc(), after alloc
01-15 09:33:55.580  2595  2645 I ExynosCameraBufferManager: INFO(getBufStride):bufStride=1920
01-15 09:33:55.580  2595  2595 D ExynosCamera: [CAM_ID(0)][]-DEBUG(stopPreview[1585]): preview is not enabled
01-15 09:33:55.580  2595  2595 I ExynosCameraInterface: INFO(HAL_camera_device_stop_preview[301]):camera(0) out from stopPreview()
01-15 09:33:55.580  2595  2595 I ExynosCameraInterface: INFO(HAL_camera_device_stop_preview[305]):camera(0) unlocked..
01-15 09:33:55.580  2595  2595 I ExynosCameraInterface: INFO(HAL_camera_device_stop_preview[310]):camera(0) out
01-15 09:33:55.580  2595  2595 I ExynosCameraInterface: INFO(HAL_camera_device_set_preview_window[175]):camera(0) in
01-15 09:33:55.580  2595  2595 I ExynosCamera: [CAM_ID(0)][]-INFO(setPreviewWindow[948]), w = 0x0
01-15 09:33:55.580  2595  2595 D ExynosCameraParameters: [CAM_ID(0)][ParametersBack]-DEBUG(updatePreviewSize[4113]): newPreviewSize(1920 * 1080), newHwPreviewSize(1920 * 1080)
01-15 09:33:55.580  2595  2595 I ExynosCamera: [CAM_ID(0)][]-INFO(setPreviewWindow[1030]), w = 0x0 out
01-15 09:33:55.580  2595  2595 I ExynosCameraInterface: INFO(HAL_camera_device_set_preview_window[177]):camera(0) out
01-15 09:33:55.580  2595  2595 I ExynosCameraInterface: INFO(HAL_camera_device_release[509]):camera(0) in
01-15 09:33:55.580  2595  2595 D ExynosCameraInterface: DEBUG(check_camera_state):camera(0) state(2) checking...
01-15 09:33:55.580  2595  2595 D ExynosCameraInterface: DEBUG(check_camera_state):camera(0) state(5:PREVIEW_STOPPED->2:RELEASED) is valid
01-15 09:33:55.580  2595  2595 I ExynosCamera: [CAM_ID(0)][]-INFO(release[610]): -IN-
01-15 09:33:55.580  2595  2595 I ExynosCamera: [CAM_ID(0)][]-INFO(m_deinitFrameFactory[543]): -IN-
01-15 09:33:55.580  2595  2595 D ExynosCamera: [CAM_ID(0)][]-DEBUG(m_deinitFrameFactory[570]):m_frameFactory[0] destroyed
01-15 09:33:55.580  2595  2595 D ExynosCamera: [CAM_ID(0)][]-DEBUG(m_deinitFrameFactory[570]):m_frameFactory[1] destroyed
01-15 09:33:55.580  2595  2595 D ExynosCamera: [CAM_ID(0)][]-DEBUG(m_deinitFrameFactory[570]):m_frameFactory[2] destroyed
01-15 09:33:55.580  2595  2595 D ExynosCamera: [CAM_ID(0)][]-DEBUG(m_deinitFrameFactory[570]):m_frameFactory[3] destroyed
01-15 09:33:55.580  2595  2595 D ExynosCamera: [CAM_ID(0)][]-DEBUG(m_deinitFrameFactory[570]):m_frameFactory[4] destroyed
01-15 09:33:55.580  2595  2595 D ExynosCamera: [CAM_ID(0)][]-DEBUG(m_deinitFrameFactory[570]):m_frameFactory[5] destroyed
01-15 09:33:55.580  2595  2595 I ExynosCamera: [CAM_ID(0)][]-INFO(m_deinitFrameFactory[579]): -OUT-
01-15 09:33:55.580  2595  2595 D ExynosCamera: [CAM_ID(0)][]-DEBUG(release):Parameters(Id=0) destroyed
01-15 09:33:55.580  2595  2595 I ExynosCamera: [CAM_ID(0)][]-INFO(m_releaseBuffers[10821]):release buffer
01-15 09:33:55.580  2595  2595 I ExynosCamera: [CAM_ID(0)][]-INFO(m_releaseBuffers[10869]):free buffer done
01-15 09:33:55.580  2595  2595 D ExynosCamera: [CAM_ID(0)][]-DEBUG(release):BufferManager(bayerBufferMgr) destroyed
01-15 09:33:55.580  2595  2595 D ExynosCamera: [CAM_ID(0)][]-DEBUG(release):BufferManager(3aaBufferMgr) destroyed
01-15 09:33:55.580  2595  2595 D ExynosCamera: [CAM_ID(0)][]-DEBUG(release):BufferManager(ispBufferMgr) destroyed
01-15 09:33:55.580  2595  2595 D ExynosCamera: [CAM_ID(0)][]-DEBUG(release):BufferManager(m_hwDisBufferMgr) destroyed
01-15 09:33:55.580  2595  2595 D ExynosCamera: [CAM_ID(0)][]-DEBUG(release):BufferManager(m_zoomScalerBufferMgr) destroyed
01-15 09:33:55.580  2595  2595 D ExynosCamera: [CAM_ID(0)][]-DEBUG(release):BufferManager(ispReprocessingBufferMgr) destroyed
01-15 09:33:55.580  2595  2595 D ExynosCamera: [CAM_ID(0)][]-DEBUG(release):BufferManager(sccReprocessingBufferMgr) destroyed
01-15 09:33:55.580  2595  2595 D ExynosCamera: [CAM_ID(0)][]-DEBUG(release):BufferManager(sccBufferMgr) destroyed
01-15 09:33:55.580  2595  2595 D ExynosCamera: [CAM_ID(0)][]-DEBUG(release):BufferManager(gscBufferMgr) destroyed
01-15 09:33:55.580  2595  2595 D ExynosCamera: [CAM_ID(0)][]-DEBUG(release):BufferManager(jpegBufferMgr) destroyed
01-15 09:33:55.580  2595  2595 D ExynosCamera: [CAM_ID(0)][]-DEBUG(release):BufferManager(previewCallbackBufferMgr) destroyed
01-15 09:33:55.580  2595  2595 D ExynosCamera: [CAM_ID(0)][]-DEBUG(release):BufferManager(m_highResolutionCallbackBufferMgr) destroyed
01-15 09:33:55.580  2595  2595 D ExynosCamera: [CAM_ID(0)][]-DEBUG(release):BufferManager(recordingBufferMgr) destroyed
01-15 09:33:55.580  2595  2595 I ExynosCamera: [CAM_ID(0)][]-INFO(release[842]): -OUT-
01-15 09:33:55.580  2595  2595 I ExynosCameraInterface: INFO(HAL_camera_device_release[522]):camera(0) out from release()
01-15 09:33:55.580  2595  2595 I ExynosCameraInterface: INFO(HAL_camera_device_release[526]):camera(0) unlocked..
01-15 09:33:55.580  2595  2595 I ExynosCameraInterface: INFO(HAL_camera_device_release[531]):camera(0) out
01-15 09:33:55.580  2595  2595 I CameraFlashlight: Destroying camera 0
01-15 09:33:55.580  2595  2595 I ExynosCameraInterface: INFO(HAL_camera_device_close[130]): in
01-15 09:33:55.580  2595  2595 I ExynosCameraInterface: INFO(HAL_camera_device_close[136]):camera(0)
01-15 09:33:55.580  2595  2595 D ExynosCameraInterface: DEBUG(check_camera_state):camera(0) state(3) checking...
01-15 09:33:55.580  2595  2595 D ExynosCameraInterface: DEBUG(check_camera_state):camera(0) state(2:RELEASED->3:CLOSED) is valid
01-15 09:33:55.580  2595  2595 I ExynosCameraInterface: INFO(HAL_camera_device_close[146]):camera(0) locked..
01-15 09:33:55.580  2595  2595 I ExynosCameraInterface: INFO(HAL_camera_device_close[149]):camera(0) unlocked..
01-15 09:33:55.580  2595  2595 I ExynosCamera: [CAM_ID(0)][]-INFO(release[610]): -IN-
01-15 09:33:55.580  2595  2595 I ExynosCamera: [CAM_ID(0)][]-INFO(m_deinitFrameFactory[543]): -IN-
01-15 09:33:55.580  2595  2595 I ExynosCamera: [CAM_ID(0)][]-INFO(m_deinitFrameFactory[579]): -OUT-
01-15 09:33:55.580  2595  2595 I ExynosCamera: [CAM_ID(0)][]-INFO(m_releaseBuffers[10821]):release buffer
01-15 09:33:55.580  2595  2595 I ExynosCamera: [CAM_ID(0)][]-INFO(m_releaseBuffers[10869]):free buffer done
01-15 09:33:55.580  2595  2595 I ExynosCamera: [CAM_ID(0)][]-INFO(release[842]): -OUT-
01-15 09:33:55.580  2595  2595 I ExynosCameraInterface: INFO(HAL_camera_device_close[157]):camera(0)
01-15 09:33:55.580  2595  2595 I ExynosCameraInterface: INFO(HAL_camera_device_close[160]): out
01-15 09:33:55.580  2595  2595 I ServiceManager: Waiting for service media.camera.proxy...
01-15 09:33:55.780  2599  2599 D AndroidRuntime: >>>>>> START com.android.internal.os.ZygoteInit uid 0 <<<<<<
01-15 09:33:55.810  2599  2599 D AndroidRuntime: CheckJNI is OFF
01-15 09:33:55.820  2599  2599 I art     : option[0]=-Xzygote
01-15 09:33:55.820  2599  2599 I art     : option[1]=-Xstacktracefile:/data/anr/traces.txt
01-15 09:33:55.820  2599  2599 I art     : option[2]=exit
01-15 09:33:55.820  2599  2599 I art     : option[3]=vfprintf
01-15 09:33:55.820  2599  2599 I art     : option[4]=sensitiveThread
01-15 09:33:55.820  2599  2599 I art     : option[5]=-verbose:gc
01-15 09:33:55.820  2599  2599 I art     : option[6]=-Xms16m
01-15 09:33:55.820  2599  2599 I art     : option[7]=-Xmx512m
01-15 09:33:55.820  2599  2599 I art     : option[8]=-XX:HeapGrowthLimit=192m
01-15 09:33:55.820  2599  2599 I art     : option[9]=-XX:HeapMinFree=512k
01-15 09:33:55.820  2599  2599 I art     : option[10]=-XX:HeapMaxFree=8m
01-15 09:33:55.820  2599  2599 I art     : option[11]=-XX:HeapTargetUtilization=0.75
01-15 09:33:55.820  2599  2599 I art     : option[12]=-agentlib:jdwp=transport=dt_android_adb,suspend=n,server=y
01-15 09:33:55.820  2599  2599 I art     : option[13]=-Xlockprofthreshold:500
01-15 09:33:55.820  2599  2599 I art     : option[14]=-Ximage-compiler-option
01-15 09:33:55.820  2599  2599 I art     : option[15]=--runtime-arg
01-15 09:33:55.820  2599  2599 I art     : option[16]=-Ximage-compiler-option
01-15 09:33:55.820  2599  2599 I art     : option[17]=-Xms64m
01-15 09:33:55.820  2599  2599 I art     : option[18]=-Ximage-compiler-option
01-15 09:33:55.820  2599  2599 I art     : option[19]=--runtime-arg
01-15 09:33:55.820  2599  2599 I art     : option[20]=-Ximage-compiler-option
01-15 09:33:55.820  2599  2599 I art     : option[21]=-Xmx64m
01-15 09:33:55.820  2599  2599 I art     : option[22]=-Ximage-compiler-option
01-15 09:33:55.820  2599  2599 I art     : option[23]=--compiler-filter=speed
01-15 09:33:55.820  2599  2599 I art     : option[24]=-Ximage-compiler-option
01-15 09:33:55.820  2599  2599 I art     : option[25]=--image-classes=/system/etc/preloaded-classes
01-15 09:33:55.820  2599  2599 I art     : option[26]=-Xcompiler-option
01-15 09:33:55.820  2599  2599 I art     : option[27]=--runtime-arg
01-15 09:33:55.820  2599  2599 I art     : option[28]=-Xcompiler-option
01-15 09:33:55.820  2599  2599 I art     : option[29]=-Xms64m
01-15 09:33:55.820  2599  2599 I art     : option[30]=-Xcompiler-option
01-15 09:33:55.820  2599  2599 I art     : option[31]=--runtime-arg
01-15 09:33:55.820  2599  2599 I art     : option[32]=-Xcompiler-option
