01-15 09:34:01.290  3462  3462 D StrictMode: 	at com.fsck.k9.Preferences.<init>(Preferences.java:41)
01-15 09:34:01.290  3462  3462 D StrictMode: 	at com.fsck.k9.Preferences.getPreferences(Preferences.java:28)
01-15 09:34:01.290  3462  3462 D StrictMode: 	at com.fsck.k9.K9.onCreate(K9.java:547)
01-15 09:34:01.290  3462  3462 D StrictMode: 	at android.app.Instrumentation.callApplicationOnCreate(Instrumentation.java:1013)
01-15 09:34:01.290  3462  3462 D StrictMode: 	at android.app.ActivityThread.handleBindApplication(ActivityThread.java:4707)
01-15 09:34:01.290  3462  3462 D StrictMode: 	at android.app.ActivityThread.-wrap1(ActivityThread.java)
01-15 09:34:01.290  3462  3462 D StrictMode: 	at android.app.ActivityThread$H.handleMessage(ActivityThread.java:1405)
01-15 09:34:01.290  3462  3462 D StrictMode: 	at android.os.Handler.dispatchMessage(Handler.java:102)
01-15 09:34:01.290  3462  3462 D StrictMode: 	at android.os.Looper.loop(Looper.java:148)
01-15 09:34:01.290  3462  3462 D StrictMode: 	at android.app.ActivityThread.main(ActivityThread.java:5417)
01-15 09:34:01.290  3462  3462 D StrictMode: 	at java.lang.reflect.Method.invoke(Native Method)
01-15 09:34:01.290  3462  3462 D StrictMode: 	at com.android.internal.os.ZygoteInit$MethodAndArgsCaller.run(ZygoteInit.java:726)
01-15 09:34:01.290  3462  3462 D StrictMode: 	at com.android.internal.os.ZygoteInit.main(ZygoteInit.java:616)
01-15 09:34:01.290  3462  3462 D StrictMode: StrictMode policy violation; ~duration=70 ms: android.os.StrictMode$StrictModeDiskReadViolation: policy=65567 violation=2
01-15 09:34:01.290  3462  3462 D StrictMode: 	at android.os.StrictMode$AndroidBlockGuardPolicy.onReadFromDisk(StrictMode.java:1263)
01-15 09:34:01.290  3462  3462 D StrictMode: 	at android.database.sqlite.SQLiteConnection.applyBlockGuardPolicy(SQLiteConnection.java:1039)
01-15 09:34:01.290  3462  3462 D StrictMode: 	at android.database.sqlite.SQLiteConnection.executeForString(SQLiteConnection.java:636)
01-15 09:34:01.290  3462  3462 D StrictMode: 	at android.database.sqlite.SQLiteConnection.setSyncMode(SQLiteConnection.java:299)
01-15 09:34:01.290  3462  3462 D StrictMode: 	at android.database.sqlite.SQLiteConnection.setWalModeFromConfiguration(SQLiteConnection.java:293)
01-15 09:34:01.290  3462  3462 D StrictMode: 	at android.database.sqlite.SQLiteConnection.open(SQLiteConnection.java:213)
01-15 09:34:01.290  3462  3462 D StrictMode: 	at android.database.sqlite.SQLiteConnection.open(SQLiteConnection.java:191)
01-15 09:34:01.290  3462  3462 D StrictMode: 	at android.database.sqlite.SQLiteConnectionPool.openConnectionLocked(SQLiteConnectionPool.java:463)
01-15 09:34:01.290  3462  3462 D StrictMode: 	at android.database.sqlite.SQLiteConnectionPool.open(SQLiteConnectionPool.java:185)
01-15 09:34:01.290  3462  3462 D StrictMode: 	at android.database.sqlite.SQLiteConnectionPool.open(SQLiteConnectionPool.java:177)
01-15 09:34:01.290  3462  3462 D StrictMode: 	at android.database.sqlite.SQLiteDatabase.openInner(SQLiteDatabase.java:806)
01-15 09:34:01.290  3462  3462 D StrictMode: 	at android.database.sqlite.SQLiteDatabase.open(SQLiteDatabase.java:791)
01-15 09:34:01.290  3462  3462 D StrictMode: 	at android.database.sqlite.SQLiteDatabase.openDatabase(SQLiteDatabase.java:694)
01-15 09:34:01.290  3462  3462 D StrictMode: 	at android.app.ContextImpl.openOrCreateDatabase(ContextImpl.java:571)
01-15 09:34:01.290  3462  3462 D StrictMode: 	at android.app.ContextImpl.openOrCreateDatabase(ContextImpl.java:560)
01-15 09:34:01.290  3462  3462 D StrictMode: 	at android.content.ContextWrapper.openOrCreateDatabase(ContextWrapper.java:263)
01-15 09:34:01.290  3462  3462 D StrictMode: 	at com.fsck.k9.preferences.Storage.openDB(Storage.java:42)
01-15 09:34:01.290  3462  3462 D StrictMode: 	at com.fsck.k9.preferences.Storage.loadValues(Storage.java:167)
01-15 09:34:01.290  3462  3462 D StrictMode: 	at com.fsck.k9.preferences.Storage.<init>(Storage.java:188)
01-15 09:34:01.290  3462  3462 D StrictMode: 	at com.fsck.k9.preferences.Storage.getStorage(Storage.java:149)
01-15 09:34:01.290  3462  3462 D StrictMode: 	at com.fsck.k9.Preferences.<init>(Preferences.java:41)
01-15 09:34:01.290  3462  3462 D StrictMode: 	at com.fsck.k9.Preferences.getPreferences(Preferences.java:28)
01-15 09:34:01.290  3462  3462 D StrictMode: 	at com.fsck.k9.K9.onCreate(K9.java:547)
01-15 09:34:01.290  3462  3462 D StrictMode: 	at android.app.Instrumentation.callApplicationOnCreate(Instrumentation.java:1013)
01-15 09:34:01.290  3462  3462 D StrictMode: 	at android.app.ActivityThread.handleBindApplication(ActivityThread.java:4707)
01-15 09:34:01.290  3462  3462 D StrictMode: 	at android.app.ActivityThread.-wrap1(ActivityThread.java)
01-15 09:34:01.290  3462  3462 D StrictMode: 	at android.app.ActivityThread$H.handleMessage(ActivityThread.java:1405)
01-15 09:34:01.290  3462  3462 D StrictMode: 	at android.os.Handler.dispatchMessage(Handler.java:102)
01-15 09:34:01.290  3462  3462 D StrictMode: 	at android.os.Looper.loop(Looper.java:148)
01-15 09:34:01.290  3462  3462 D StrictMode: 	at android.app.ActivityThread.main(ActivityThread.java:5417)
01-15 09:34:01.290  3462  3462 D StrictMode: 	at java.lang.reflect.Method.invoke(Native Method)
01-15 09:34:01.290  3462  3462 D StrictMode: 	at com.android.internal.os.ZygoteInit$MethodAndArgsCaller.run(ZygoteInit.java:726)
01-15 09:34:01.290  3462  3462 D StrictMode: 	at com.android.internal.os.ZygoteInit.main(ZygoteInit.java:616)
01-15 09:34:01.290  3462  3462 D StrictMode: StrictMode policy violation; ~duration=70 ms: android.os.StrictMode$StrictModeDiskReadViolation: policy=65567 violation=2
01-15 09:34:01.290  3462  3462 D StrictMode: 	at android.os.StrictMode$AndroidBlockGuardPolicy.onReadFromDisk(StrictMode.java:1263)
01-15 09:34:01.290  3462  3462 D StrictMode: 	at android.database.sqlite.SQLiteConnection.applyBlockGuardPolicy(SQLiteConnection.java:1039)
01-15 09:34:01.290  3462  3462 D StrictMode: 	at android.database.sqlite.SQLiteConnection.executeForLong(SQLiteConnection.java:593)
01-15 09:34:01.290  3462  3462 D StrictMode: 	at android.database.sqlite.SQLiteConnection.setJournalSizeLimit(SQLiteConnection.java:269)
01-15 09:34:01.290  3462  3462 D StrictMode: 	at android.database.sqlite.SQLiteConnection.open(SQLiteConnection.java:214)
01-15 09:34:01.290  3462  3462 D StrictMode: 	at android.database.sqlite.SQLiteConnection.open(SQLiteConnection.java:191)
01-15 09:34:01.290  3462  3462 D StrictMode: 	at android.database.sqlite.SQLiteConnectionPool.openConnectionLocked(SQLiteConnectionPool.java:463)
01-15 09:34:01.290  3462  3462 D StrictMode: 	at android.database.sqlite.SQLiteConnectionPool.open(SQLiteConnectionPool.java:185)
01-15 09:34:01.290  3462  3462 D StrictMode: 	at android.database.sqlite.SQLiteConnectionPool.open(SQLiteConnectionPool.java:177)
01-15 09:34:01.290  3462  3462 D StrictMode: 	at android.database.sqlite.SQLiteDatabase.openInner(SQLiteDatabase.java:806)
01-15 09:34:01.290  3462  3462 D StrictMode: 	at android.database.sqlite.SQLiteDatabase.open(SQLiteDatabase.java:791)
01-15 09:34:01.290  3462  3462 D StrictMode: 	at android.database.sqlite.SQLiteDatabase.openDatabase(SQLiteDatabase.java:694)
01-15 09:34:01.290  3462  3462 D StrictMode: 	at android.app.ContextImpl.openOrCreateDatabase(ContextImpl.java:571)
01-15 09:34:01.290  3462  3462 D StrictMode: 	at android.app.ContextImpl.openOrCreateDatabase(ContextImpl.java:560)
01-15 09:34:01.290  3462  3462 D StrictMode: 	at android.content.ContextWrapper.openOrCreateDatabase(ContextWrapper.java:263)
01-15 09:34:01.290  3462  3462 D StrictMode: 	at com.fsck.k9.preferences.Storage.openDB(Storage.java:42)
01-15 09:34:01.290  3462  3462 D StrictMode: 	at com.fsck.k9.preferences.Storage.loadValues(Storage.java:167)
01-15 09:34:01.290  3462  3462 D StrictMode: 	at com.fsck.k9.preferences.Storage.<init>(Storage.java:188)
01-15 09:34:01.290  3462  3462 D StrictMode: 	at com.fsck.k9.preferences.Storage.getStorage(Storage.java:149)
01-15 09:34:01.290  3462  3462 D StrictMode: 	at com.fsck.k9.Preferences.<init>(Preferences.java:41)
01-15 09:34:01.290  3462  3462 D StrictMode: 	at com.fsck.k9.Preferences.getPreferences(Preferences.java:28)
01-15 09:34:01.290  3462  3462 D StrictMode: 	at com.fsck.k9.K9.onCreate(K9.java:547)
01-15 09:34:01.290  3462  3462 D StrictMode: 	at android.app.Instrumentation.callApplicationOnCreate(Instrumentation.java:1013)
01-15 09:34:01.290  3462  3462 D StrictMode: 	at android.app.ActivityThread.handleBindApplication(ActivityThread.java:4707)
01-15 09:34:01.290  3462  3462 D StrictMode: 	at android.app.ActivityThread.-wrap1(ActivityThread.java)
01-15 09:34:01.290  3462  3462 D StrictMode: 	at android.app.ActivityThread$H.handleMessage(ActivityThread.java:1405)
01-15 09:34:01.290  3462  3462 D StrictMode: 	at android.os.Handler.dispatchMessage(Handler.java:102)
01-15 09:34:01.290  3462  3462 D StrictMode: 	at android.os.Looper.loop(Looper.java:148)
01-15 09:34:01.290  3462  3462 D StrictMode: 	at android.app.ActivityThread.main(ActivityThread.java:5417)
01-15 09:34:01.290  3462  3462 D StrictMode: 	at java.lang.reflect.Method.invoke(Native Method)
01-15 09:34:01.290  3462  3462 D StrictMode: 	at com.android.internal.os.ZygoteInit$MethodAndArgsCaller.run(ZygoteInit.java:726)
01-15 09:34:01.290  3462  3462 D StrictMode: 	at com.android.internal.os.ZygoteInit.main(ZygoteInit.java:616)
01-15 09:34:01.290  3462  3462 D StrictMode: StrictMode policy violation; ~duration=69 ms: android.os.StrictMode$StrictModeDiskReadViolation: policy=65567 violation=2
01-15 09:34:01.290  3462  3462 D StrictMode: 	at android.os.StrictMode$AndroidBlockGuardPolicy.onReadFromDisk(StrictMode.java:1263)
01-15 09:34:01.290  3462  3462 D StrictMode: 	at android.database.sqlite.SQLiteConnection.applyBlockGuardPolicy(SQLiteConnection.java:1039)
01-15 09:34:01.290  3462  3462 D StrictMode: 	at android.database.sqlite.SQLiteConnection.executeForLong(SQLiteConnection.java:593)
01-15 09:34:01.290  3462  3462 D StrictMode: 	at android.database.sqlite.SQLiteConnection.setJournalSizeLimit(SQLiteConnection.java:271)
01-15 09:34:01.290  3462  3462 D StrictMode: 	at android.database.sqlite.SQLiteConnection.open(SQLiteConnection.java:214)
01-15 09:34:01.290  3462  3462 D StrictMode: 	at android.database.sqlite.SQLiteConnection.open(SQLiteConnection.java:191)
01-15 09:34:01.290  3462  3462 D StrictMode: 	at android.database.sqlite.SQLiteConnectionPool.openConnectionLocked(SQLiteConnectionPool.java:463)
01-15 09:34:01.290  3462  3462 D StrictMode: 	at android.database.sqlite.SQLiteConnectionPool.open(SQLiteConnectionPool.java:185)
01-15 09:34:01.290  3462  3462 D StrictMode: 	at android.database.sqlite.SQLiteConnectionPool.open(SQLiteConnectionPool.java:177)
01-15 09:34:01.290  3462  3462 D StrictMode: 	at android.database.sqlite.SQLiteDatabase.openInner(SQLiteDatabase.java:806)
01-15 09:34:01.290  3462  3462 D StrictMode: 	at android.database.sqlite.SQLiteDatabase.open(SQLiteDatabase.java:791)
01-15 09:34:01.290  3462  3462 D StrictMode: 	at android.database.sqlite.SQLiteDatabase.openDatabase(SQLiteDatabase.java:694)
01-15 09:34:01.290  3462  3462 D StrictMode: 	at android.app.ContextImpl.openOrCreateDatabase(ContextImpl.java:571)
01-15 09:34:01.290  3462  3462 D StrictMode: 	at android.app.ContextImpl.openOrCreateDatabase(ContextImpl.java:560)
01-15 09:34:01.290  3462  3462 D StrictMode: 	at android.content.ContextWrapper.openOrCreateDatabase(ContextWrapper.java:263)
01-15 09:34:01.290  3462  3462 D StrictMode: 	at com.fsck.k9.preferences.Storage.openDB(Storage.java:42)
01-15 09:34:01.290  3462  3462 D StrictMode: 	at com.fsck.k9.preferences.Storage.loadValues(Storage.java:167)
01-15 09:34:01.290  3462  3462 D StrictMode: 	at com.fsck.k9.preferences.Storage.<init>(Storage.java:188)
01-15 09:34:01.290  3462  3462 D StrictMode: 	at com.fsck.k9.preferences.Storage.getStorage(Storage.java:149)
01-15 09:34:01.290  3462  3462 D StrictMode: 	at com.fsck.k9.Preferences.<init>(Preferences.java:41)
01-15 09:34:01.290  3462  3462 D StrictMode: 	at com.fsck.k9.Preferences.getPreferences(Preferences.java:28)
01-15 09:34:01.290  3462  3462 D StrictMode: 	at com.fsck.k9.K9.onCreate(K9.java:547)
01-15 09:34:01.290  3462  3462 D StrictMode: 	at android.app.Instrumentation.callApplicationOnCreate(Instrumentation.java:1013)
01-15 09:34:01.290  3462  3462 D StrictMode: 	at android.app.ActivityThread.handleBindApplication(ActivityThread.java:4707)
01-15 09:34:01.290  3462  3462 D StrictMode: 	at android.app.ActivityThread.-wrap1(ActivityThread.java)
01-15 09:34:01.290  3462  3462 D StrictMode: 	at android.app.ActivityThread$H.handleMessage(ActivityThread.java:1405)
01-15 09:34:01.290  3462  3462 D StrictMode: 	at android.os.Handler.dispatchMessage(Handler.java:102)
01-15 09:34:01.290  3462  3462 D StrictMode: 	at android.os.Looper.loop(Looper.java:148)
01-15 09:34:01.290  3462  3462 D StrictMode: 	at android.app.ActivityThread.main(ActivityThread.java:5417)
01-15 09:34:01.290  3462  3462 D StrictMode: 	at java.lang.reflect.Method.invoke(Native Method)
01-15 09:34:01.290  3462  3462 D StrictMode: 	at com.android.internal.os.ZygoteInit$MethodAndArgsCaller.run(ZygoteInit.java:726)
01-15 09:34:01.290  3462  3462 D StrictMode: 	at com.android.internal.os.ZygoteInit.main(ZygoteInit.java:616)
01-15 09:34:01.290  3462  3462 V StorageReceiver: StorageReceiver: Intent { act=android.intent.action.MEDIA_MOUNTED dat=file:///storage/9E9C-15E3 flg=0x4000010 cmp=com.fsck.k9.debug/com.fsck.k9.service.StorageReceiver (has extras) }
01-15 09:34:01.300  3332  3332 D TelephonyDebugService: TelephonyDebugService()
01-15 09:34:01.300  3032  3433 D mali_winsys: new_window_surface returns 0x3000,  [1280x48]-format:1
01-15 09:34:01.300  3462  3462 I StorageManager: storage path "/storage/9E9C-15E3" mounted readOnly=true
01-15 09:34:01.300  2877  2888 V PhoneWindowManager: finishPostLayoutPolicyLw: mHideKeyguard=false
01-15 09:34:01.300  2877  2929 D WifiService: New client listening to asynchronous messages
01-15 09:34:01.310  3332  3332 D CarrierConfigLoader: mHandler: 12 phoneId: 0
01-15 09:34:01.310  2877  2896 I ActivityManager: Displayed com.android.launcher/com.android.launcher2.Launcher: +494ms
01-15 09:34:01.310  2877  2905 E Sensors : error reading from wake pipe (Invalid argument)
01-15 09:34:01.310  2877  2896 V PhoneWindowManager: finishPostLayoutPolicyLw: mHideKeyguard=false
01-15 09:34:01.310  2877  2896 V PhoneWindowManager: finishPostLayoutPolicyLw: mHideKeyguard=false
01-15 09:34:01.310  2877  2896 V PhoneWindowManager: finishPostLayoutPolicyLw: mHideKeyguard=false
01-15 09:34:01.310  2877  2896 V PhoneWindowManager: finishPostLayoutPolicyLw: mHideKeyguard=false
01-15 09:34:01.320  3332  3332 E PhoneInterfaceManager: [PhoneIntfMgr] getIccId: No UICC
01-15 09:34:01.320  2978  2978 D MediaScannerReceiver: action: android.intent.action.MEDIA_MOUNTED path: /storage/emulated/0
01-15 09:34:01.320  2877  2891 V KeyguardServiceDelegate: *** Keyguard started
01-15 09:34:01.320  2877  2961 V KeyValueBackupJob: Scheduling k/v pass in 249 minutes
01-15 09:34:01.320  2877  2991 I Telecom : PhoneAccountRegistrar: [ComponentInfo{com.android.phone/com.android.services.telephony.TelephonyConnectionService}, [e0184adedf913b076626646d3f52c3b49c39ad6d], UserHandle{0}(icon: Icon(typ=BITMAP size=19x24) -> Icon(typ=BITMAP size=19x24))]
01-15 09:34:01.320  2877  2891 V PhoneWindowManager: mScreenOnEarly=true, mAwake=true, mCurrentAppOrientation=5, mOrientationSensorEnabled=false, mKeyguardDrawComplete=true, mWindowManagerDrawComplete=true
01-15 09:34:01.330  2877  2891 I Sensors : HAL:resetDataRates mEnabled=4
01-15 09:34:01.330  3390  3390 D StorageReceiver: StorageReceiver intent: Intent { act=android.intent.action.MEDIA_MOUNTED dat=file:///storage/emulated/0 flg=0x4000010 cmp=com.ts.fileexplorer/.StorageReceiver (has extras) }
01-15 09:34:01.330  3462  3462 V StorageReceiver: StorageReceiver: Intent { act=android.intent.action.MEDIA_MOUNTED dat=file:///storage/emulated/0 flg=0x4000010 cmp=com.fsck.k9.debug/com.fsck.k9.service.StorageReceiver (has extras) }
01-15 09:34:01.330  3462  3462 I StorageManager: storage path "/storage/emulated/0" mounted readOnly=true
01-15 09:34:01.330  2877  2991 I Telecom : : Sending phone-account intent as user
01-15 09:34:01.340  3332  3332 I Telephony: AccountEntry: Registered phoneAccount: [[ ] PhoneAccount: ComponentInfo{com.android.phone/com.android.services.telephony.TelephonyConnectionService}, [e0184adedf913b076626646d3f52c3b49c39ad6d], UserHandle{0} Capabilities: 54 Schemes: tel voicemail ] with handle: ComponentInfo{com.android.phone/com.android.services.telephony.TelephonyConnectionService}, [e0184adedf913b076626646d3f52c3b49c39ad6d], UserHandle{0}
01-15 09:34:01.340  3332  3332 I Telephony: PstnIncomingCallNotifier: Registering: Handler (com.android.internal.telephony.gsm.GSMPhone) {5a6eadf}
01-15 09:34:01.340  2877  2991 W Telecom : : No account found for the calling user
01-15 09:34:01.360  3032  3032 D PhoneStatusBar: disable: < EXPAND* icons alerts system_info BACK* HOME* RECENT* clock SEARCH* quick_settings >
01-15 09:34:01.370  2877  2891 V PhoneWindowManager: Enabling listeners
01-15 09:34:01.370  2877  2891 W KeyguardServiceDelegate: onScreenTurningOn(): no keyguard service!
01-15 09:34:01.370  2877  2877 I ActivityManager: Start proc 3580:com.android.settings/1000 for broadcast com.android.settings/.sim.SimSelectNotification
01-15 09:34:01.390  3580  3580 W System  : ClassLoader referenced unknown path: /system/priv-app/Settings/lib/arm64
01-15 09:34:01.450  2877  2896 V PhoneWindowManager: finishPostLayoutPolicyLw: mHideKeyguard=false
01-15 09:34:01.450  2877  3380 V PhoneWindowManager: finishPostLayoutPolicyLw: mHideKeyguard=false
01-15 09:34:01.460  2877  2896 V PhoneWindowManager: finishPostLayoutPolicyLw: mHideKeyguard=false
01-15 09:34:01.470  2877  2896 V PhoneWindowManager: finishPostLayoutPolicyLw: mHideKeyguard=false
01-15 09:34:01.500  2877  3366 V PhoneWindowManager: finishPostLayoutPolicyLw: mHideKeyguard=false
01-15 09:34:01.500  2877  3366 V PhoneWindowManager: finishPostLayoutPolicyLw: mHideKeyguard=false
01-15 09:34:01.530  3032  3032 D         : ro.exynos.dss isEnabled: 0
01-15 09:34:01.530  3032  3032 D mali_winsys: new_window_surface returns 0x3000,  [1280x800]-format:2
01-15 09:34:01.550  2877  2877 V KeyguardServiceDelegate: *** Keyguard connected (yay!)
01-15 09:34:01.550  2877  2896 V PhoneWindowManager: finishPostLayoutPolicyLw: mHideKeyguard=false
01-15 09:34:01.560  2877  2896 V PhoneWindowManager: finishPostLayoutPolicyLw: mHideKeyguard=false
01-15 09:34:01.560  2877  3380 I ActivityManager: Start proc 3596:com.android.music/u0a39 for broadcast com.android.music/.MediaButtonIntentReceiver
01-15 09:34:01.560  2877  2892 V PhoneWindowManager: onProposedRotationChanged, rotation=0
01-15 09:34:01.560  2877  2892 V PhoneWindowManager: finishPostLayoutPolicyLw: mHideKeyguard=false
01-15 09:34:01.570  3032  3032 W KeyguardUpdateMonitor: invalid subId in handleSimStateChange()
01-15 09:34:01.570  3032  3032 W KeyguardUpdateMonitor: invalid subId in handleServiceStateChange()
01-15 09:34:01.570  2877  2889 V KeyguardServiceDelegate: **** SHOWN CALLED ****
01-15 09:34:01.570  2877  2991 V PhoneWindowManager: finishPostLayoutPolicyLw: mHideKeyguard=false
01-15 09:34:01.570  2877  3347 V PhoneWindowManager: finishPostLayoutPolicyLw: mHideKeyguard=false
01-15 09:34:01.580  3596  3596 W System  : ClassLoader referenced unknown path: /system/app/Music/lib/arm64
01-15 09:34:01.580  2595  3406 D NuPlayerDriver: notifyListener_l(0xf4af60c0), (2, 0, 0)
01-15 09:34:01.580  2595  2935 E AudioFlinger: no wake lock to update!
01-15 09:34:01.580  2877  2896 V PhoneWindowManager: finishPostLayoutPolicyLw: mHideKeyguard=false
01-15 09:34:01.590  3032  3032 D PhoneStatusBar: disable: < expand* icons alerts system_info back* home* recent* clock search* quick_settings >
01-15 09:34:01.590  2877  2877 V PhoneWindowManager: mScreenOnEarly=true, mAwake=true, mCurrentAppOrientation=-1, mOrientationSensorEnabled=true, mKeyguardDrawComplete=true, mWindowManagerDrawComplete=false
01-15 09:34:01.600  3312  3312 I Keyboard.Facilitator: onFinishInput()
01-15 09:34:01.600  2877  2877 V PhoneWindowManager: Disabling listeners
01-15 09:34:01.600  2877  2877 D PhoneWindowManager: frame: Rect(0, 0 - 1280, 752) shown frame: RectF(0.0, 0.0, 1280.0, 752.0)
01-15 09:34:01.600  2877  2877 D PhoneWindowManager: attr: WM.LayoutParams{(0,0)(fillxfill) sim=#120 ty=1 fl=#1910100 fmt=-2 wanim=0x10303e5 vsysui=0x400 needsMenuKey=2} lp.flags=0x1910100
01-15 09:34:01.600  2877  2877 V PhoneWindowManager: finishPostLayoutPolicyLw: mHideKeyguard=false
01-15 09:34:01.600  2877  2877 W InputMethodManagerService: Starting input on non-focused client android.view.inputmethod.InputMethodManager$1@c28b553 (uid=1000 pid=2877)
01-15 09:34:01.610  2877  2892 I Sensors : HAL:resetDataRates mEnabled=4
01-15 09:34:01.610  2877  3366 D PhoneWindowManager: frame: Rect(0, 0 - 1280, 752) shown frame: RectF(0.0, 0.0, 1280.0, 752.0)
01-15 09:34:01.610  2877  3366 D PhoneWindowManager: attr: WM.LayoutParams{(0,0)(fillxfill) sim=#120 ty=1 fl=#1910100 fmt=-2 wanim=0x10303e5 vsysui=0x400 needsMenuKey=2} lp.flags=0x1910100
01-15 09:34:01.610  2877  3366 V PhoneWindowManager: finishPostLayoutPolicyLw: mHideKeyguard=false
01-15 09:34:01.610  2877  2896 D PhoneWindowManager: frame: Rect(0, 0 - 1280, 752) shown frame: RectF(0.0, 0.0, 1280.0, 752.0)
01-15 09:34:01.610  2877  2896 D PhoneWindowManager: attr: WM.LayoutParams{(0,0)(fillxfill) sim=#120 ty=1 fl=#1910100 fmt=-2 wanim=0x10303e5 vsysui=0x400 needsMenuKey=2} lp.flags=0x1910100
01-15 09:34:01.610  2877  2896 V PhoneWindowManager: finishPostLayoutPolicyLw: mHideKeyguard=false
01-15 09:34:01.610  2877  2892 V PhoneWindowManager: mScreenOnEarly=true, mAwake=true, mCurrentAppOrientation=-1, mOrientationSensorEnabled=false, mKeyguardDrawComplete=true, mWindowManagerDrawComplete=true
01-15 09:34:01.660  2447  2526 I SurfaceFlinger: Boot is finished (7597 ms)
01-15 09:34:01.660  2447  2526 D SurfaceFlinger: boot finished. Inform HWC
01-15 09:34:01.660  2447  2526 D hwcomposer: Boot Finished
01-15 09:34:01.660  2877  2892 V PhoneWindowManager: Enabling listeners
01-15 09:34:01.660  2877  2896 D PhoneWindowManager: frame: Rect(0, 0 - 1280, 752) shown frame: RectF(0.0, 0.0, 1280.0, 752.0)
01-15 09:34:01.660  2877  2896 D PhoneWindowManager: attr: WM.LayoutParams{(0,0)(fillxfill) sim=#120 ty=1 fl=#1910100 fmt=-2 wanim=0x10303e5 vsysui=0x400 needsMenuKey=2} lp.flags=0x1910100
01-15 09:34:01.660  2877  2896 V PhoneWindowManager: finishPostLayoutPolicyLw: mHideKeyguard=false
01-15 09:34:01.690  2561  2565 D BootAnimation: playing boot audio here
01-15 09:34:01.690  2561  2565 W BootAnimation: Audio service is not initiated.
01-15 09:34:01.690  2561  3611 D BootAnimation: starting to play /system/media/boot.mp3
01-15 09:34:01.690  2595  3612 D NuPlayerDriver: notifyListener_l(0xf4af6a20), (1, 0, 0)
01-15 09:34:01.690  2595  2939 W ServiceManager: Permission failure: android.permission.MODIFY_AUDIO_SETTINGS from uid=1003 pid=2561
01-15 09:34:01.690  2595  2939 D PermissionCache: checking android.permission.MODIFY_AUDIO_SETTINGS for uid=1003 => denied (164 us)
01-15 09:34:01.690  2595  2939 E         : Request requires android.permission.MODIFY_AUDIO_SETTINGS
01-15 09:34:01.690  2595  2595 E         : Request requires android.permission.MODIFY_AUDIO_SETTINGS
01-15 09:34:01.690  2561  3611 D BootAnimation: playing /system/media/boot.mp3
01-15 09:34:01.690  2595  3487 D NuPlayerDriver: seekTo(0xf4af6a20) 0 ms
01-15 09:34:01.690  2595  3487 D NuPlayerDriver: notifyListener_l(0xf4af6a20), (7, 0, 0)
01-15 09:34:01.690  2595  3612 I GenericSource: start
01-15 09:34:01.690  2595  2939 D NuPlayerDriver: start(0xf4af6a20), state is 4, eos is 0
01-15 09:34:01.690  2561  2565 D BootAnimation: waiting for media player to complete.
01-15 09:34:01.700  2595  3612 D NuPlayerDriver: notifyListener_l(0xf4af6a20), (4, 0, 0)
01-15 09:34:01.700  2595  3616 D libseirenhw: ADec_Create: initialized
01-15 09:34:01.700  2595  3616 D libseirenhw: ADec_Create: called. handle:19
01-15 09:34:01.700  2595  3616 D libseirenhw: ADec_Create: successed to open AudH, index:0
01-15 09:34:01.700  2595  3616 D libseirenhw: ADec_GetIMemPoolInfo: called. handle:19
01-15 09:34:01.700  2595  3616 D libseirenhw: ADec_GetIMemPoolInfo: I_vaddr[0xf2bd8000], I_paddr[0x0], I_size[4096], I_cnt[2]
01-15 09:34:01.700  2595  3616 D libseirenhw: ADec_GetOMemPoolInfo: called. handle:19
01-15 09:34:01.700  2595  3616 D libseirenhw: ADec_GetOMemPoolInfo: O_vaddr[0xf2be0000], O_paddr[0x0], O_size[36864], O_cnt[2]
01-15 09:34:01.700  2595  3616 E OMXNodeInstance: setConfig(32:Exynos.MP3.Decoder, ConfigPriority(0x6f800002)) ERROR: UnsupportedIndex(0x8000101a)
01-15 09:34:01.700  2595  3616 I ACodec  : codec does not support config priority (err -1010)
01-15 09:34:01.700  2595  3616 I MediaCodec: MediaCodec will operate in async mode
01-15 09:34:01.700  2595  3617 I EXYNOS_BASE_COMP: [0xf41b3300][Exynos_OMX_ComponentStateSet] current:(OMX_StateLoaded) dest:(OMX_StateIdle)
01-15 09:34:01.700  2595  3617 I EXYNOS_BASE_COMP: [0xf41b3300][Exynos_OMX_ComponentStateSet]:567 OMX_EventCmdComplete
01-15 09:34:01.700  2595  3617 I EXYNOS_BASE_COMP: [0xf41b3300][Exynos_OMX_ComponentStateSet] current:(OMX_StateIdle) dest:(OMX_StateExecuting)
01-15 09:34:01.700  2595  3617 I EXYNOS_BASE_COMP: [0xf41b3300][Exynos_OMX_ComponentStateSet]:567 OMX_EventCmdComplete
01-15 09:34:01.710  2595  3619 D libseirenhw: ADec_GetParams: val:44100. handle:19
01-15 09:34:01.710  2595  3619 D libseirenhw: ADec_GetParams: val:2. handle:19
01-15 09:34:01.720  2595  3614 W AudioSink: open AudioOutput, suggestedFrameCount:22050,framesPerBuffer:940,afFrameCount:1024
01-15 09:34:01.720  2595  3614 W AudioTrack: createTrack_l,mSampleRate:44100,output:2,mStreamType:7
01-15 09:34:01.720  2595  3614 W AudioTrack: AudioTrack start, mSampleRate:44100, mFormat:1,mStreamType:7,mState:1
01-15 09:34:01.730  2595  3612 D NuPlayerDriver: notifyListener_l(0xf4af6a20), (6, 0, 0)
01-15 09:34:01.740  2595  2935 E AudioFlinger: no wake lock to update!
01-15 09:34:01.830  3348  3522 W OpenGLRenderer: Incorrectly called buildLayer on View: ShortcutAndWidgetContainer, destroying layer...
01-15 09:34:01.850  2877  2892 V PhoneWindowManager: onProposedRotationChanged, rotation=0
01-15 09:34:01.850  2877  2892 D PhoneWindowManager: frame: Rect(0, 0 - 1280, 752) shown frame: RectF(0.0, 0.0, 1280.0, 752.0)
01-15 09:34:01.850  2877  2892 D PhoneWindowManager: attr: WM.LayoutParams{(0,0)(fillxfill) sim=#120 ty=1 fl=#1910100 fmt=-2 wanim=0x10303e5 vsysui=0x400 needsMenuKey=2} lp.flags=0x1910100
01-15 09:34:01.850  2877  2892 V PhoneWindowManager: finishPostLayoutPolicyLw: mHideKeyguard=false
01-15 09:34:02.540  2877  2925 D wifi    : set interface wlan0 flags (UP)
01-15 09:34:02.540  2877  2925 I WifiHAL : Initializing wifi
01-15 09:34:02.540  2877  2925 I WifiHAL : Creating socket
01-15 09:34:02.540  2877  2925 E WifiHAL : Could not find group vendor
01-15 09:34:02.540  2877  2925 I WifiHAL : Initialized Wifi HAL Successfully; vendor cmd = 103
01-15 09:34:02.540  2877  2925 D wifi    : Did set static halHandle = 0x7f905c25a0
01-15 09:34:02.540  2877  2925 D wifi    : halHandle = 0x7f905c25a0, mVM = 0x7faaccd140, mCls = 0x200d72
01-15 09:34:02.540  2877  2925 D wifi    : array field set
01-15 09:34:02.540  2877  2925 I WifiNative-HAL: interface[0] = wlan0
01-15 09:34:02.540  2877  3628 I WifiNative-HAL: Waiting for HAL events mWifiHalHandle=547882804640
01-15 09:34:02.540  2877  3628 D wifi    : waitForHalEvents called, vm = 0x7faaccd140, obj = 0x200d72, env = 0x7f91efc840
01-15 09:34:02.560  3629  3629 I wpa_supplicant: Successfully initialized wpa_supplicant
01-15 09:34:02.560  3629  3629 I wpa_supplicant: rfkill: Cannot open RFKILL control device
01-15 09:34:02.570  3629  3629 I wpa_supplicant: nl80211: Could not re-add multicast membership for vendor events: -2 (No such file or directory)
01-15 09:34:02.640  2877  2925 D WifiMonitor: startMonitoring(wlan0) with mConnected = false
01-15 09:34:02.730  3629  3629 I wpa_supplicant: rfkill: Cannot open RFKILL control device
01-15 09:34:02.730  3629  3629 E wpa_supplicant: Could not read interface p2p-dev-wlan0 flags: No such device
01-15 09:34:02.730  3629  3629 I wpa_supplicant: nl80211: Could not re-add multicast membership for vendor events: -2 (No such file or directory)
01-15 09:34:02.740  2877  2925 D WifiConfigStore: Loading config and enabling all networks 
01-15 09:34:02.740  2877  2925 D WifiConfigStore: loaded 0 passpoint configs
01-15 09:34:02.740  2877  2925 E WifiConfigStore: Error parsing configuration: java.io.FileNotFoundException: /data/misc/wifi/ipconfig.txt: open failed: ENOENT (No such file or directory)
01-15 09:34:02.740  2877  2925 E WifiConfigStore: readNetworkHistory: No config file, revert to default, java.io.FileNotFoundException: /data/misc/wifi/networkHistory.txt: open failed: ENOENT (No such file or directory)
01-15 09:34:02.740  2877  2925 E WifiConfigStore: java.io.FileNotFoundException: /data/misc/wifi/networkHistory.txt: open failed: ENOENT (No such file or directory)
01-15 09:34:02.740  2877  2925 E WifiConfigStore: 	at libcore.io.IoBridge.open(IoBridge.java:452)
01-15 09:34:02.740  2877  2925 E WifiConfigStore: 	at java.io.FileInputStream.<init>(FileInputStream.java:76)
01-15 09:34:02.740  2877  2925 E WifiConfigStore: 	at java.io.FileInputStream.<init>(FileInputStream.java:103)
01-15 09:34:02.740  2877  2925 E WifiConfigStore: 	at com.android.server.wifi.WifiConfigStore.readNetworkHistory(WifiConfigStore.java:2301)
01-15 09:34:02.740  2877  2925 E WifiConfigStore: 	at com.android.server.wifi.WifiConfigStore.loadConfiguredNetworks(WifiConfigStore.java:1879)
01-15 09:34:02.740  2877  2925 E WifiConfigStore: 	at com.android.server.wifi.WifiConfigStore.loadAndEnableAllNetworks(WifiConfigStore.java:726)
01-15 09:34:02.740  2877  2925 E WifiConfigStore: 	at com.android.server.wifi.WifiStateMachine$SupplicantStartingState.processMessage(WifiStateMachine.java:5930)
01-15 09:34:02.740  2877  2925 E WifiConfigStore: 	at com.android.internal.util.StateMachine$SmHandler.processMsg(StateMachine.java:968)
01-15 09:34:02.740  2877  2925 E WifiConfigStore: 	at com.android.internal.util.StateMachine$SmHandler.handleMessage(StateMachine.java:791)
01-15 09:34:02.740  2877  2925 E WifiConfigStore: 	at android.os.Handler.dispatchMessage(Handler.java:102)
01-15 09:34:02.740  2877  2925 E WifiConfigStore: 	at android.os.Looper.loop(Looper.java:148)
01-15 09:34:02.740  2877  2925 E WifiConfigStore: 	at android.os.HandlerThread.run(HandlerThread.java:61)
01-15 09:34:02.740  2877  2925 E WifiConfigStore: Caused by: android.system.ErrnoException: open failed: ENOENT (No such file or directory)
01-15 09:34:02.740  2877  2925 E WifiConfigStore: 	at libcore.io.Posix.open(Native Method)
01-15 09:34:02.740  2877  2925 E WifiConfigStore: 	at libcore.io.BlockGuardOs.open(BlockGuardOs.java:186)
01-15 09:34:02.740  2877  2925 E WifiConfigStore: 	at libcore.io.IoBridge.open(IoBridge.java:438)
01-15 09:34:02.740  2877  2925 E WifiConfigStore: 	... 11 more
01-15 09:34:02.740  2877  2925 E WifiConfigStore: readAutoJoinStatus: Error parsing configurationjava.io.FileNotFoundException: /data/misc/wifi/autojoinconfig.txt: open failed: ENOENT (No such file or directory)
01-15 09:34:02.740  2877  2925 E WifiConfigStore: buildPnoList sortedWifiConfigurations size 0
01-15 09:34:02.740  2877  2925 E WifiConfigStore: --- Begin /data/misc/wifi/wpa_supplicant.conf ---
01-15 09:34:02.740  2877  2925 E WifiConfigStore: ctrl_interface=/data/misc/wifi/sockets
01-15 09:34:02.740  2877  2925 E WifiConfigStore: driver_param=use_p2p_group_interface=1p2p_device=1
01-15 09:34:02.740  2877  2925 E WifiConfigStore: update_config=1
01-15 09:34:02.740  2877  2925 E WifiConfigStore: device_name=full_gscan3
01-15 09:34:02.740  2877  2925 E WifiConfigStore: manufacturer=GITAUTO
01-15 09:34:02.740  2877  2925 E WifiConfigStore: model_name=Full Android on gscan
01-15 09:34:02.740  2877  2925 E WifiConfigStore: model_number=Full Android on gscan
01-15 09:34:02.740  2877  2925 E WifiConfigStore: serial_number=020f2c347174
01-15 09:34:02.740  2877  2925 E WifiConfigStore: device_type=10-0050F204-5
01-15 09:34:02.740  2877  2925 E WifiConfigStore: config_methods=physical_display virtual_push_button
01-15 09:34:02.740  2877  2925 E WifiConfigStore: pmf=1
01-15 09:34:02.740  2877  2925 E WifiConfigStore: external_sim=1
01-15 09:34:02.740  2877  2925 E WifiConfigStore: --- End /data/misc/wifi/wpa_supplicant.conf Contents ---
01-15 09:34:02.740  2877  2925 E WifiConfigStore: --- Begin /data/misc/wifi/wpa_supplicant.conf.tmp ---
01-15 09:34:02.740  2877  2925 E WifiConfigStore: Could not open /data/misc/wifi/wpa_supplicant.conf.tmp, java.io.FileNotFoundException: /data/misc/wifi/wpa_supplicant.conf.tmp: open failed: ENOENT (No such file or directory)
01-15 09:34:02.740  2877  2925 E WifiConfigStore: --- End /data/misc/wifi/wpa_supplicant.conf.tmp Contents ---
01-15 09:34:02.740  2877  2925 E WifiConfigStore: --- Begin /data/misc/wifi/networkHistory.txt ---
01-15 09:34:02.740  2877  2925 E WifiConfigStore: Could not open /data/misc/wifi/networkHistory.txt, java.io.FileNotFoundException: /data/misc/wifi/networkHistory.txt: open failed: ENOENT (No such file or directory)
01-15 09:34:02.740  2877  2925 E WifiConfigStore: --- End /data/misc/wifi/networkHistory.txt Contents ---
01-15 09:34:02.740  2877  2925 D WifiNative-HAL: Setting external_sim to 1
01-15 09:34:02.740  2877  2925 D wifi    : setting dfs flag to true, 0x7f90634de0
01-15 09:34:02.740  2877  2925 D WifiStateMachine: Setting OUI to DA-A1-19
01-15 09:34:02.740  2877  2925 D wifi    : setting scan oui 0x7f90634de0
01-15 09:34:02.740  2877  2925 D WifiHAL : Sending mac address OUI
01-15 09:34:02.740  2877  2925 E WifiHAL : failed to set scanning mac OUI; result = -95
01-15 09:34:02.740  2877  2925 E wifi    : android_net_wifi_getLinkLayerStats: failed to get link statistics
01-15 09:34:02.740  2877  2925 E wifi    : wifi_get_supported_feature_set returned error = 0xffffffa1
01-15 09:34:02.740  2877  2925 D wifi    : android_net_wifi_setLinkLayerStats: 1
01-15 09:34:02.740  2877  2877 D RttService: SCAN_AVAILABLE : 3
01-15 09:34:02.740  2590  2874 W CommandListener: Failed to retrieve HW addr for p2p0 (No such device)
01-15 09:34:02.740  2877  2958 D wifi    : failed to get capabilities : -95
01-15 09:34:02.740  2877  2958 E WifiScanningService: could not get scan capabilities
01-15 09:34:02.740  2877  2959 D RttService: DefaultState got{ when=0 what=160512 target=com.android.internal.util.StateMachine$SmHandler }
01-15 09:34:02.740  2590  2874 D CommandListener: Setting iface cfg
01-15 09:34:02.740  2877  2924 D WifiMonitor: startMonitoring(p2p0) with mConnected = true
01-15 09:34:02.740  2877  2924 E WifiP2pService: Unable to change interface settings: java.lang.IllegalStateException: command '29 interface setcfg p2p0 0.0.0.0 0 up' failed with '400 29 Failed to set address (No such device)'
01-15 09:34:02.750  2877  2925 E wifi    : android_net_wifi_getLinkLayerStats: failed to get link statistics
01-15 09:34:02.750  2877  2924 D WifiNative-HAL: p2pGetDeviceAddress
01-15 09:34:02.750  2877  2924 D WifiNative-HAL: p2pGetDeviceAddress returning e2:4f:43:9c:c5:6e
01-15 09:34:02.750  2877  2925 E native  : do suspend false
01-15 09:34:02.750  2877  2925 D WifiConfigStore: No blacklist allowed without epno enabled
01-15 09:34:02.760  2877  2925 E wifi    : android_net_wifi_getLinkLayerStats: failed to get link statistics
01-15 09:34:02.760  2877  2925 E wifi    : android_net_wifi_getLinkLayerStats: failed to get link statistics
01-15 09:34:04.920  2877  2925 D WIFI    : Registering NetworkFactory
01-15 09:34:04.920  2877  2925 D WIFI_UT : Registering NetworkFactory
01-15 09:34:04.920  2877  2930 D ConnectivityService: Got NetworkFactory Messenger for WIFI
01-15 09:34:04.920  2877  2930 D ConnectivityService: Got NetworkFactory Messenger for WIFI_UT
01-15 09:34:04.930  2877  2925 D WIFI    : got request NetworkRequest [ id=1, legacyType=-1, [ Capabilities: INTERNET&NOT_RESTRICTED&TRUSTED&NOT_VPN] ] with score 0
01-15 09:34:04.930  2877  2925 D WIFI_UT : got request NetworkRequest [ id=1, legacyType=-1, [ Capabilities: INTERNET&NOT_RESTRICTED&TRUSTED&NOT_VPN] ] with score 0
01-15 09:34:05.470  2877  2888 D BatteryService: Processing new values: chargerAcOnline=true, chargerUsbOnline=true, chargerWirelessOnline=false, maxChargingCurrent0, batteryStatus=4, batteryHealth=2, batteryPresent=true, batteryLevel=100, batteryTechnology=Li-poly, batteryVoltage=4347, batteryTemperature=350, mBatteryLevelCritical=false, mPlugType=1, GIT mBatteryProps.extBatteryVoltage=0
01-15 09:34:05.470  2877  2888 D BatteryService: Sending ACTION_BATTERY_CHANGED.  level:100, scale:100, status:4, health:2, present:true, voltage: 4347, temperature: 350, technology: Li-poly, AC powered:true, USB powered:true, Wireless powered:false, icon:17303125, invalid charger:0, maxChargingCurrent:0, ext voltage:0
01-15 09:34:05.810  3312  3320 W CursorWrapperInner: Cursor finalized without prior close()
01-15 09:34:06.440  2595  3619 D libseirenhw: ADec_SendEOS: called. handle:19
01-15 09:34:06.440  2595  3619 D libseirenhw: ADec_GetParams: val:0. handle:19
01-15 09:34:06.690  2595  3619 D libseirenhw: ADec_GetParams: val:1. handle:19
01-15 09:34:06.690  2595  3615 I NuPlayerDecoder: [audio] saw output EOS
01-15 09:34:06.700  2561  2565 D BootAnimation: media player is completed.
01-15 09:34:06.880  2595  3487 D NuPlayerDriver: reset(0xf4af6a20)
01-15 09:34:06.880  2595  3487 D NuPlayerDriver: notifyListener_l(0xf4af6a20), (8, 0, 0)
01-15 09:34:06.880  2595  3614 W AudioTrack: AudioTrack start, mSampleRate:44100, mFormat:1,mStreamType:7,mState:4
01-15 09:34:06.880  2595  3617 D libseirenhw: ADec_Flush: called. handle:19
01-15 09:34:06.880  2595  3617 D libseirenhw: ADec_Flush: called. handle:19
01-15 09:34:06.880  2595  3617 I EXYNOS_BASE_COMP: [0xf41b3300][Exynos_OMX_ComponentStateSet] current:(OMX_StateExecuting) dest:(OMX_StateIdle)
01-15 09:34:06.880  2595  3617 I EXYNOS_BASE_COMP: [0xf41b3300][Exynos_OMX_ComponentStateSet]:567 OMX_EventCmdComplete
01-15 09:34:06.880  2595  3617 I EXYNOS_BASE_COMP: [0xf41b3300][Exynos_OMX_ComponentStateSet] current:(OMX_StateIdle) dest:(OMX_StateLoaded)
01-15 09:34:06.880  2595  3617 I EXYNOS_BASE_COMP: [0xf41b3300][Exynos_OMX_ComponentStateSet]:567 OMX_EventCmdComplete
01-15 09:34:06.880  2595  3616 D libseirenhw: ADec_Destroy: index:0,ibuf_addr:0xf2bd8000,obuf_addr:0xf2be0000
01-15 09:34:06.880  2595  3616 D libseirenhw: ADec_Destroy: called, handle:19
01-15 09:34:06.880  2595  3616 D libseirenhw: ADec_Destroy: successed to close
01-15 09:34:06.880  2595  3612 W AMessage: failed to post message as target looper for handler 0 is gone.
01-15 09:34:06.880  2595  3612 D NuPlayerDriver: notifyResetComplete(0xf4af6a20)
01-15 09:34:06.880  2595  3487 W AudioFlinger: session id 21 not found for pid 2561
01-15 09:34:06.930  2595  2935 E AudioFlinger: no wake lock to update!
01-15 09:34:06.960  2447  2559 I display : [PrimaryDisplay] [DYNAMIC_RECOMP] HWC_2_GLES by low FPS(0)
01-15 09:34:07.060  2877  2896 I SystemServiceManager: Starting phase 1000
01-15 09:34:07.060  2877  2896 D PhoneWindowManager: frame: Rect(0, 0 - 1280, 752) shown frame: RectF(0.0, 0.0, 1280.0, 752.0)
01-15 09:34:07.060  2877  2896 D PhoneWindowManager: attr: WM.LayoutParams{(0,0)(fillxfill) sim=#120 ty=1 fl=#1910100 fmt=-2 wanim=0x10303e5 vsysui=0x400 needsMenuKey=2} lp.flags=0x1910100
01-15 09:34:07.060  2877  2896 V PhoneWindowManager: finishPostLayoutPolicyLw: mHideKeyguard=false
01-15 09:34:07.060  2877  2896 D PhoneWindowManager: frame: Rect(0, 0 - 1280, 752) shown frame: RectF(0.0, 0.0, 1280.0, 752.0)
01-15 09:34:07.060  2877  2896 D PhoneWindowManager: attr: WM.LayoutParams{(0,0)(fillxfill) sim=#120 ty=1 fl=#1910100 fmt=-2 wanim=0x10303e5 vsysui=0x400 needsMenuKey=2} lp.flags=0x1910100
01-15 09:34:07.060  2877  2896 V PhoneWindowManager: finishPostLayoutPolicyLw: mHideKeyguard=false
01-15 09:34:07.060  2877  2896 D PhoneWindowManager: frame: Rect(0, 0 - 1280, 752) shown frame: RectF(0.0, 0.0, 1280.0, 752.0)
01-15 09:34:07.060  2877  2896 D PhoneWindowManager: attr: WM.LayoutParams{(0,0)(fillxfill) sim=#120 ty=1 fl=#1910100 fmt=-2 wanim=0x10303e5 vsysui=0x400 needsMenuKey=2} lp.flags=0x1910100
01-15 09:34:07.060  2877  2896 V PhoneWindowManager: finishPostLayoutPolicyLw: mHideKeyguard=false
01-15 09:34:07.070  2877  3640 I ActivityManager: Start proc 3643:com.android.keychain/1000 for service com.android.keychain/.KeyChainService
01-15 09:34:07.080  2877  3657 I RecoverySystem: No recovery log file
01-15 09:34:07.080  3072  3072 D BootUpReceiver: receive Action [android.intent.action.BOOT_COMPLETED]
01-15 09:34:07.080  3072  3072 D BootUpReceiver: receive boot complete!
01-15 09:34:07.080  2877  3657 I BootReceiver: Copying audit failures to DropBox
01-15 09:34:07.080  2877  3657 I BootReceiver: Checking for fsck errors
01-15 09:34:07.080  3072  3072 W ContextImpl: Calling a method in the system process without a qualified user: android.app.ContextImpl.startService:1221 android.content.ContextWrapper.startService:581 android.content.ContextWrapper.startService:581 com.gitauto.gscan_Installer.service.BootUpReceiver.onReceive:52 android.app.ActivityThread.handleReceiver:2725 
01-15 09:34:07.090  3072  3072 D StickyBootService: >>>>> START Service.
01-15 09:34:07.090  3072  3072 D StickyBootService: turn off Alarm.
01-15 09:34:07.090  3643  3643 W System  : ClassLoader referenced unknown path: /system/app/KeyChain/lib/arm64
01-15 09:34:07.100  3072  3072 D StickyBootService: register sdcard mount event receiver.
01-15 09:34:07.100  3072  3072 D StickyBootService: onStartCommand()
01-15 09:34:07.100  2877  3347 I ActivityManager: Start proc 3660:com.android.providers.calendar/u0a1 for broadcast com.android.providers.calendar/.CalendarReceiver
01-15 09:34:07.110  3660  3660 W System  : ClassLoader referenced unknown path: /system/priv-app/CalendarProvider/lib/arm64
01-15 09:34:07.130  3660  3660 I CalendarProvider2: Created com.android.providers.calendar.CalendarAlarmManager@e432972(com.android.providers.calendar.CalendarProvider2@96591c3)
01-15 09:34:07.150  3677  3677 W System  : ClassLoader referenced unknown path: /system/priv-app/ManagedProvisioning/lib/arm64
01-15 09:34:07.150  2877  2889 I ActivityManager: Start proc 3677:com.android.managedprovisioning/u0a8 for broadcast com.android.managedprovisioning/.BootReminder
01-15 09:34:07.280  3694  3694 W System  : ClassLoader referenced unknown path: /system/priv-app/OneTimeInitializer/lib/arm64
01-15 09:34:07.280  2877  3046 I ActivityManager: Start proc 3694:com.android.onetimeinitializer/u0a10 for broadcast com.android.onetimeinitializer/.OneTimeInitializerReceiver
01-15 09:34:07.290  3694  3694 V OneTimeInitializerRece: OneTimeInitializerReceiver.onReceive
01-15 09:34:07.300  2877  3366 I ActivityManager: Start proc 3709:com.google.android.deskclock/u0a23 for broadcast com.google.android.deskclock/com.android.deskclock.AlarmInitReceiver
01-15 09:34:07.310  3709  3709 W System  : ClassLoader referenced unknown path: /system/app/DeskClockGoogle/lib/arm64
01-15 09:34:07.330  3032  3032 W PathParser: Points are too far apart 4.030360828967057
01-15 09:34:07.330  3032  3032 W PathParser: Points are too far apart 4.030360538880159
01-15 09:34:07.360  3709  3709 I GAv4    : Google Analytics 7.8.95 is starting up. To enable debug logging on a device run:
01-15 09:34:07.360  3709  3709 I GAv4    :   adb shell setprop log.tag.GAv4 DEBUG
01-15 09:34:07.360  3709  3709 I GAv4    :   adb logcat -s GAv4
01-15 09:34:07.370  3709  3709 W GAv4    : AnalyticsReceiver is not registered or is disabled. Register the receiver for reliable dispatching on non-Google Play devices. See http://goo.gl/8Rd3yj for instructions.
01-15 09:34:07.370  3709  3709 W GAv4    : CampaignTrackingReceiver is not registered, not exported or is disabled. Installation campaign tracking is not possible. See http://goo.gl/8Rd3yj for instructions.
01-15 09:34:07.370  3709  3727 W GAv4    : AnalyticsService not registered in the app manifest. Hits might not be delivered reliably. See http://goo.gl/8Rd3yj for instructions.
01-15 09:34:07.370  3709  3709 V AlarmClock: AlarmInitReceiver android.intent.action.BOOT_COMPLETED
01-15 09:34:07.390  3709  3728 V AlarmClock: AlarmInitReceiver - Reset timers and clear stopwatch data
01-15 09:34:07.400  3709  3728 V AlarmClock: AlarmInitReceiver finished
01-15 09:34:07.410  2877  3366 I ActivityManager: Start proc 3729:com.google.android.apps.inputmethod.hindi/u0a30 for broadcast com.google.android.apps.inputmethod.hindi/com.google.android.apps.inputmethod.libs.framework.core.LauncherIconVisibilityInitializer
01-15 09:34:07.420  3729  3729 W System  : ClassLoader referenced unknown path: /system/app/GoogleHindiIME/lib/arm64
01-15 09:34:07.440  2978  2978 D MtpService: Adding MTP storage 0x10001 at /storage/emulated/0
01-15 09:34:07.440  2978  2978 D MtpService: Adding MTP storage 0xd6df0001 at /storage/9E9C-15E3
01-15 09:34:07.440  2978  2978 D MtpService: starting MTP server in MTP mode
01-15 09:34:07.450  2978  2978 D MtpService: Adding MTP storage 0xd6df0001 at /storage/9E9C-15E3
01-15 09:34:07.450  2978  2978 D MtpService: Adding MTP storage 0x10001 at /storage/emulated/0
01-15 09:34:07.530  3729  3729 I AndroidIME: com.google.android.apps.inputmethod.libs.framework.core.LauncherIconVisibilityInitializerBase: android.intent.action.BOOT_COMPLETED
01-15 09:34:07.540  2978  3693 W MediaScanner: Error opening directory '/oem/media/', skipping: No such file or directory.
01-15 09:34:07.540  2877  3347 I ActivityManager: Start proc 3748:com.google.android.inputmethod.pinyin/u0a31 for broadcast com.google.android.inputmethod.pinyin/com.google.android.apps.inputmethod.libs.framework.core.LauncherIconVisibilityInitializer
01-15 09:34:07.550  3748  3748 W System  : ClassLoader referenced unknown path: /system/app/GooglePinyinIME/lib/arm64
01-15 09:34:07.660  3748  3748 I AndroidIME: com.google.android.apps.inputmethod.libs.framework.core.LauncherIconVisibilityInitializerBase: android.intent.action.BOOT_COMPLETED
01-15 09:34:07.670  2877  2888 I ActivityManager: Start proc 3762:com.gitauto.g_scan.launcher/1000 for broadcast com.gitauto.g_scan.launcher/.BootReceiver
01-15 09:34:07.680  3762  3762 W System  : ClassLoader referenced unknown path: /system/app/Gscan3Launcher/lib/arm64
01-15 09:34:07.700  3762  3762 W ContextImpl: Calling a method in the system process without a qualified user: android.app.ContextImpl.startActivity:658 android.content.ContextWrapper.startActivity:331 android.content.ContextWrapper.startActivity:331 com.gitauto.g_scan.launcher.BootReceiver.onReceive:25 android.app.ActivityThread.handleReceiver:2725 
01-15 09:34:07.700  3762  3762 W ContextImpl: Calling a method in the system process without a qualified user: android.app.ContextImpl.startActivity:670 android.app.ContextImpl.startActivity:659 android.content.ContextWrapper.startActivity:331 android.content.ContextWrapper.startActivity:331 com.gitauto.g_scan.launcher.BootReceiver.onReceive:25 
01-15 09:34:07.700  2877  2888 I ActivityManager: START u0 {act=android.intent.action.MAIN flg=0x54000000 cmp=com.gitauto.g_scan.launcher/.MainActivity} from uid 1000 on display 0
01-15 09:34:07.700  2877  2888 D PhoneWindowManager: frame: Rect(0, 0 - 1280, 752) shown frame: RectF(0.0, 0.0, 1280.0, 752.0)
01-15 09:34:07.700  2877  2888 D PhoneWindowManager: attr: WM.LayoutParams{(0,0)(fillxfill) sim=#120 ty=1 fl=#1910100 fmt=-2 wanim=0x10303e5 vsysui=0x400 needsMenuKey=2} lp.flags=0x1910100
01-15 09:34:07.700  2877  2888 V PhoneWindowManager: finishPostLayoutPolicyLw: mHideKeyguard=false
01-15 09:34:07.700  2877  3346 D PhoneWindowManager: frame: Rect(0, 0 - 1280, 752) shown frame: RectF(0.0, 0.0, 1280.0, 752.0)
01-15 09:34:07.700  2877  3346 D PhoneWindowManager: attr: WM.LayoutParams{(0,0)(fillxfill) sim=#120 ty=1 fl=#1910100 fmt=-2 wanim=0x10303e5 vsysui=0x400 needsMenuKey=2} lp.flags=0x1910100
01-15 09:34:07.700  2877  3346 V PhoneWindowManager: finishPostLayoutPolicyLw: mHideKeyguard=false
01-15 09:34:07.700  2877  2888 D PhoneWindowManager: frame: Rect(0, 0 - 1280, 752) shown frame: RectF(0.0, 0.0, 1280.0, 752.0)
01-15 09:34:07.700  2877  2888 D PhoneWindowManager: attr: WM.LayoutParams{(0,0)(fillxfill) sim=#120 ty=1 fl=#1910100 fmt=-2 wanim=0x10303e5 vsysui=0x400 needsMenuKey=2} lp.flags=0x1910100
01-15 09:34:07.700  2877  2888 V PhoneWindowManager: finishPostLayoutPolicyLw: mHideKeyguard=false
01-15 09:34:07.700  2877  2991 V PhoneWindowManager: mScreenOnEarly=true, mAwake=true, mCurrentAppOrientation=0, mOrientationSensorEnabled=true, mKeyguardDrawComplete=true, mWindowManagerDrawComplete=true
01-15 09:34:07.700  2877  2991 D PhoneWindowManager: frame: Rect(0, 0 - 1280, 752) shown frame: RectF(0.0, 0.0, 1280.0, 752.0)
01-15 09:34:07.700  2877  2991 D PhoneWindowManager: attr: WM.LayoutParams{(0,0)(fillxfill) sim=#120 ty=1 fl=#1910100 fmt=-2 wanim=0x10303e5 vsysui=0x400 needsMenuKey=2} lp.flags=0x1910100
01-15 09:34:07.700  2877  2991 V PhoneWindowManager: finishPostLayoutPolicyLw: mHideKeyguard=false
01-15 09:34:07.710  2877  3347 D PhoneWindowManager: frame: Rect(0, 0 - 1280, 752) shown frame: RectF(0.0, 0.0, 1280.0, 752.0)
01-15 09:34:07.710  2877  3347 D PhoneWindowManager: attr: WM.LayoutParams{(0,0)(fillxfill) sim=#120 ty=1 fl=#1910100 fmt=-2 wanim=0x10303e5 vsysui=0x400 needsMenuKey=2} lp.flags=0x1910100
01-15 09:34:07.710  2877  3347 V PhoneWindowManager: finishPostLayoutPolicyLw: mHideKeyguard=false
