01-15 09:33:55.820  2599  2599 I art     : option[33]=-Xmx512m
01-15 09:33:55.820  2599  2599 I art     : option[34]=-Xcompiler-option
01-15 09:33:55.820  2599  2599 I art     : option[35]=--compiler-filter=speed
01-15 09:33:55.820  2599  2599 I art     : option[36]=-Ximage-compiler-option
01-15 09:33:55.820  2599  2599 I art     : option[37]=--instruction-set-variant=generic
01-15 09:33:55.820  2599  2599 I art     : option[38]=-Xcompiler-option
01-15 09:33:55.820  2599  2599 I art     : option[39]=--instruction-set-variant=generic
01-15 09:33:55.820  2599  2599 I art     : option[40]=-Ximage-compiler-option
01-15 09:33:55.820  2599  2599 I art     : option[41]=--instruction-set-features=default
01-15 09:33:55.820  2599  2599 I art     : option[42]=-Xcompiler-option
01-15 09:33:55.820  2599  2599 I art     : option[43]=--instruction-set-features=default
01-15 09:33:55.820  2599  2599 I art     : option[44]=-Duser.locale=en-KR
01-15 09:33:55.820  2599  2599 I art     : option[45]=--cpu-abilist=arm64-v8a
01-15 09:33:55.820  2599  2599 I art     : option[46]=-Xfingerprint:Android/full_gscan3/gscan3:6.0.1/MMB29T/gscan01081045:userdebug/dev-keys
01-15 09:33:55.820  2600  2600 D AndroidRuntime: >>>>>> START com.android.internal.os.ZygoteInit uid 0 <<<<<<
01-15 09:33:55.850  2600  2600 D AndroidRuntime: CheckJNI is OFF
01-15 09:33:55.860  2600  2600 I art     : option[0]=-Xzygote
01-15 09:33:55.860  2600  2600 I art     : option[1]=-Xstacktracefile:/data/anr/traces.txt
01-15 09:33:55.860  2600  2600 I art     : option[2]=exit
01-15 09:33:55.860  2600  2600 I art     : option[3]=vfprintf
01-15 09:33:55.860  2600  2600 I art     : option[4]=sensitiveThread
01-15 09:33:55.860  2600  2600 I art     : option[5]=-verbose:gc
01-15 09:33:55.860  2600  2600 I art     : option[6]=-Xms16m
01-15 09:33:55.860  2600  2600 I art     : option[7]=-Xmx512m
01-15 09:33:55.860  2600  2600 I art     : option[8]=-XX:HeapGrowthLimit=192m
01-15 09:33:55.860  2600  2600 I art     : option[9]=-XX:HeapMinFree=512k
01-15 09:33:55.860  2600  2600 I art     : option[10]=-XX:HeapMaxFree=8m
01-15 09:33:55.860  2600  2600 I art     : option[11]=-XX:HeapTargetUtilization=0.75
01-15 09:33:55.860  2600  2600 I art     : option[12]=-agentlib:jdwp=transport=dt_android_adb,suspend=n,server=y
01-15 09:33:55.860  2600  2600 I art     : option[13]=-Xlockprofthreshold:500
01-15 09:33:55.860  2600  2600 I art     : option[14]=-Ximage-compiler-option
01-15 09:33:55.860  2600  2600 I art     : option[15]=--runtime-arg
01-15 09:33:55.860  2600  2600 I art     : option[16]=-Ximage-compiler-option
01-15 09:33:55.860  2600  2600 I art     : option[17]=-Xms64m
01-15 09:33:55.860  2600  2600 I art     : option[18]=-Ximage-compiler-option
01-15 09:33:55.860  2600  2600 I art     : option[19]=--runtime-arg
01-15 09:33:55.860  2600  2600 I art     : option[20]=-Ximage-compiler-option
01-15 09:33:55.860  2600  2600 I art     : option[21]=-Xmx64m
01-15 09:33:55.860  2600  2600 I art     : option[22]=-Ximage-compiler-option
01-15 09:33:55.860  2600  2600 I art     : option[23]=--compiler-filter=speed
01-15 09:33:55.860  2600  2600 I art     : option[24]=-Ximage-compiler-option
01-15 09:33:55.860  2600  2600 I art     : option[25]=--image-classes=/system/etc/preloaded-classes
01-15 09:33:55.860  2600  2600 I art     : option[26]=-Xcompiler-option
01-15 09:33:55.860  2600  2600 I art     : option[27]=--runtime-arg
01-15 09:33:55.860  2600  2600 I art     : option[28]=-Xcompiler-option
01-15 09:33:55.860  2600  2600 I art     : option[29]=-Xms64m
01-15 09:33:55.860  2600  2600 I art     : option[30]=-Xcompiler-option
01-15 09:33:55.860  2600  2600 I art     : option[31]=--runtime-arg
01-15 09:33:55.860  2600  2600 I art     : option[32]=-Xcompiler-option
01-15 09:33:55.860  2600  2600 I art     : option[33]=-Xmx512m
01-15 09:33:55.860  2600  2600 I art     : option[34]=-Xcompiler-option
01-15 09:33:55.860  2600  2600 I art     : option[35]=--compiler-filter=speed
01-15 09:33:55.860  2600  2600 I art     : option[36]=-Ximage-compiler-option
01-15 09:33:55.860  2600  2600 I art     : option[37]=--instruction-set-variant=cortex-a15
01-15 09:33:55.860  2600  2600 I art     : option[38]=-Xcompiler-option
01-15 09:33:55.860  2600  2600 I art     : option[39]=--instruction-set-variant=cortex-a15
01-15 09:33:55.860  2600  2600 I art     : option[40]=-Ximage-compiler-option
01-15 09:33:55.860  2600  2600 I art     : option[41]=--instruction-set-features=default
01-15 09:33:55.860  2600  2600 I art     : option[42]=-Xcompiler-option
01-15 09:33:55.860  2600  2600 I art     : option[43]=--instruction-set-features=default
01-15 09:33:55.860  2600  2600 I art     : option[44]=-Duser.locale=en-KR
01-15 09:33:55.860  2600  2600 I art     : option[45]=--cpu-abilist=armeabi-v7a,armeabi
01-15 09:33:55.860  2600  2600 I art     : option[46]=-Xfingerprint:Android/full_gscan3/gscan3:6.0.1/MMB29T/gscan01081045:userdebug/dev-keys
01-15 09:33:56.050  2600  2600 D ICU     : No timezone override file found: /data/misc/zoneinfo/current/icu/icu_tzdata.dat
01-15 09:33:56.050  2599  2599 D ICU     : No timezone override file found: /data/misc/zoneinfo/current/icu/icu_tzdata.dat
01-15 09:33:56.240  2603  2603 D LOGKIT  : Log Level = 0
01-15 09:33:56.240  2603  2603 D LOGKIT  : close the log tool
01-15 09:33:56.250  2600  2600 I Radio-JNI: register_android_hardware_Radio DONE
01-15 09:33:56.270  2600  2600 I SamplingProfilerIntegration: Profiling disabled.
01-15 09:33:56.270  2599  2599 I Radio-JNI: register_android_hardware_Radio DONE
01-15 09:33:56.270  2600  2600 D Zygote  : begin preload
01-15 09:33:56.270  2600  2600 I Zygote  : Preloading classes...
01-15 09:33:56.280  2590  2590 V NatController: runCmd(/system/bin/iptables -w -F natctrl_FORWARD) res=0
01-15 09:33:56.280  2590  2590 V NatController: runCmd(/system/bin/iptables -w -A natctrl_FORWARD -j DROP) res=0
01-15 09:33:56.290  2590  2590 V NatController: runCmd(/system/bin/iptables -w -t nat -F natctrl_nat_POSTROUTING) res=0
01-15 09:33:56.290  2599  2599 I SamplingProfilerIntegration: Profiling disabled.
01-15 09:33:56.290  2599  2599 D Zygote  : begin preload
01-15 09:33:56.290  2590  2590 V NatController: runCmd(/system/bin/iptables -w -F natctrl_tether_counters) res=1
01-15 09:33:56.290  2599  2599 I Zygote  : Preloading classes...
01-15 09:33:56.300  2590  2590 V NatController: runCmd(/system/bin/iptables -w -X natctrl_tether_counters) res=1
01-15 09:33:56.300  2590  2590 V NatController: runCmd(/system/bin/iptables -w -N natctrl_tether_counters) res=0
01-15 09:33:56.310  2590  2590 V NatController: runCmd(/system/bin/iptables -w -t mangle -A natctrl_mangle_FORWARD -p tcp --tcp-flags SYN SYN -j TCPMSS --clamp-mss-to-pmtu) res=1
01-15 09:33:56.490  2600  2600 E Minikin : addFont failed to create font /system/fonts/NanumGothic.ttf
01-15 09:33:56.490  2600  2600 E Minikin : addFont failed to create font /system/fonts/DroidSansFallback.ttf
01-15 09:33:56.490  2600  2600 E Minikin : addFont failed to create font /system/fonts/MTLmr3m.ttf
01-15 09:33:56.490  2599  2599 E Minikin : addFont failed to create font /system/fonts/NanumGothic.ttf
01-15 09:33:56.490  2599  2599 E Minikin : addFont failed to create font /system/fonts/DroidSansFallback.ttf
01-15 09:33:56.490  2599  2599 E Minikin : addFont failed to create font /system/fonts/MTLmr3m.ttf
01-15 09:33:56.570  2600  2600 V DngCreator_JNI: DngCreator_nativeClassInit:
01-15 09:33:56.570  2599  2599 V DngCreator_JNI: DngCreator_nativeClassInit:
01-15 09:33:56.580  2595  2595 I ServiceManager: Waiting for service media.camera.proxy...
01-15 09:33:56.630  2590  2590 E Netd    : cannot find interface dummy0
01-15 09:33:56.630  2590  2590 D MDnsDS  : MDnsSdListener::Hander starting up
01-15 09:33:56.630  2590  2871 D MDnsDS  : MDnsSdListener starting to monitor
01-15 09:33:56.630  2590  2871 D MDnsDS  : Going to poll with pollCount 1
01-15 09:33:56.680  2600  2600 I art     : Thread[1,tid=2600,Native,Thread*=0xf50f6500,peer=0x12c35100,"main"] recursive attempt to load library "/system/lib/libmedia_jni.so"
01-15 09:33:56.680  2600  2600 D MtpDeviceJNI: register_android_mtp_MtpDevice
01-15 09:33:56.680  2600  2600 I art     : Thread[1,tid=2600,Native,Thread*=0xf50f6500,peer=0x12c35100,"main"] recursive attempt to load library "/system/lib/libmedia_jni.so"
01-15 09:33:56.680  2600  2600 I art     : Thread[1,tid=2600,Native,Thread*=0xf50f6500,peer=0x12c35100,"main"] recursive attempt to load library "/system/lib/libmedia_jni.so"
01-15 09:33:56.700  2599  2599 I art     : Thread[1,tid=2599,Native,Thread*=0x7faaf3ba00,peer=0x12c2c100,"main"] recursive attempt to load library "/system/lib64/libmedia_jni.so"
01-15 09:33:56.700  2599  2599 D MtpDeviceJNI: register_android_mtp_MtpDevice
01-15 09:33:56.700  2599  2599 I art     : Thread[1,tid=2599,Native,Thread*=0x7faaf3ba00,peer=0x12c2c100,"main"] recursive attempt to load library "/system/lib64/libmedia_jni.so"
01-15 09:33:56.700  2599  2599 I art     : Thread[1,tid=2599,Native,Thread*=0x7faaf3ba00,peer=0x12c2c100,"main"] recursive attempt to load library "/system/lib64/libmedia_jni.so"
01-15 09:33:56.830  2600  2600 I System  : Loaded time zone names for "" in 28ms (27ms in ICU)
01-15 09:33:56.830  2599  2599 I System  : Loaded time zone names for "" in 18ms (18ms in ICU)
01-15 09:33:56.840  2599  2599 I System  : Loaded time zone names for "en_US" in 14ms (12ms in ICU)
01-15 09:33:56.850  2600  2600 I System  : Loaded time zone names for "en_US" in 19ms (18ms in ICU)
01-15 09:33:56.860  2599  2599 I System  : Loaded time zone names for "en_KR" in 13ms (12ms in ICU)
01-15 09:33:56.860  2600  2600 I System  : Loaded time zone names for "en_KR" in 15ms (14ms in ICU)
01-15 09:33:56.870  2599  2599 I Zygote  : ...preloaded 3831 classes in 579ms.
01-15 09:33:56.870  2599  2599 I art     : VMRuntime.preloadDexCaches starting
01-15 09:33:56.880  2600  2600 I Zygote  : ...preloaded 3831 classes in 606ms.
01-15 09:33:56.880  2600  2600 I art     : VMRuntime.preloadDexCaches starting
01-15 09:33:56.920  2599  2599 I art     : VMRuntime.preloadDexCaches strings total=243916 before=43784 after=43784
01-15 09:33:56.920  2599  2599 I art     : VMRuntime.preloadDexCaches types total=20134 before=6885 after=6911
01-15 09:33:56.920  2599  2599 I art     : VMRuntime.preloadDexCaches fields total=98298 before=35769 after=35974
01-15 09:33:56.920  2599  2599 I art     : VMRuntime.preloadDexCaches methods total=170324 before=70827 after=71323
01-15 09:33:56.920  2599  2599 I art     : VMRuntime.preloadDexCaches finished
01-15 09:33:56.930  2600  2600 I art     : VMRuntime.preloadDexCaches strings total=243916 before=43784 after=43784
01-15 09:33:56.930  2600  2600 I art     : VMRuntime.preloadDexCaches types total=20134 before=6885 after=6911
01-15 09:33:56.930  2600  2600 I art     : VMRuntime.preloadDexCaches fields total=98298 before=35769 after=35974
01-15 09:33:56.930  2600  2600 I art     : VMRuntime.preloadDexCaches methods total=170324 before=70827 after=71323
01-15 09:33:56.930  2600  2600 I art     : VMRuntime.preloadDexCaches finished
01-15 09:33:56.940  2875  2875 D idmap   : error: no read access to /vendor/overlay: No such file or directory
01-15 09:33:56.940  2876  2876 D idmap   : error: no read access to /vendor/overlay: No such file or directory
01-15 09:33:56.960  2599  2599 I Zygote  : Preloading resources...
01-15 09:33:56.960  2600  2600 I Zygote  : Preloading resources...
01-15 09:33:57.150  2600  2600 I Zygote  : ...preloaded 342 resources in 183ms.
01-15 09:33:57.150  2599  2599 I Zygote  : ...preloaded 342 resources in 187ms.
01-15 09:33:57.150  2600  2600 I Zygote  : ...preloaded 41 resources in 4ms.
01-15 09:33:57.150  2600  2600 I Zygote  : Preloading shared libraries...
01-15 09:33:57.150  2599  2599 I Zygote  : ...preloaded 41 resources in 4ms.
01-15 09:33:57.150  2599  2599 I Zygote  : Preloading shared libraries...
01-15 09:33:57.160  2600  2600 D Zygote  : end preload
01-15 09:33:57.160  2600  2600 I art     : Starting a blocking GC Explicit
01-15 09:33:57.160  2599  2599 D Zygote  : end preload
01-15 09:33:57.160  2599  2599 I art     : Starting a blocking GC Explicit
01-15 09:33:57.180  2600  2600 I art     : Explicit concurrent mark sweep GC freed 39151(5MB) AllocSpace objects, 120(2MB) LOS objects, 39% free, 3MB/5MB, paused 159us total 19.659ms
01-15 09:33:57.180  2599  2599 I art     : Explicit concurrent mark sweep GC freed 39070(5MB) AllocSpace objects, 120(2MB) LOS objects, 40% free, 3MB/5MB, paused 125us total 20.177ms
01-15 09:33:57.190  2600  2600 I art     : Starting a blocking GC Explicit
01-15 09:33:57.190  2599  2599 I art     : Starting a blocking GC Explicit
01-15 09:33:57.190  2600  2600 I art     : Explicit concurrent mark sweep GC freed 3297(152KB) AllocSpace objects, 0(0B) LOS objects, 39% free, 2MB/4MB, paused 116us total 5.299ms
01-15 09:33:57.190  2600  2600 I Zygote  : Accepting command socket connections
01-15 09:33:57.200  2599  2599 I art     : Explicit concurrent mark sweep GC freed 3297(152KB) AllocSpace objects, 0(0B) LOS objects, 40% free, 2MB/4MB, paused 71us total 7.105ms
01-15 09:33:57.200  2599  2769 I art     : Starting a blocking GC HeapTrim
01-15 09:33:57.200  2599  2599 I art     : Starting a blocking GC Background
01-15 09:33:57.220  2599  2599 I Zygote  : System server process 2877 has been created
01-15 09:33:57.220  2599  2599 I Zygote  : Accepting command socket connections
01-15 09:33:57.240  2877  2877 I Zygote  : Process: zygote socket opened, supported ABIS: armeabi-v7a,armeabi
01-15 09:33:57.240  2596  2596 I installd: new connection
01-15 09:33:57.240  2877  2877 I InstallerConnection: connecting...
01-15 09:33:57.250  2596  2596 E installd: eof
01-15 09:33:57.250  2596  2596 E installd: failed to read size
01-15 09:33:57.250  2596  2596 I installd: closing connection
01-15 09:33:57.250  2877  2877 I InstallerConnection: disconnecting...
01-15 09:33:57.280  2877  2877 I SystemServer: Entered the Android system server!
01-15 09:33:57.310  2596  2596 I installd: new connection
01-15 09:33:57.310  2877  2877 I SystemServiceManager: Starting com.android.server.pm.Installer
01-15 09:33:57.310  2877  2877 I Installer: Waiting for installd to be ready.
01-15 09:33:57.310  2877  2877 I InstallerConnection: connecting...
01-15 09:33:57.310  2877  2877 I SystemServiceManager: Starting com.android.server.am.ActivityManagerService$Lifecycle
01-15 09:33:57.340  2877  2877 I ActivityManager: Memory class: 192
01-15 09:33:57.340  2877  2891 I ServiceThread: Enabled StrictMode logging for ActivityManager looper.
01-15 09:33:57.340  2877  2892 I ServiceThread: Enabled StrictMode logging for android.ui looper.
01-15 09:33:57.350  2877  2877 D BatteryStatsImpl: Reading daily items from /data/system/batterystats-daily.xml
01-15 09:33:57.360  2877  2877 I AppOps  : No existing app ops /data/system/appops.xml; starting empty
01-15 09:33:57.390  2877  2877 I IntentFirewall: Read new rules (A:0 B:0 S:0)
01-15 09:33:57.400  2877  2896 I ServiceThread: Enabled StrictMode logging for android.display looper.
01-15 09:33:57.400  2877  2877 D AppOps  : AppOpsService published
01-15 09:33:57.400  2877  2877 I SystemServiceManager: Starting com.android.server.power.PowerManagerService
01-15 09:33:57.400  2877  2898 I ServiceThread: Enabled StrictMode logging for PowerManagerService looper.
01-15 09:33:57.410  2877  2877 W libsuspend: Error writing 'on' to /sys/power/state: Invalid argument
01-15 09:33:57.410  2877  2877 I libsuspend: Selected wakeup count
01-15 09:33:57.410  2877  2877 I SystemServiceManager: Starting com.android.server.lights.LightsService
01-15 09:33:57.410  2877  2877 I SystemServiceManager: Starting com.android.server.display.DisplayManagerService
01-15 09:33:57.420  2447  2528 I SurfaceFlinger: Get property density 160.000000
01-15 09:33:57.420  2447  2447 D SurfaceFlinger: Set power mode=2, type=0 flinger=0x7fae6c3c00
01-15 09:33:57.420  2447  2447 D SurfaceFlinger: Screen type=0 is already mode=2
01-15 09:33:57.420  2877  2877 I SystemServiceManager: Starting phase 100
01-15 09:33:57.420  2877  2896 I DisplayManagerService: Display device added: DisplayDeviceInfo{"Built-in Screen": uniqueId="local:0", 1280 x 800, modeId 1, defaultModeId 1, supportedModes [{id=1, width=1280, height=800, fps=60.000004}], density 160, 149.824 x 148.321 dpi, appVsyncOff 0, presDeadline 17666666, touch INTERNAL, rotation 0, type BUILT_IN, state UNKNOWN, FLAG_DEFAULT_DISPLAY, FLAG_ROTATES_WITH_CONTENT, FLAG_SECURE, FLAG_SUPPORTS_PROTECTED_BUFFERS}
01-15 09:33:57.420  2877  2877 I SystemServer: Package Manager
01-15 09:33:57.420  2877  2896 I DisplayManagerService: Display device changed state: "Built-in Screen", ON
01-15 09:33:57.450  2877  2877 W SystemConfig: No directory /system/etc/sysconfig, skipping
01-15 09:33:57.480  2877  2877 D SELinuxMMAC: Using policy file /system/etc/security/mac_permissions.xml
01-15 09:33:57.540  2877  2877 E art     : DexFile_getDexOptNeeded file '/system/framework/org.apache.http.legacy.jar' does not exist
01-15 09:33:57.540  2877  2877 W PackageManager: Library not found: /system/framework/org.apache.http.legacy.jar
01-15 09:33:57.550  2877  2877 E art     : DexFile_getDexOptNeeded file '/system/framework/org.apache.http.legacy.jar' does not exist
01-15 09:33:57.550  2877  2877 W PackageManager: Library not found: /system/framework/org.apache.http.legacy.jar
01-15 09:33:57.580  2595  2595 I ServiceManager: Waiting for service media.camera.proxy...
01-15 09:33:57.590  2877  2877 D PackageManager: No files in app dir /vendor/overlay
01-15 09:33:57.660  2877  2877 W PackageManager: Permission android.permission.DOWNLOAD_WITHOUT_NOTIFICATION from package com.android.providers.downloads in an unknown group android.permission-group.NETWORK
01-15 09:33:57.690  2877  2877 W PackageManager: Permission com.android.launcher.permission.PRELOAD_WORKSPACE from package com.android.launcher in an unknown group android.permission-group.SYSTEM_TOOLS
01-15 09:33:57.690  2877  2877 W PackageManager: Permission com.android.launcher.permission.INSTALL_SHORTCUT from package com.android.launcher in an unknown group android.permission-group.SYSTEM_TOOLS
01-15 09:33:57.690  2877  2877 W PackageManager: Permission com.android.launcher.permission.UNINSTALL_SHORTCUT from package com.android.launcher in an unknown group android.permission-group.SYSTEM_TOOLS
01-15 09:33:57.690  2877  2877 W PackageManager: Permission com.android.launcher.permission.READ_SETTINGS from package com.android.launcher in an unknown group android.permission-group.SYSTEM_TOOLS
01-15 09:33:57.690  2877  2877 W PackageManager: Permission com.android.launcher.permission.WRITE_SETTINGS from package com.android.launcher in an unknown group android.permission-group.SYSTEM_TOOLS
01-15 09:33:57.780  2877  2877 W PackageParser: Ignoring duplicate uses-permissions/uses-permissions-sdk-m: android.permission.USE_CREDENTIALS in package: com.android.settings at: Binary XML file line #55
01-15 09:33:57.780  2877  2877 W PackageParser: Ignoring duplicate uses-permissions/uses-permissions-sdk-m: android.permission.READ_SYNC_SETTINGS in package: com.android.settings at: Binary XML file line #60
01-15 09:33:57.780  2877  2877 W PackageParser: Ignoring duplicate uses-permissions/uses-permissions-sdk-m: android.permission.WRITE_SYNC_SETTINGS in package: com.android.settings at: Binary XML file line #61
01-15 09:33:57.820  2877  2877 W PackageParser: Ignoring duplicate uses-permissions/uses-permissions-sdk-m: android.permission.INSTALL_GRANT_RUNTIME_PERMISSIONS in package: com.android.shell at: Binary XML file line #101
01-15 09:33:57.840  2877  2877 W PackageParser: Ignoring duplicate uses-permissions/uses-permissions-sdk-m: android.permission.CONFIGURE_WIFI_DISPLAY in package: com.android.systemui at: Binary XML file line #120
01-15 09:33:57.840  2877  2877 W PackageParser: Ignoring duplicate uses-permissions/uses-permissions-sdk-m: android.permission.CAMERA in package: com.android.systemui at: Binary XML file line #125
01-15 09:33:57.900  2877  2877 W PackageManager: Failed to parse /system/app/AricentIMSService: Missing base APK in /system/app/AricentIMSService
01-15 09:33:57.910  2877  2877 W PackageParser: Ignoring duplicate uses-permissions/uses-permissions-sdk-m: android.permission.READ_CONTACTS in package: com.android.bluetooth at: Binary XML file line #58
01-15 09:33:57.910  2877  2877 W PackageParser: No actions in intent filter at /system/app/Bluetooth/Bluetooth.apk Binary XML file line #216
01-15 09:33:58.050  2877  2877 W PackageParser: Unknown element under <application>: permission at /system/app/Gallery2/Gallery2.apk Binary XML file line #246
01-15 09:33:58.050  2877  2877 W PackageParser: Unknown element under <application>: permission at /system/app/Gallery2/Gallery2.apk Binary XML file line #249
01-15 09:33:58.060  2877  2877 W PackageParser: Unknown element under <manifest>: meta-data at /system/app/Gitauto/Gitauto.apk Binary XML file line #18
01-15 09:33:58.140  2877  2877 W PackageParser: Unknown element under <manifest>: meta-data at /system/app/Gscan3Launcher/Gscan3Launcher.apk Binary XML file line #18
01-15 09:33:58.160  2877  2877 W PackageParser: Ignoring duplicate uses-permissions/uses-permissions-sdk-m: android.permission.ACCESS_NETWORK_STATE in package: com.google.android.inputmethod.japanese at: Binary XML file line #26
01-15 09:33:58.160  2877  2877 W PackageParser: Ignoring duplicate uses-permissions/uses-permissions-sdk-m: android.permission.INTERNET in package: com.google.android.inputmethod.japanese at: Binary XML file line #27
01-15 09:33:58.360  2877  2877 W PackageParser: Unknown element under <manifest>: meta-data at /system/app/TeamViewerQS/TeamViewerQS.apk Binary XML file line #28
01-15 09:33:58.430  2877  2877 W PackageManager: Failed to parse /system/app/mcRegistry: Missing base APK in /system/app/mcRegistry
01-15 09:33:58.450  2877  2877 D PackageManager: No files in app dir /system/vendor/app
01-15 09:33:58.450  2877  2877 D PackageManager: No files in app dir /oem/app
01-15 09:33:58.460  2877  2877 W PackageParser: Ignoring duplicate uses-permissions/uses-permissions-sdk-m: android.permission.READ_EXTERNAL_STORAGE in package: com.gitauto.g_scan.gscan3 at: Binary XML file line #21
01-15 09:33:58.460  2877  2877 W PackageParser: Ignoring duplicate uses-permissions/uses-permissions-sdk-m: android.permission.WRITE_EXTERNAL_STORAGE in package: com.gitauto.g_scan.gscan3 at: Binary XML file line #22
01-15 09:33:58.460  2877  2877 W PackageParser: Ignoring duplicate uses-permissions/uses-permissions-sdk-m: android.permission.BLUETOOTH in package: com.gitauto.g_scan.gscan3 at: Binary XML file line #23
01-15 09:33:58.460  2877  2877 W PackageParser: Ignoring duplicate uses-permissions/uses-permissions-sdk-m: android.permission.BLUETOOTH_ADMIN in package: com.gitauto.g_scan.gscan3 at: Binary XML file line #24
01-15 09:33:58.460  2877  2877 W PackageParser: Ignoring duplicate uses-permissions/uses-permissions-sdk-m: android.permission.ACCESS_NETWORK_STATE in package: com.gitauto.g_scan.gscan3 at: Binary XML file line #25
01-15 09:33:58.460  2877  2877 W PackageParser: Ignoring duplicate uses-permissions/uses-permissions-sdk-m: android.permission.INTERNET in package: com.gitauto.g_scan.gscan3 at: Binary XML file line #26
01-15 09:33:58.460  2877  2877 W PackageParser: Ignoring duplicate uses-permissions/uses-permissions-sdk-m: android.permission.ACCESS_SUPERUSER in package: com.gitauto.g_scan.gscan3 at: Binary XML file line #27
01-15 09:33:58.460  2877  2877 W PackageParser: Ignoring duplicate uses-permissions/uses-permissions-sdk-m: android.permission.USB_PERMISSION in package: com.gitauto.g_scan.gscan3 at: Binary XML file line #28
01-15 09:33:58.460  2877  2877 W PackageParser: Ignoring duplicate uses-permissions/uses-permissions-sdk-m: android.permission.SYSTEM_ALERT_WINDOW in package: com.gitauto.g_scan.gscan3 at: Binary XML file line #29
01-15 09:33:58.460  2877  2877 W PackageParser: Ignoring duplicate uses-permissions/uses-permissions-sdk-m: android.permission.READ_EXTERNAL_STORAGE in package: com.gitauto.g_scan.gscan3 at: Binary XML file line #34
01-15 09:33:58.460  2877  2877 W PackageParser: Ignoring duplicate uses-permissions/uses-permissions-sdk-m: android.permission.WRITE_EXTERNAL_STORAGE in package: com.gitauto.g_scan.gscan3 at: Binary XML file line #35
01-15 09:33:58.460  2877  2877 W PackageParser: Ignoring duplicate uses-permissions/uses-permissions-sdk-m: android.permission.BLUETOOTH in package: com.gitauto.g_scan.gscan3 at: Binary XML file line #36
01-15 09:33:58.460  2877  2877 W PackageParser: Ignoring duplicate uses-permissions/uses-permissions-sdk-m: android.permission.BLUETOOTH_ADMIN in package: com.gitauto.g_scan.gscan3 at: Binary XML file line #37
01-15 09:33:58.460  2877  2877 W PackageParser: Ignoring duplicate uses-permissions/uses-permissions-sdk-m: android.permission.ACCESS_NETWORK_STATE in package: com.gitauto.g_scan.gscan3 at: Binary XML file line #38
01-15 09:33:58.460  2877  2877 W PackageParser: Ignoring duplicate uses-permissions/uses-permissions-sdk-m: android.permission.INTERNET in package: com.gitauto.g_scan.gscan3 at: Binary XML file line #39
01-15 09:33:58.460  2877  2877 W PackageParser: Ignoring duplicate uses-permissions/uses-permissions-sdk-m: android.permission.ACCESS_SUPERUSER in package: com.gitauto.g_scan.gscan3 at: Binary XML file line #40
01-15 09:33:58.460  2877  2877 W PackageParser: Ignoring duplicate uses-permissions/uses-permissions-sdk-m: android.permission.USB_PERMISSION in package: com.gitauto.g_scan.gscan3 at: Binary XML file line #41
01-15 09:33:58.460  2877  2877 W PackageParser: Ignoring duplicate uses-permissions/uses-permissions-sdk-m: android.permission.SYSTEM_ALERT_WINDOW in package: com.gitauto.g_scan.gscan3 at: Binary XML file line #42
01-15 09:33:58.470  2877  2877 I SELinux : SELinux: Loaded file_contexts contexts from /file_contexts.
01-15 09:33:58.470  2877  2877 W PackageParser: No actions in intent filter at /data/app/com.gitauto.g_scan.gscan3-1/base.apk Binary XML file line #249
01-15 09:33:58.550  2877  2877 D PackageManager: No files in app dir /data/app-private
01-15 09:33:58.550  2877  2877 W PackageManager: Package com.android.gallery3d desires unavailable shared library com.google.android.media.effects; ignoring!
01-15 09:33:58.550  2877  2877 W PackageManager: Package com.android.gallery3d desires unavailable shared library com.google.android.media.effects; ignoring!
01-15 09:33:58.550  2877  2877 W PackageManager: Instruction set mismatch, PackageSetting{20f12b1 android/1000} requires arm64 whereas PackageSetting{5c58d34 com.gitauto.gscan_Installer/1000} requires arm
01-15 09:33:58.550  2877  2877 I PackageManager: Adjusting ABI for : com.android.providers.settingstoarm64-v8a
01-15 09:33:58.550  2877  2877 I PackageManager: Adjusting ABI for : ut.android.autotesttoarm64-v8a
01-15 09:33:58.550  2877  2877 I PackageManager: Adjusting ABI for : com.android.location.fusedtoarm64-v8a
01-15 09:33:58.550  2877  2877 I PackageManager: Adjusting ABI for : com.android.inputdevicestoarm64-v8a
01-15 09:33:58.550  2877  2877 I PackageManager: Adjusting ABI for : com.android.server.telecomtoarm64-v8a
01-15 09:33:58.550  2877  2877 I PackageManager: Adjusting ABI for : com.android.keychaintoarm64-v8a
01-15 09:33:58.550  2877  2877 I PackageManager: Adjusting ABI for : com.ts.fileexplorertoarm64-v8a
01-15 09:33:58.550  2877  2877 I PackageManager: Adjusting ABI for : com.android.settingstoarm64-v8a
01-15 09:33:58.550  2877  2877 I PackageManager: Time to scan packages: 1.023 seconds
01-15 09:33:58.550  2877  2877 W PackageManager: Unknown permission com.google.android.googleapps.permission.GOOGLE_AUTH in package com.android.providers.calendar
01-15 09:33:58.550  2877  2877 W PackageManager: Unknown permission com.google.android.googleapps.permission.GOOGLE_AUTH.cl in package com.android.providers.calendar
01-15 09:33:58.550  2877  2877 W PackageManager: Not granting permission android.permission.GLOBAL_SEARCH to package com.android.quicksearchbox (protectionLevel=18 flags=0x3808be45)
01-15 09:33:58.550  2877  2877 W PackageManager: Not granting permission android.permission.ACCESS_DOWNLOAD_MANAGER to package com.android.browser (protectionLevel=18 flags=0x3809be45)
01-15 09:33:58.550  2877  2877 W PackageManager: Not granting permission android.permission.SEND_DOWNLOAD_COMPLETED_INTENTS to package com.android.browser (protectionLevel=2 flags=0x3809be45)
01-15 09:33:58.550  2877  2877 W PackageManager: Not granting permission android.permission.READ_EXTERNAL_STORAGE to package com.gitauto.g_scan.gscan3 because it was previously installed without
01-15 09:33:58.550  2877  2877 W PackageManager: Not granting permission android.permission.WRITE_EXTERNAL_STORAGE to package com.gitauto.g_scan.gscan3 because it was previously installed without
01-15 09:33:58.550  2877  2877 W PackageManager: Unknown permission android.permission.ACCESS_SUPERUSER in package com.gitauto.g_scan.gscan3
01-15 09:33:58.550  2877  2877 W PackageManager: Unknown permission android.permission.USB_PERMISSION in package com.gitauto.g_scan.gscan3
01-15 09:33:58.550  2877  2877 W PackageManager: Not granting permission android.permission.CAMERA to package com.gitauto.g_scan.gscan3 because it was previously installed without
01-15 09:33:58.550  2877  2877 W PackageManager: Not granting permission android.permission.DELETE_PACKAGES to package com.svox.pico (protectionLevel=18 flags=0x3808be45)
01-15 09:33:58.550  2877  2877 W PackageManager: Unknown permission com.google.android.googleapps.permission.GOOGLE_AUTH in package com.google.android.syncadapters.calendar
01-15 09:33:58.550  2877  2877 W PackageManager: Unknown permission com.google.android.providers.gsf.permission.READ_GSERVICES in package com.google.android.syncadapters.calendar
01-15 09:33:58.550  2877  2877 W PackageManager: Unknown permission com.google.android.gallery3d.permission.PICASA_STORE in package com.android.dreams.phototable
01-15 09:33:58.550  2877  2877 W PackageManager: Unknown permission android.permission.RS_INPUT in package com.rsupport.rs.activity.rsupport
01-15 09:33:58.550  2877  2877 W PackageManager: Unknown permission android.permission.RS_GRAPHICS in package com.rsupport.rs.activity.rsupport
01-15 09:33:58.550  2877  2877 W PackageManager: Unknown permission android.permission.RS_BLUETOOTH in package com.rsupport.rs.activity.rsupport
01-15 09:33:58.550  2877  2877 W PackageManager: Unknown permission android.permission.ACCESS_COARSE_UPDATES in package com.rsupport.rs.activity.rsupport
01-15 09:33:58.550  2877  2877 W PackageManager: Not granting permission android.permission.READ_LOGS to package com.rsupport.rs.activity.rsupport (protectionLevel=50 flags=0x38183e45)
01-15 09:33:58.550  2877  2877 W PackageManager: Not granting permission android.permission.SET_ANIMATION_SCALE to package com.rsupport.rs.activity.rsupport (protectionLevel=50 flags=0x38183e45)
01-15 09:33:58.550  2877  2877 W PackageManager: Not granting permission android.permission.CHANGE_CONFIGURATION to package com.rsupport.rs.activity.rsupport (protectionLevel=50 flags=0x38183e45)
01-15 09:33:58.560  2877  2877 W PackageManager: Not granting permission android.permission.SET_PROCESS_LIMIT to package com.rsupport.rs.activity.rsupport (protectionLevel=50 flags=0x38183e45)
01-15 09:33:58.560  2877  2877 W PackageManager: Not granting permission android.permission.SET_ALWAYS_FINISH to package com.rsupport.rs.activity.rsupport (protectionLevel=50 flags=0x38183e45)
01-15 09:33:58.560  2877  2877 W PackageManager: Unknown permission android.permission.RAISED_THREAD_PRIORITY in package com.rsupport.rs.activity.rsupport
01-15 09:33:58.560  2877  2877 W PackageManager: Unknown permission com.google.android.finsky.permission.BIND_GET_INSTALL_REFERRER_SERVICE in package com.rsupport.rs.activity.rsupport
01-15 09:33:58.560  2877  2877 W PackageManager: Unknown permission com.google.android.c2dm.permission.RECEIVE in package com.rsupport.rs.activity.rsupport
01-15 09:33:58.560  2877  2877 W PackageManager: Not granting permission android.permission.INJECT_EVENTS to package com.teamviewer.quicksupport.market (protectionLevel=2 flags=0x38183e45)
01-15 09:33:58.560  2877  2877 W PackageManager: Not granting permission android.permission.CAPTURE_SECURE_VIDEO_OUTPUT to package com.teamviewer.quicksupport.market (protectionLevel=18 flags=0x38183e45)
01-15 09:33:58.560  2877  2877 W PackageManager: Not granting permission android.permission.CAPTURE_VIDEO_OUTPUT to package com.teamviewer.quicksupport.market (protectionLevel=18 flags=0x38183e45)
01-15 09:33:58.560  2877  2877 W PackageManager: Unknown permission android.permission.sec.MDM_REMOTE_CONTROL in package com.teamviewer.quicksupport.market
01-15 09:33:58.560  2877  2877 W PackageManager: Unknown permission com.android.remotecontrolservice.REMOTE_CONTROL in package com.teamviewer.quicksupport.market
01-15 09:33:58.560  2877  2877 W PackageManager: Unknown permission com.google.android.googleapps.permission.GOOGLE_AUTH in package com.android.settings
01-15 09:33:58.560  2877  2877 W PackageManager: Unknown permission android.permission.ACCESS_SUPERUSER in package com.gitauto.g_scan.launcher
01-15 09:33:58.560  2877  2877 W PackageManager: Unknown permission com.android.email.permission.READ_ATTACHMENT in package com.android.exchange
01-15 09:33:58.560  2877  2877 W PackageManager: Unknown permission com.android.email.permission.ACCESS_PROVIDER in package com.android.exchange
01-15 09:33:58.560  2877  2877 W PackageManager: Unknown permission com.google.android.gallery3d.permission.GALLERY_PROVIDER in package com.android.bluetooth
01-15 09:33:58.580  2595  2595 I ServiceManager: Waiting for service media.camera.proxy...
01-15 09:33:58.600  2877  2877 I art     : Starting a blocking GC Explicit
01-15 09:33:58.610  2877  2877 I art     : Explicit concurrent mark sweep GC freed 2285(214KB) AllocSpace objects, 2(40KB) LOS objects, 33% free, 4MB/6MB, paused 175us total 14.164ms
01-15 09:33:58.620  2444  2444 I lowmemorykiller: ActivityManager connected
01-15 09:33:58.620  2877  2877 D SensorService: nuSensorService starting...
01-15 09:33:58.620  2877  2877 I SystemServer: User Service
01-15 09:33:58.630  2877  2877 W linker  : /system/vendor/lib64/libmllite.so: unused DT entry: type 0xf arg 0x1b04
01-15 09:33:58.630  2877  2877 W linker  : /system/vendor/lib64/libmplmpu.so: unused DT entry: type 0xf arg 0x288c
01-15 09:33:58.630  2877  2877 I MLLITE  : sensor type path: /sys/bus/iio/devices/iio:device0/in_magn_scale
01-15 09:33:58.630  2877  2877 I MLLITE  : keeps searching
01-15 09:33:58.630  2877  2877 I MLLITE  : sensor type path: /sys/bus/iio/devices/iio:device1/in_magn_scale
01-15 09:33:58.630  2877  2877 I MLLITE  : keeps searching
01-15 09:33:58.630  2877  2877 E Sensors : HAL:Cannot read secondary device name - (-19)
01-15 09:33:58.630  2877  2877 I MPL-loaddmp: dmp firmware size to write = 2943
01-15 09:33:58.630  2877  2877 I MPL-loaddmp: Bytes written = 2943
01-15 09:33:58.630  2877  2877 E Sensors : HAL:could not close dmp firmware
01-15 09:33:58.630  2877  2877 E Sensors : HAL:ERR open file /sys/bus/iio/devices/iio:device1/smd_threshold to write with error 22
01-15 09:33:58.630  2877  2877 E Sensors : HAL:write fd 116 returned 'Invalid argument' (22)
01-15 09:33:58.630  2877  2877 E Sensors : HAL:Error writing to accel_x_dmp_bias
01-15 09:33:58.630  2877  2877 E Sensors : HAL:write fd 117 returned 'Invalid argument' (22)
01-15 09:33:58.630  2877  2877 E Sensors : HAL:Error writing to accel_y_dmp_bias
01-15 09:33:58.630  2877  2877 E Sensors : HAL:write fd 118 returned 'Invalid argument' (22)
01-15 09:33:58.630  2877  2877 E Sensors : HAL:Error writing to accel_z_dmp_bias
01-15 09:33:58.690  2877  2877 E Sensors : HAL:write fd 110 returned 'Invalid argument' (22)
01-15 09:33:58.690  2877  2877 E Sensors : HAL:Error writing to gyro_x_dmp_bias
01-15 09:33:58.690  2877  2877 E Sensors : HAL:write fd 111 returned 'Invalid argument' (22)
01-15 09:33:58.690  2877  2877 E Sensors : HAL:Error writing to gyro_y_dmp_bias
01-15 09:33:58.690  2877  2877 E Sensors : HAL:write fd 112 returned 'Invalid argument' (22)
01-15 09:33:58.690  2877  2877 E Sensors : HAL:Error writing to gyro_z_dmp_bias
01-15 09:33:58.750  2877  2877 I Sensors : InvenSense MA 5.2.0 K RC23
01-15 09:33:58.750  2877  2877 E Sensors : HAL:Error opening /sys/bus/iio/devices/iio:device1/in_magn_scale
01-15 09:33:58.750  2877  2877 E MPL-storeload: Cannot open file "/data/inv_cal_data.bin" for read
01-15 09:33:58.750  2877  2877 E MPL-storeload: Could not load cal file - aborting
01-15 09:33:58.750  2877  2877 E Sensors : HAL:Could not open or load MPL calibration file (46)
01-15 09:33:58.780  2877  2877 E Sensors : HAL:ERR No DMP image
01-15 09:33:58.780  2877  2877 I Sensors : path open /dev/input/event2
01-15 09:33:58.900  2877  2877 I Sensors : path open /dev/input/event1
01-15 09:33:59.010  2877  2877 I Sensors : path open /dev/input/mice
01-15 09:33:59.100  2877  2877 I Sensors : path open /dev/input/event0
01-15 09:33:59.220  2877  2877 E Sensors : couldn't find 'tmd27713' input device
01-15 09:33:59.220  2877  2877 D Sensors : TmdSensor
01-15 09:33:59.220  2877  2877 D Sensors : BmpSensor
01-15 09:33:59.220  2877  2877 E Sensors : HAL:unknown compass id  -- params default to ak8975 and might be wrong.
01-15 09:33:59.220  2877  2877 E Sensors : HAL:unknown compass id  -- params default to ak8975 and might be wrong.
01-15 09:33:59.220  2877  2877 D SensorService: SensorService:: ==================================orientationIndex 9
01-15 09:33:59.220  2877  2877 D SensorService: SensorService:: ==================================hasGyro 1, hasAccel 1 hasMag 1
01-15 09:33:59.220  2877  2904 D SensorService: new thread SensorEventAckReceiver
01-15 09:33:59.220  2877  2905 D SensorService: nuSensorService thread starting...
01-15 09:33:59.220  2877  2877 I SystemServiceManager: Starting com.android.server.BatteryService
01-15 09:33:59.220  2877  2877 I SystemServiceManager: Starting com.android.server.usage.UsageStatsService
01-15 09:33:59.220  2877  2888 D BatteryService: Processing new values: chargerAcOnline=true, chargerUsbOnline=true, chargerWirelessOnline=false, maxChargingCurrent0, batteryStatus=4, batteryHealth=2, batteryPresent=true, batteryLevel=100, batteryTechnology=Li-poly, batteryVoltage=4346, batteryTemperature=350, mBatteryLevelCritical=false, mPlugType=1, GIT mBatteryProps.extBatteryVoltage=0
01-15 09:33:59.220  2877  2888 D BatteryService: Sending ACTION_BATTERY_CHANGED.  level:100, scale:100, status:4, health:2, present:true, voltage: 4346, temperature: 350, technology: Li-poly, AC powered:true, USB powered:true, Wireless powered:false, icon:17303125, invalid charger:0, maxChargingCurrent:0, ext voltage:0
01-15 09:33:59.240  2877  2877 I UsageStatsService: User[0] Rollover scheduled @ 2019-01-16 09:00:00(1547596800000)
01-15 09:33:59.240  2877  2877 I SystemServiceManager: Starting com.android.server.webkit.WebViewUpdateService
01-15 09:33:59.240  2877  2877 I SystemServer: Reading configuration...
01-15 09:33:59.240  2877  2877 I SystemServer: Scheduling Policy
01-15 09:33:59.240  2877  2877 I SystemServiceManager: Starting com.android.server.telecom.TelecomLoaderService
01-15 09:33:59.250  2877  2877 I SystemServer: Telephony Registry
01-15 09:33:59.250  2877  2877 I SystemServer: Entropy Mixer
01-15 09:33:59.270  2877  2877 I EntropyMixer: Added HW RNG output to entropy pool
01-15 09:33:59.270  2877  2877 I EntropyMixer: Writing entropy...
01-15 09:33:59.280  2877  2877 I SystemServer: Camera Service
01-15 09:33:59.280  2877  2877 I SystemServiceManager: Starting com.android.server.camera.CameraService
01-15 09:33:59.280  2877  2906 I ServiceThread: Enabled StrictMode logging for CameraService_proxy looper.
01-15 09:33:59.280  2877  2877 I SystemServer: Account Manager
01-15 09:33:59.290  2877  2877 W System  : ClassLoader referenced unknown path: /system/priv-app/SettingsProvider/lib/arm64
01-15 09:33:59.290  2877  2877 I SystemServer: Content Manager
01-15 09:33:59.290  2877  2877 I SystemServer: System Content Providers
01-15 09:33:59.300  2877  2877 I SystemServer: Vibrator Service
01-15 09:33:59.310  2877  2877 E ConsumerIrService: Can't open consumer IR HW Module, error: -2
01-15 09:33:59.310  2877  2877 D AlarmManagerService: Kernel timezone updated to -540 minutes west of GMT
01-15 09:33:59.310  2877  2877 I SystemServer: Consumer IR Service
01-15 09:33:59.310  2877  2877 I SystemServiceManager: Starting com.android.server.AlarmManagerService
01-15 09:33:59.310  2877  2877 I SystemServer: Init Watchdog
01-15 09:33:59.310  2877  2877 I SystemServer: Input Manager
01-15 09:33:59.320  2877  2877 I InputManager: Initializing input manager, mUseDevInputEventForAudioJack=false
01-15 09:33:59.320  2877  2877 I SystemServer: Window Manager
01-15 09:33:59.330  2877  2896 I WindowManager: No existing display settings /data/system/display_settings.xml; starting empty
01-15 09:33:59.360  2877  2877 I InputManager: Starting input manager
01-15 09:33:59.370  2877  2917 D EventHub: No input device configuration file found for device 'goodix-pen'.
01-15 09:33:59.370  2877  2917 I EventHub: New device: id=1, fd=143, path='/dev/input/event2', name='goodix-pen', classes=0x14, configuration='', keyLayout='', keyCharacterMap='', builtinKeyboard=false, wakeMechanism=EPOLLWAKEUP, usingClockIoctl=true
01-15 09:33:59.370  2877  2917 D EventHub: No input device configuration file found for device 'goodix-ts'.
01-15 09:33:59.370  2877  2917 I EventHub: New device: id=2, fd=144, path='/dev/input/event1', name='goodix-ts', classes=0x14, configuration='', keyLayout='', keyCharacterMap='', builtinKeyboard=false, wakeMechanism=EPOLLWAKEUP, usingClockIoctl=true
01-15 09:33:59.370  2877  2917 E EventHub: could not get driver version for /dev/input/mice, Not a typewriter
01-15 09:33:59.370  2877  2877 D BluetoothService: onStart: publishing BluetoothManagerService
01-15 09:33:59.370  2877  2877 I SystemServer: Bluetooth Service
01-15 09:33:59.370  2877  2877 I SystemServiceManager: Starting com.android.server.BluetoothService
01-15 09:33:59.370  2877  2877 I SystemServer: Input Method Service
01-15 09:33:59.390  2447  2447 I SurfaceFlinger: Get property density 160.000000
01-15 09:33:59.390  2447  2447 D SurfaceFlinger: Set active config mode=0, type=0 flinger=0x7fae6c3c00
01-15 09:33:59.390  2447  2447 D SurfaceFlinger: Screen type=0 is already mode=0
01-15 09:33:59.390  2877  2877 I SystemServer: Accessibility Manager
01-15 09:33:59.390  2877  2877 I ActivityManager: Config changes=1df8 {1.0 ?mcc?mnc en_KR ldltr sw800dp w1280dp h800dp 160dpi xlrg land ?uimode ?night -touch -keyb/v/h -nav/h s.2}
01-15 09:33:59.400  2877  2877 I ActivityManager: Config changes=400 {1.0 ?mcc?mnc en_KR ldltr sw800dp w1280dp h726dp 160dpi xlrg land ?uimode ?night -touch -keyb/v/h -nav/h s.3}
01-15 09:33:59.400  2877  2877 I SystemServiceManager: Starting com.android.server.MountService$Lifecycle
01-15 09:33:59.410  2877  2918 I PackageManager: No secure containers found
01-15 09:33:59.410  2877  2918 D MountService: Thinking about reset, mSystemReady=false, mDaemonConnected=true
01-15 09:33:59.410  2877  2918 D MountService: Thinking about reset, mSystemReady=false, mDaemonConnected=true
01-15 09:33:59.410  2877  2877 I SystemServiceManager: Starting com.android.server.UiModeManagerService
01-15 09:33:59.410  2877  2877 I ActivityManager: Config changes=200 {1.0 ?mcc?mnc en_KR ldltr sw800dp w1280dp h726dp 160dpi xlrg land -touch -keyb/v/h -nav/h s.4}
01-15 09:33:59.410  2877  2918 D CryptdConnector: SND -> {1 cryptfs getfield SystemLocale}
01-15 09:33:59.410  2435  2523 I Ext4Crypt: ext4 crypto complete called on /data
01-15 09:33:59.410  2435  2523 I Ext4Crypt: No master key, so not ext4enc
01-15 09:33:59.410  2877  2920 D CryptdConnector: RCV <- {200 1 -1}
01-15 09:33:59.410  2877  2918 W MountService: No primary storage mounted!
01-15 09:33:59.410  2877  2918 D VoldConnector: SND -> {1 asec list}
01-15 09:33:59.410  2877  2877 I SystemServer: LockSettingsService
01-15 09:33:59.410  2877  2919 D VoldConnector: RCV <- {200 1 asec operation succeeded}
01-15 09:33:59.410  2877  2918 W PackageManager: Unknown permission com.google.android.googleapps.permission.GOOGLE_AUTH in package com.android.providers.calendar
01-15 09:33:59.410  2877  2918 W PackageManager: Unknown permission com.google.android.googleapps.permission.GOOGLE_AUTH.cl in package com.android.providers.calendar
01-15 09:33:59.410  2877  2918 W PackageManager: Not granting permission android.permission.GLOBAL_SEARCH to package com.android.quicksearchbox (protectionLevel=18 flags=0x3808be45)
01-15 09:33:59.410  2877  2918 W PackageManager: Not granting permission android.permission.ACCESS_DOWNLOAD_MANAGER to package com.android.browser (protectionLevel=18 flags=0x3809be45)
01-15 09:33:59.410  2877  2918 W PackageManager: Not granting permission android.permission.SEND_DOWNLOAD_COMPLETED_INTENTS to package com.android.browser (protectionLevel=2 flags=0x3809be45)
01-15 09:33:59.410  2877  2918 W PackageManager: Not granting permission android.permission.READ_EXTERNAL_STORAGE to package com.gitauto.g_scan.gscan3 because it was previously installed without
01-15 09:33:59.410  2877  2918 W PackageManager: Not granting permission android.permission.WRITE_EXTERNAL_STORAGE to package com.gitauto.g_scan.gscan3 because it was previously installed without
01-15 09:33:59.410  2877  2918 W PackageManager: Unknown permission android.permission.ACCESS_SUPERUSER in package com.gitauto.g_scan.gscan3
01-15 09:33:59.410  2877  2918 W PackageManager: Unknown permission android.permission.USB_PERMISSION in package com.gitauto.g_scan.gscan3
01-15 09:33:59.410  2877  2918 W PackageManager: Not granting permission android.permission.CAMERA to package com.gitauto.g_scan.gscan3 because it was previously installed without
01-15 09:33:59.410  2877  2918 W PackageManager: Not granting permission android.permission.DELETE_PACKAGES to package com.svox.pico (protectionLevel=18 flags=0x3808be45)
01-15 09:33:59.410  2877  2918 W PackageManager: Unknown permission com.google.android.googleapps.permission.GOOGLE_AUTH in package com.google.android.syncadapters.calendar
01-15 09:33:59.410  2877  2918 W PackageManager: Unknown permission com.google.android.providers.gsf.permission.READ_GSERVICES in package com.google.android.syncadapters.calendar
01-15 09:33:59.410  2877  2918 W PackageManager: Unknown permission com.google.android.gallery3d.permission.PICASA_STORE in package com.android.dreams.phototable
01-15 09:33:59.410  2877  2918 W PackageManager: Unknown permission android.permission.RS_INPUT in package com.rsupport.rs.activity.rsupport
01-15 09:33:59.410  2877  2918 W PackageManager: Unknown permission android.permission.RS_GRAPHICS in package com.rsupport.rs.activity.rsupport
01-15 09:33:59.410  2877  2918 W PackageManager: Unknown permission android.permission.RS_BLUETOOTH in package com.rsupport.rs.activity.rsupport
01-15 09:33:59.410  2877  2918 W PackageManager: Unknown permission android.permission.ACCESS_COARSE_UPDATES in package com.rsupport.rs.activity.rsupport
01-15 09:33:59.410  2877  2918 W PackageManager: Not granting permission android.permission.READ_LOGS to package com.rsupport.rs.activity.rsupport (protectionLevel=50 flags=0x38183e45)
01-15 09:33:59.410  2877  2918 W PackageManager: Not granting permission android.permission.SET_ANIMATION_SCALE to package com.rsupport.rs.activity.rsupport (protectionLevel=50 flags=0x38183e45)
01-15 09:33:59.410  2877  2918 W PackageManager: Not granting permission android.permission.CHANGE_CONFIGURATION to package com.rsupport.rs.activity.rsupport (protectionLevel=50 flags=0x38183e45)
01-15 09:33:59.410  2877  2918 W PackageManager: Not granting permission android.permission.SET_PROCESS_LIMIT to package com.rsupport.rs.activity.rsupport (protectionLevel=50 flags=0x38183e45)
01-15 09:33:59.410  2877  2918 W PackageManager: Not granting permission android.permission.SET_ALWAYS_FINISH to package com.rsupport.rs.activity.rsupport (protectionLevel=50 flags=0x38183e45)
01-15 09:33:59.410  2877  2918 W PackageManager: Unknown permission android.permission.RAISED_THREAD_PRIORITY in package com.rsupport.rs.activity.rsupport
01-15 09:33:59.410  2877  2918 W PackageManager: Unknown permission com.google.android.finsky.permission.BIND_GET_INSTALL_REFERRER_SERVICE in package com.rsupport.rs.activity.rsupport
01-15 09:33:59.410  2877  2918 W PackageManager: Unknown permission com.google.android.c2dm.permission.RECEIVE in package com.rsupport.rs.activity.rsupport
01-15 09:33:59.410  2877  2918 W PackageManager: Not granting permission android.permission.INJECT_EVENTS to package com.teamviewer.quicksupport.market (protectionLevel=2 flags=0x38183e45)
01-15 09:33:59.410  2877  2918 W PackageManager: Not granting permission android.permission.CAPTURE_SECURE_VIDEO_OUTPUT to package com.teamviewer.quicksupport.market (protectionLevel=18 flags=0x38183e45)
01-15 09:33:59.410  2877  2918 W PackageManager: Not granting permission android.permission.CAPTURE_VIDEO_OUTPUT to package com.teamviewer.quicksupport.market (protectionLevel=18 flags=0x38183e45)
01-15 09:33:59.410  2877  2918 W PackageManager: Unknown permission android.permission.sec.MDM_REMOTE_CONTROL in package com.teamviewer.quicksupport.market
01-15 09:33:59.410  2877  2918 W PackageManager: Unknown permission com.android.remotecontrolservice.REMOTE_CONTROL in package com.teamviewer.quicksupport.market
01-15 09:33:59.410  2877  2918 W PackageManager: Unknown permission com.google.android.googleapps.permission.GOOGLE_AUTH in package com.android.settings
01-15 09:33:59.410  2877  2877 I SystemServiceManager: Starting com.android.server.DeviceIdleController
