01-15 09:34:00.370  2595  2939 I EXYNOS_COMP_REGS: Loading the library: libOMX.Exynos.HEVC.Decoder.so
01-15 09:34:00.380  2595  2939 I EXYNOS_COMP_REGS: Loading the library: libOMX.Exynos.HEVC.Encoder.so
01-15 09:34:00.380  2590  2874 I iptables: iptables: No chain/target/match by that name.
01-15 09:34:00.380  2590  2874 I iptables: iptables terminated by exit(1)
01-15 09:34:00.380  2590  2874 E Netd    : exec() res=0, status=256 for /system/bin/iptables -w -F st_penalty_log 
01-15 09:34:00.380  2595  2939 I EXYNOS_COMP_REGS: Loading the library: libOMX.Exynos.MP3.Decoder.so
01-15 09:34:00.380  2595  2939 I EXYNOS_COMP_REGS: Loading the library: libOMX.Exynos.MPEG2.Decoder.so
01-15 09:34:00.380  2590  2874 I ip6tables: ip6tables: No chain/target/match by that name.
01-15 09:34:00.380  2590  2874 I ip6tables: ip6tables terminated by exit(1)
01-15 09:34:00.380  2590  2874 E Netd    : exec() res=0, status=256 for /system/bin/ip6tables -w -F st_penalty_log 
01-15 09:34:00.380  2595  2939 I EXYNOS_COMP_REGS: Loading the library: libOMX.Exynos.MPEG4.Decoder.so
01-15 09:34:00.390  2595  2939 I EXYNOS_COMP_REGS: Loading the library: libOMX.Exynos.MPEG4.Encoder.so
01-15 09:34:00.390  2590  2874 I iptables: iptables: No chain/target/match by that name.
01-15 09:34:00.390  2590  2874 I iptables: iptables terminated by exit(1)
01-15 09:34:00.390  2590  2874 E Netd    : exec() res=0, status=256 for /system/bin/iptables -w -F st_penalty_reject 
01-15 09:34:00.390  2595  2939 I EXYNOS_COMP_REGS: Loading the library: libOMX.Exynos.VP8.Decoder.so
01-15 09:34:00.390  2595  2939 I EXYNOS_COMP_REGS: Loading the library: libOMX.Exynos.VP8.Encoder.so
01-15 09:34:00.390  2590  2874 I ip6tables: ip6tables: No chain/target/match by that name.
01-15 09:34:00.390  2590  2874 I ip6tables: ip6tables terminated by exit(1)
01-15 09:34:00.390  2590  2874 E Netd    : exec() res=0, status=256 for /system/bin/ip6tables -w -F st_penalty_reject 
01-15 09:34:00.400  2595  2939 I EXYNOS_COMP_REGS: Loading the library: libOMX.Exynos.VP9.Decoder.so
01-15 09:34:00.400  2590  2874 I iptables: iptables: No chain/target/match by that name.
01-15 09:34:00.400  2590  2874 I iptables: iptables terminated by exit(1)
01-15 09:34:00.400  2590  2874 E Netd    : exec() res=0, status=256 for /system/bin/iptables -w -F st_clear_caught 
01-15 09:34:00.400  2595  2939 I EXYNOS_COMP_REGS: Loading the library: libOMX.Exynos.WMV.Decoder.so
01-15 09:34:00.400  2590  2874 I ip6tables: ip6tables: No chain/target/match by that name.
01-15 09:34:00.400  2590  2874 I ip6tables: ip6tables terminated by exit(1)
01-15 09:34:00.400  2590  2874 E Netd    : exec() res=0, status=256 for /system/bin/ip6tables -w -F st_clear_caught 
01-15 09:34:00.410  2590  2874 I iptables: iptables: No chain/target/match by that name.
01-15 09:34:00.410  2590  2874 I iptables: iptables terminated by exit(1)
01-15 09:34:00.410  2590  2874 E Netd    : exec() res=0, status=256 for /system/bin/iptables -w -F st_clear_detect 
01-15 09:34:00.410  2877  2919 D VoldConnector: RCV <- {651 public:179,33 2}
01-15 09:34:00.420  2590  2874 I ip6tables: ip6tables: No chain/target/match by that name.
01-15 09:34:00.420  2590  2874 I ip6tables: ip6tables terminated by exit(1)
01-15 09:34:00.420  2590  2874 E Netd    : exec() res=0, status=256 for /system/bin/ip6tables -w -F st_clear_detect 
01-15 09:34:00.420  2590  2874 I iptables: iptables: No chain/target/match by that name.
01-15 09:34:00.420  2590  2874 I iptables: iptables terminated by exit(1)
01-15 09:34:00.420  2590  2874 E Netd    : exec() res=0, status=256 for /system/bin/iptables -w -X st_penalty_log 
01-15 09:34:00.420  2877  2919 D VoldConnector: RCV <- {200 6 Command succeeded}
01-15 09:34:00.430  2590  2874 I ip6tables: ip6tables: No chain/target/match by that name.
01-15 09:34:00.430  2590  2874 I ip6tables: ip6tables terminated by exit(1)
01-15 09:34:00.430  2590  2874 E Netd    : exec() res=0, status=256 for /system/bin/ip6tables -w -X st_penalty_log 
01-15 09:34:00.430  2590  2874 I iptables: iptables: No chain/target/match by that name.
01-15 09:34:00.430  2590  2874 I iptables: iptables terminated by exit(1)
01-15 09:34:00.430  2590  2874 E Netd    : exec() res=0, status=256 for /system/bin/iptables -w -X st_penalty_reject 
01-15 09:34:00.440  3019  3019 D ExternalStorage: After updating volumes, found 2 active roots
01-15 09:34:00.440  2590  2874 I ip6tables: ip6tables: No chain/target/match by that name.
01-15 09:34:00.440  2590  2874 I ip6tables: ip6tables terminated by exit(1)
01-15 09:34:00.440  2590  2874 E Netd    : exec() res=0, status=256 for /system/bin/ip6tables -w -X st_penalty_reject 
01-15 09:34:00.440  3019  3019 D ExternalStorage: After updating volumes, found 2 active roots
01-15 09:34:00.440  3019  3019 D ExternalStorage: After updating volumes, found 2 active roots
01-15 09:34:00.440  2590  2874 I iptables: iptables: No chain/target/match by that name.
01-15 09:34:00.440  2590  2874 I iptables: iptables terminated by exit(1)
01-15 09:34:00.440  2590  2874 E Netd    : exec() res=0, status=256 for /system/bin/iptables -w -X st_clear_caught 
01-15 09:34:00.450  2590  2874 I ip6tables: ip6tables: No chain/target/match by that name.
01-15 09:34:00.450  2590  2874 I ip6tables: ip6tables terminated by exit(1)
01-15 09:34:00.450  2590  2874 E Netd    : exec() res=0, status=256 for /system/bin/ip6tables -w -X st_clear_caught 
01-15 09:34:00.460  3032  3032 I vol.Events: writeEvent collection_started
01-15 09:34:00.460  2595  2939 D libexynosv4l2: try node: /dev/video6
01-15 09:34:00.460  2595  2939 I libexynosv4l2: node found for device s5p-mfc-dec: /dev/video6
01-15 09:34:00.460  2590  2874 I iptables: iptables: No chain/target/match by that name.
01-15 09:34:00.460  2590  2874 I iptables: iptables terminated by exit(1)
01-15 09:34:00.460  2590  2874 E Netd    : exec() res=0, status=256 for /system/bin/iptables -w -X st_clear_detect 
01-15 09:34:00.460  3032  3150 I vol.Events: writeEvent external_ringer_mode_changed normal
01-15 09:34:00.460  3032  3150 I vol.Events: writeEvent internal_ringer_mode_changed normal
01-15 09:34:00.460  2877  2991 D BatteryService: Processing new values: chargerAcOnline=true, chargerUsbOnline=true, chargerWirelessOnline=false, maxChargingCurrent0, batteryStatus=4, batteryHealth=2, batteryPresent=true, batteryLevel=100, batteryTechnology=Li-poly, batteryVoltage=4348, batteryTemperature=350, mBatteryLevelCritical=false, mPlugType=1, GIT mBatteryProps.extBatteryVoltage=0
01-15 09:34:00.460  2877  2991 D BatteryService: Sending ACTION_BATTERY_CHANGED.  level:100, scale:100, status:4, health:2, present:true, voltage: 4348, temperature: 350, technology: Li-poly, AC powered:true, USB powered:true, Wireless powered:false, icon:17303125, invalid charger:0, maxChargingCurrent:0, ext voltage:0
01-15 09:34:00.470  2590  2874 I ip6tables: ip6tables: No chain/target/match by that name.
01-15 09:34:00.470  2590  2874 I ip6tables: ip6tables terminated by exit(1)
01-15 09:34:00.470  2590  2874 E Netd    : exec() res=0, status=256 for /system/bin/ip6tables -w -X st_clear_detect 
01-15 09:34:00.470  2595  2939 I libexynosv4l2: open video device /dev/video6
01-15 09:34:00.470  2595  2939 W ACodec  : do not know color format 0x7f000012 = 2130706450
01-15 09:34:00.470  2595  2939 W ACodec  : do not know color format 0x7f000011 = 2130706449
01-15 09:34:00.470  2595  2939 I Exynos_OSAL_Android: output buffer sharing mode is on (15)
01-15 09:34:00.470  2595  2939 D libexynosv4l2: try node: /dev/video6
01-15 09:34:00.470  2595  2939 I libexynosv4l2: node found for device s5p-mfc-dec: /dev/video6
01-15 09:34:00.480  2595  2939 I libexynosv4l2: open video device /dev/video6
01-15 09:34:00.480  2595  2939 W ACodec  : do not know color format 0x7f000012 = 2130706450
01-15 09:34:00.480  2595  2939 W ACodec  : do not know color format 0x7f000011 = 2130706449
01-15 09:34:00.480  2595  2939 I Exynos_OSAL_Android: output buffer sharing mode is on (15)
01-15 09:34:00.480  2595  2939 D libexynosv4l2: try node: /dev/video6
01-15 09:34:00.480  2595  2939 I libexynosv4l2: node found for device s5p-mfc-dec: /dev/video6
01-15 09:34:00.480  2595  2939 I libexynosv4l2: open video device /dev/video6
01-15 09:34:00.480  2595  2939 W ACodec  : do not know color format 0x7f000012 = 2130706450
01-15 09:34:00.480  2595  2939 W ACodec  : do not know color format 0x7f000011 = 2130706449
01-15 09:34:00.480  2595  2939 I Exynos_OSAL_Android: output buffer sharing mode is on (15)
01-15 09:34:00.490  2595  2939 D libexynosv4l2: try node: /dev/video6
01-15 09:34:00.490  2595  2939 I libexynosv4l2: node found for device s5p-mfc-dec: /dev/video6
01-15 09:34:00.490  2595  2939 I libexynosv4l2: open video device /dev/video6
01-15 09:34:00.490  2595  2939 W ACodec  : do not know color format 0x7f000012 = 2130706450
01-15 09:34:00.490  2595  2939 W ACodec  : do not know color format 0x7f000011 = 2130706449
01-15 09:34:00.490  2595  2939 I Exynos_OSAL_Android: output buffer sharing mode is on (15)
01-15 09:34:00.490  2595  2939 D libexynosv4l2: try node: /dev/video6
01-15 09:34:00.490  2595  2939 I libexynosv4l2: node found for device s5p-mfc-dec: /dev/video6
01-15 09:34:00.500  2595  2939 I libexynosv4l2: open video device /dev/video6
01-15 09:34:00.500  2595  2939 W ACodec  : do not know color format 0x7f000012 = 2130706450
01-15 09:34:00.500  2595  2939 W ACodec  : do not know color format 0x7f000011 = 2130706449
01-15 09:34:00.500  2595  2939 I Exynos_OSAL_Android: output buffer sharing mode is on (15)
01-15 09:34:00.500  2595  2939 D libexynosv4l2: try node: /dev/video6
01-15 09:34:00.500  2595  2939 I libexynosv4l2: node found for device s5p-mfc-dec: /dev/video6
01-15 09:34:00.510  2595  2939 I libexynosv4l2: open video device /dev/video6
01-15 09:34:00.510  2595  2939 W ACodec  : do not know color format 0x7f000012 = 2130706450
01-15 09:34:00.510  2595  2939 W ACodec  : do not know color format 0x7f000011 = 2130706449
01-15 09:34:00.510  2595  2939 I Exynos_OSAL_Android: output buffer sharing mode is on (15)
01-15 09:34:00.510  2595  2939 D libexynosv4l2: try node: /dev/video6
01-15 09:34:00.510  2595  2939 I libexynosv4l2: node found for device s5p-mfc-dec: /dev/video6
01-15 09:34:00.510  3032  3150 I vol.Events: writeEvent level_changed STREAM_ALARM 6
01-15 09:34:00.510  3072  3072 D ErrorLogger: Using custom Report Fields
01-15 09:34:00.510  3032  3150 I vol.Events: writeEvent level_changed STREAM_BLUETOOTH_SCO 7
01-15 09:34:00.510  3072  3072 E ErrorLogger: init
01-15 09:34:00.510  3032  3150 I vol.Events: writeEvent level_changed STREAM_MUSIC 11
01-15 09:34:00.520  3072  3072 D ErrorLogger: ErrorLogger processName='com.gitauto.gscan_Installer'
01-15 09:34:00.520  2595  2939 I libexynosv4l2: open video device /dev/video6
01-15 09:34:00.520  2595  2939 E OMXNodeInstance: getParameter(15:Exynos.VP9.Decoder, ParamVideoProfileLevelQuerySupported(0x600000f)) ERROR: UnsupportedIndex(0x8000101a)
01-15 09:34:00.520  2595  2939 W ACodec  : do not know color format 0x7f000012 = 2130706450
01-15 09:34:00.520  2595  2939 W ACodec  : do not know color format 0x7f000011 = 2130706449
01-15 09:34:00.520  2595  2939 I Exynos_OSAL_Android: output buffer sharing mode is on (15)
01-15 09:34:00.520  2595  2939 D libseirenhw: ADec_Create: initialized
01-15 09:34:00.520  2595  2939 D libseirenhw: ADec_Create: called. handle:14
01-15 09:34:00.520  3032  3150 I vol.Events: writeEvent level_changed STREAM_RING 5
01-15 09:34:00.520  3032  3150 I vol.Events: writeEvent level_changed STREAM_SYSTEM 5
01-15 09:34:00.520  3072  3072 I ErrorLogger: ErrorLogger is enabled for com.gitauto.gscan_Installer, initializing...
01-15 09:34:00.520  3032  3150 I vol.Events: writeEvent level_changed STREAM_VOICE_CALL 4
01-15 09:34:00.520  3072  3072 D BootUpReceiver: receive Action [android.hardware.usb.action.USB_DEVICE_ATTACHED]
01-15 09:34:00.520  3072  3072 D BootUpReceiver: USB_DEVICE_ATTACHED. intent: Intent { act=android.hardware.usb.action.USB_DEVICE_ATTACHED flg=0x10000010 cmp=com.gitauto.gscan_Installer/.service.BootUpReceiver (has extras) }
01-15 09:34:00.520  3072  3072 D BootUpReceiver: USB_DEVICE_ATTACHED. intent: null
01-15 09:34:00.520  3072  3072 D BootUpReceiver: USB_DEVICE_ATTACHED. intent: null
01-15 09:34:00.530  3032  3032 D StorageNotification: Notifying about private volume: VolumeInfo{private}:
01-15 09:34:00.530  3032  3032 D StorageNotification:     type=PRIVATE diskId=null partGuid=null mountFlags=0 mountUserId=-1 
01-15 09:34:00.530  3032  3032 D StorageNotification:     state=MOUNTED 
01-15 09:34:00.530  3032  3032 D StorageNotification:     fsType=null fsUuid=null fsLabel=null 
01-15 09:34:00.530  3032  3032 D StorageNotification:     path=/data internalPath=null 
01-15 09:34:00.530  3032  3032 D StorageNotification: Notifying about public volume: VolumeInfo{public:179,33}:
01-15 09:34:00.530  3032  3032 D StorageNotification:     type=PUBLIC diskId=disk:179,32 partGuid=null mountFlags=VISIBLE 
01-15 09:34:00.530  3032  3032 D StorageNotification:     mountUserId=0 state=MOUNTED 
01-15 09:34:00.530  3032  3032 D StorageNotification:     fsType=vfat fsUuid=9E9C-15E3 fsLabel= 
01-15 09:34:00.530  3032  3032 D StorageNotification:     path=/storage/9E9C-15E3 internalPath=/mnt/media_rw/9E9C-15E3 
01-15 09:34:00.530  2595  2939 D libseirenhw: ADec_Create: successed to open AudH, index:0
01-15 09:34:00.530  2595  2939 D libseirenhw: ADec_GetIMemPoolInfo: called. handle:14
01-15 09:34:00.530  2595  2939 D libseirenhw: ADec_GetIMemPoolInfo: I_vaddr[0xf42b5000], I_paddr[0x0], I_size[4096], I_cnt[2]
01-15 09:34:00.530  2595  2939 D libseirenhw: ADec_GetOMemPoolInfo: called. handle:14
01-15 09:34:00.530  2595  2939 D libseirenhw: ADec_GetOMemPoolInfo: O_vaddr[0xf41a5000], O_paddr[0x0], O_size[36864], O_cnt[2]
01-15 09:34:00.530  2595  2939 D libseirenhw: ADec_Destroy: index:0,ibuf_addr:0xf42b5000,obuf_addr:0xf41a5000
01-15 09:34:00.530  2595  2939 D libseirenhw: ADec_Destroy: called, handle:14
01-15 09:34:00.530  2595  2939 D libseirenhw: ADec_Destroy: successed to close
01-15 09:34:00.530  2595  2939 D libseirenhw: ADec_Create: initialized
01-15 09:34:00.530  2595  2939 D libseirenhw: ADec_Create: called. handle:14
01-15 09:34:00.530  2595  2939 D libseirenhw: ADec_Create: successed to open AudH, index:0
01-15 09:34:00.530  2595  2939 D libseirenhw: ADec_GetIMemPoolInfo: called. handle:14
01-15 09:34:00.530  2595  2939 D libseirenhw: ADec_GetIMemPoolInfo: I_vaddr[0xf42b5000], I_paddr[0x0], I_size[4096], I_cnt[2]
01-15 09:34:00.530  2595  2939 D libseirenhw: ADec_GetOMemPoolInfo: called. handle:14
01-15 09:34:00.530  2595  2939 D libseirenhw: ADec_GetOMemPoolInfo: O_vaddr[0xf41a5000], O_paddr[0x0], O_size[36864], O_cnt[2]
01-15 09:34:00.530  2595  2939 D libseirenhw: ADec_Destroy: index:0,ibuf_addr:0xf42b5000,obuf_addr:0xf41a5000
01-15 09:34:00.530  2595  2939 D libseirenhw: ADec_Destroy: called, handle:14
01-15 09:34:00.530  2595  2939 D libseirenhw: ADec_Destroy: successed to close
01-15 09:34:00.540  2595  2939 D libseirenhw: ADec_Create: initialized
01-15 09:34:00.540  2595  2939 D libseirenhw: ADec_Create: called. handle:14
01-15 09:34:00.540  2595  2939 D libseirenhw: ADec_Create: successed to open AudH, index:0
01-15 09:34:00.540  2595  2939 D libseirenhw: ADec_GetIMemPoolInfo: called. handle:14
01-15 09:34:00.540  2595  2939 D libseirenhw: ADec_GetIMemPoolInfo: I_vaddr[0xf42b5000], I_paddr[0x0], I_size[4096], I_cnt[2]
01-15 09:34:00.540  2595  2939 D libseirenhw: ADec_GetOMemPoolInfo: called. handle:14
01-15 09:34:00.540  2595  2939 D libseirenhw: ADec_GetOMemPoolInfo: O_vaddr[0xf41a5000], O_paddr[0x0], O_size[36864], O_cnt[2]
01-15 09:34:00.540  2595  2939 D libseirenhw: ADec_Destroy: index:0,ibuf_addr:0xf42b5000,obuf_addr:0xf41a5000
01-15 09:34:00.540  2595  2939 D libseirenhw: ADec_Destroy: called, handle:14
01-15 09:34:00.540  2595  2939 D libseirenhw: ADec_Destroy: successed to close
01-15 09:34:00.540  2595  2939 D libseirenhw: ADec_Create: initialized
01-15 09:34:00.540  2595  2939 D libseirenhw: ADec_Create: called. handle:14
01-15 09:34:00.540  2595  2939 D libseirenhw: ADec_Create: successed to open AudH, index:0
01-15 09:34:00.540  2595  2939 D libseirenhw: ADec_GetIMemPoolInfo: called. handle:14
01-15 09:34:00.540  2595  2939 D libseirenhw: ADec_GetIMemPoolInfo: I_vaddr[0xf4093000], I_paddr[0x0], I_size[65536], I_cnt[2]
01-15 09:34:00.540  2595  2939 E EXYNOS_AAC_DEC: eiren_Adec_GetIMemPoolInfo : 65536
01-15 09:34:00.540  2595  2939 D libseirenhw: ADec_GetOMemPoolInfo: called. handle:14
01-15 09:34:00.540  2595  2939 D libseirenhw: ADec_GetOMemPoolInfo: O_vaddr[0xf4182000], O_paddr[0x0], O_size[98304], O_cnt[2]
01-15 09:34:00.540  2595  2939 D libseirenhw: ADec_Destroy: index:0,ibuf_addr:0xf4093000,obuf_addr:0xf4182000
01-15 09:34:00.540  2595  2939 D libseirenhw: ADec_Destroy: called, handle:14
01-15 09:34:00.540  2595  2939 D libseirenhw: ADec_Destroy: successed to close
01-15 09:34:00.540  2595  2939 D libseirenhw: ADec_Create: initialized
01-15 09:34:00.540  2595  2939 D libseirenhw: ADec_Create: called. handle:14
01-15 09:34:00.540  3072  3072 D BootUpReceiver: onReceive: file : /storage/emulated/0/Android/media/com.gitauto.gscan_Installer
01-15 09:34:00.540  3072  3072 D BootUpReceiver: onReceive: file : /storage/9E9C-15E3/Android/media/com.gitauto.gscan_Installer
01-15 09:34:00.540  2595  2939 D libseirenhw: ADec_Create: successed to open AudH, index:0
01-15 09:34:00.540  2595  2939 D libseirenhw: ADec_GetIMemPoolInfo: called. handle:14
01-15 09:34:00.540  2595  2939 D libseirenhw: ADec_GetIMemPoolInfo: I_vaddr[0xf4093000], I_paddr[0x0], I_size[65536], I_cnt[2]
01-15 09:34:00.540  2595  2939 D libseirenhw: ADec_GetOMemPoolInfo: called. handle:14
01-15 09:34:00.540  2595  2939 D libseirenhw: ADec_GetOMemPoolInfo: O_vaddr[0xf40c7000], O_paddr[0x0], O_size[98304], O_cnt[2]
01-15 09:34:00.540  2595  2939 D libseirenhw: ADec_Destroy: index:0,ibuf_addr:0xf4093000,obuf_addr:0xf40c7000
01-15 09:34:00.540  2595  2939 D libseirenhw: ADec_Destroy: called, handle:14
01-15 09:34:00.540  2595  2939 D libseirenhw: ADec_Destroy: successed to close
01-15 09:34:00.540  3072  3072 D BootUpReceiver: onReceive: deviceName : /dev/bus/usb/001/005
01-15 09:34:00.550  2595  2939 D libexynosv4l2: try node: /dev/video6
01-15 09:34:00.550  2595  2939 D libexynosv4l2: try node: /dev/video7
01-15 09:34:00.550  2595  2939 I libexynosv4l2: node found for device s5p-mfc-enc: /dev/video7
01-15 09:34:00.550  3072  3072 D BootUpReceiver: receive Action [android.hardware.usb.action.USB_DEVICE_ATTACHED]
01-15 09:34:00.550  3072  3072 D BootUpReceiver: USB_DEVICE_ATTACHED. intent: Intent { act=android.hardware.usb.action.USB_DEVICE_ATTACHED flg=0x10000010 cmp=com.gitauto.gscan_Installer/.service.BootUpReceiver (has extras) }
01-15 09:34:00.550  3072  3072 D BootUpReceiver: USB_DEVICE_ATTACHED. intent: null
01-15 09:34:00.550  3072  3072 D BootUpReceiver: USB_DEVICE_ATTACHED. intent: null
01-15 09:34:00.550  3072  3072 D BootUpReceiver: onReceive: file : /storage/emulated/0/Android/media/com.gitauto.gscan_Installer
01-15 09:34:00.550  3072  3072 D BootUpReceiver: onReceive: file : /storage/9E9C-15E3/Android/media/com.gitauto.gscan_Installer
01-15 09:34:00.550  3072  3072 D BootUpReceiver: onReceive: deviceName : /dev/bus/usb/001/003
01-15 09:34:00.550  2595  2939 I libexynosv4l2: open video device /dev/video7
01-15 09:34:00.550  2595  2939 W ACodec  : do not know color format 0x7f000011 = 2130706449
01-15 09:34:00.550  2595  2939 W ACodec  : do not know color format 0x10 = 16
01-15 09:34:00.550  2595  2939 W ACodec  : do not know color format 0x7f00a000 = 2130747392
01-15 09:34:00.550  2595  2939 W ACodec  : do not know color format 0x7f000789 = 2130708361
01-15 09:34:00.550  2595  2939 W ACodec  : do not know color format 0x7f000012 = 2130706450
01-15 09:34:00.550  2595  2939 W ACodec  : do not know color format 0xf = 15
01-15 09:34:00.550  2595  2939 D libexynosv4l2: try node: /dev/video6
01-15 09:34:00.550  2595  2939 D libexynosv4l2: try node: /dev/video7
01-15 09:34:00.550  2595  2939 I libexynosv4l2: node found for device s5p-mfc-enc: /dev/video7
01-15 09:34:00.560  2595  2939 I libexynosv4l2: open video device /dev/video7
01-15 09:34:00.560  2595  2939 W ACodec  : do not know color format 0x7f000011 = 2130706449
01-15 09:34:00.560  2595  2939 W ACodec  : do not know color format 0x10 = 16
01-15 09:34:00.560  2595  2939 W ACodec  : do not know color format 0x7f00a000 = 2130747392
01-15 09:34:00.560  2595  2939 W ACodec  : do not know color format 0x7f000789 = 2130708361
01-15 09:34:00.560  2595  2939 W ACodec  : do not know color format 0x7f000012 = 2130706450
01-15 09:34:00.560  2595  2939 W ACodec  : do not know color format 0xf = 15
01-15 09:34:00.560  2595  2939 D libexynosv4l2: try node: /dev/video6
01-15 09:34:00.560  2595  2939 D libexynosv4l2: try node: /dev/video7
01-15 09:34:00.560  2595  2939 I libexynosv4l2: node found for device s5p-mfc-enc: /dev/video7
01-15 09:34:00.560  2595  2939 I libexynosv4l2: open video device /dev/video7
01-15 09:34:00.560  2595  2939 W ACodec  : do not know color format 0x7f000011 = 2130706449
01-15 09:34:00.560  2595  2939 W ACodec  : do not know color format 0x10 = 16
01-15 09:34:00.560  2595  2939 W ACodec  : do not know color format 0x7f00a000 = 2130747392
01-15 09:34:00.560  2595  2939 W ACodec  : do not know color format 0x7f000789 = 2130708361
01-15 09:34:00.560  2595  2939 W ACodec  : do not know color format 0x7f000012 = 2130706450
01-15 09:34:00.560  2595  2939 W ACodec  : do not know color format 0xf = 15
01-15 09:34:00.570  2595  2939 D libexynosv4l2: try node: /dev/video6
01-15 09:34:00.570  2595  2939 D libexynosv4l2: try node: /dev/video7
01-15 09:34:00.570  2595  2939 I libexynosv4l2: node found for device s5p-mfc-enc: /dev/video7
01-15 09:34:00.570  2595  2939 I libexynosv4l2: open video device /dev/video7
01-15 09:34:00.570  2595  2939 W ACodec  : do not know color format 0x7f000011 = 2130706449
01-15 09:34:00.570  2595  2939 W ACodec  : do not know color format 0x10 = 16
01-15 09:34:00.570  2595  2939 W ACodec  : do not know color format 0x7f00a000 = 2130747392
01-15 09:34:00.570  2595  2939 W ACodec  : do not know color format 0x7f000789 = 2130708361
01-15 09:34:00.570  2595  2939 W ACodec  : do not know color format 0x7f000012 = 2130706450
01-15 09:34:00.570  2595  2939 W ACodec  : do not know color format 0xf = 15
01-15 09:34:00.570  2595  2939 D libexynosv4l2: try node: /dev/video6
01-15 09:34:00.570  2595  2939 D libexynosv4l2: try node: /dev/video7
01-15 09:34:00.570  2595  2939 I libexynosv4l2: node found for device s5p-mfc-enc: /dev/video7
01-15 09:34:00.570  2877  3046 I StatusBarManagerService: registerStatusBar bar=com.android.internal.statusbar.IStatusBar$Stub$Proxy@dd5fce3
01-15 09:34:00.580  2595  2939 I libexynosv4l2: open video device /dev/video7
01-15 09:34:00.580  2595  2939 W ACodec  : do not know color format 0x7f000011 = 2130706449
01-15 09:34:00.580  2595  2939 W ACodec  : do not know color format 0x10 = 16
01-15 09:34:00.580  2595  2939 W ACodec  : do not know color format 0x7f00a000 = 2130747392
01-15 09:34:00.580  2595  2939 W ACodec  : do not know color format 0x7f000789 = 2130708361
01-15 09:34:00.580  2595  2939 W ACodec  : do not know color format 0x7f000012 = 2130706450
01-15 09:34:00.580  2595  2939 W ACodec  : do not know color format 0xf = 15
01-15 09:34:00.580  2595  2939 W OMXNodeInstance: [20:google.mpeg4.decoder] component does not support metadata mode; using fallback
01-15 09:34:00.580  2595  2939 W OMXNodeInstance: [21:google.h263.decoder] component does not support metadata mode; using fallback
01-15 09:34:00.590  2595  2939 W OMXNodeInstance: [22:google.h264.decoder] component does not support metadata mode; using fallback
01-15 09:34:00.600  2595  2939 W OMXNodeInstance: [23:google.hevc.decoder] component does not support metadata mode; using fallback
01-15 09:34:00.600  2595  2939 W OMXNodeInstance: [24:google.vp8.decoder] component does not support metadata mode; using fallback
01-15 09:34:00.600  2595  2939 W OMXNodeInstance: [25:google.vp9.decoder] component does not support metadata mode; using fallback
01-15 09:34:00.610  2595  2939 I SoftMPEG4Encoder: Construct SoftMPEG4Encoder
01-15 09:34:00.610  2595  2939 W ACodec  : do not know color format 0x7f000789 = 2130708361
01-15 09:34:00.610  2595  2939 W ACodec  : do not know color format 0x7f000789 = 2130708361
01-15 09:34:00.610  2595  2939 I SoftMPEG4Encoder: Construct SoftMPEG4Encoder
01-15 09:34:00.610  2595  2939 W ACodec  : do not know color format 0x7f000789 = 2130708361
01-15 09:34:00.620  2595  2939 W ACodec  : do not know color format 0x7f000789 = 2130708361
01-15 09:34:00.620  2595  2939 W MediaCodecList: unable to open media codecs configuration xml file: /data/misc/media/media_codecs_profiling_results.xml
01-15 09:34:00.630  3032  3095 I OMXClient: Using client-side OMX mux.
01-15 09:34:00.640  2877  2929 D WifiService: New client listening to asynchronous messages
01-15 09:34:00.660  3032  3283 I OMXClient: Using client-side OMX mux.
01-15 09:34:00.680  2590  2874 D CommandListener: Clearing all IP addresses on wlan0
01-15 09:34:00.680  2877  2925 E WifiMonitor: killSupplicant p2ptrue init.svc.wpa_supplicant=unknown init.svc.p2p_supplicant=unknown
01-15 09:34:00.740  2877  2895 D BluetoothManagerService: Added callback: android.bluetooth.IBluetoothManagerCallback$Stub$Proxy@cc5eeef:true
01-15 09:34:00.750  2877  2877 D PermissionMonitor: Monitoring
01-15 09:34:00.750  3032  3032 D LocalBluetoothProfileManager: Adding local MAP profile
01-15 09:34:00.750  3032  3032 D BluetoothMap: Create BluetoothMap proxy object
01-15 09:34:00.750  2877  2877 D PermissionMonitor: Users: 1, Apps: 63
01-15 09:34:00.750  3032  3032 D LocalBluetoothProfileManager: LocalBluetoothProfileManager construction complete
01-15 09:34:00.750  2877  2877 I SystemServiceManager: Starting phase 600
01-15 09:34:00.760  2877  2895 D BluetoothManagerService: Added callback: android.bluetooth.BluetoothAdapter$1@af149ad:true
01-15 09:34:00.760  2595  2595 I AudioFlinger: systemReady
01-15 09:34:00.760  2877  2940 E SoundPool: error loading /system/media/audio/ui/KeypressInvalid.ogg
01-15 09:34:00.760  2877  2940 W AudioService: Soundpool could not load file: /system/media/audio/ui/KeypressInvalid.ogg
01-15 09:34:00.760  3032  3032 I CameraManagerGlobal: Connecting to camera service
01-15 09:34:00.760  2877  2877 I BackupManagerService: Backup enabled => false
01-15 09:34:00.760  2877  3046 D ConnectivityService: listenForNetwork for Listen from uid/pid:10015/3032 for NetworkRequest [ id=3, legacyType=-1, [] ]
01-15 09:34:00.760  2877  2877 E InputMethodManagerService: Ignoring updateSystemUiLocked due to an invalid token. uid:1000 token:null
01-15 09:34:00.770  2877  3301 E WVMExtractor: Failed to open libwvm.so: dlopen failed: library "libwvm.so" not found
01-15 09:34:00.770  2595  3193 I CameraService: getCameraCharacteristics: Switching to HAL1 shim implementation...
01-15 09:34:00.770  2595  3193 I CameraService: CameraService::connect call (PID 2595 "media", camera ID 0) for HAL version default and Camera API version 1
01-15 09:34:00.770  2595  3193 E CameraService: getCameraPriorityFromProcState: Received invalid process state -1 from ActivityManagerService!
01-15 09:34:00.770  2595  3193 I CameraService: onTorchStatusChangedLocked: Torch status changed for cameraId=0, newStatus=0
01-15 09:34:00.770  2877  3303 I OMXClient: Using client-side OMX mux.
01-15 09:34:00.770  2595  3305 E WVMExtractor: Failed to open libwvm.so: dlopen failed: library "libwvm.so" not found
01-15 09:34:00.780  2595  3304 D NuPlayerDriver: notifyListener_l(0xf6656de0), (1, 0, 0)
01-15 09:34:00.790  2595  3310 D NuPlayerDriver: notifyListener_l(0xf4af6000), (1, 0, 0)
01-15 09:34:00.790  2595  3326 E FileSource: Failed to open file '/system/media/audio/ui/VideoStop.ogg'. (No such file or directory)
01-15 09:34:00.790  2595  3326 E GenericSource: Failed to create data source!
01-15 09:34:00.790  2595  3325 D NuPlayerDriver: notifyListener_l(0xf6656ea0), (100, 1, -2147483648)
01-15 09:34:00.790  2595  3325 E MediaPlayer: error (1, -2147483648)
01-15 09:34:00.790  2595  3193 I CameraClient: Opening camera 0
01-15 09:34:00.790  2595  3193 I ExynosCameraInterface: INFO(HAL_camera_device_open[54]):camera(0) in
01-15 09:34:00.790  2595  3193 D ExynosCameraInterface: DEBUG(check_camera_state):camera(0) state(1) checking...
01-15 09:34:00.790  2595  3193 D ExynosCameraInterface: DEBUG(check_camera_state):camera(0) state(3:CLOSED->1:OPENED) is valid
01-15 09:34:00.790  2595  3193 E ExynosCameraInterface: DEBUG(HAL_camera_device_open):open camera 0
01-15 09:34:00.790  2595  3193 E ExynosCamera: Build Date is (Dec 14 2018) (11:32:16) 
01-15 09:34:00.790  2595  3193 D ExynosCameraUtils: DEBUG(checkAndroidVersion[1707]): Tartget Android version (5.0), build version (6.0.1)
01-15 09:34:00.790  2595  3193 D ExynosCameraUtils: createSensorInfo[58] sensor ID(8)
01-15 09:34:00.790  2595  3193 D ExynosCameraParameters: [CAM_ID(0)][ParametersBack]-DEBUG(m_setParamCropRegion):size0(4128, 3096, 1920, 1080)
01-15 09:34:00.790  2595  3193 D ExynosCameraParameters: [CAM_ID(0)][ParametersBack]-DEBUG(m_setParamCropRegion):size(0, 386, 4128, 2324), level(0)
01-15 09:34:00.790  2595  3193 I ExynosCameraParameters: [CAM_ID(0)][ParametersBack]-INFO(setDefaultCameraInfo[473])
01-15 09:34:00.790  2595  3193 D ExynosCameraParameters: [CAM_ID(0)][ParametersBack]-DEBUG(m_setBnsScaleRatio[3555]): This camera does not support BNS
01-15 09:34:00.790  2595  3193 D ExynosCameraParameters: [CAM_ID(0)][ParametersBack]-DEBUG(m_setBnsScaleRatio[3564]): update BNS ratio(0 -> 1000)
01-15 09:34:00.790  2595  3193 D ExynosCameraParameters: [CAM_ID(0)][ParametersBack]-INFO(setDefaultParameter[488] IN
01-15 09:34:00.790  2595  3193 D ExynosCameraParameters: [CAM_ID(0)][ParametersBack]-DEBUG(setDefaultParameter): Default preview size is 1920x1080
01-15 09:34:00.790  2595  3193 W ExynosCameraParameters: [CAM_ID(0)][ParametersBack]-WARN(setDefaultParameter):getResolutionList(MODE_VIDEO) fail
01-15 09:34:00.790  2595  3193 D ExynosCameraParameters: [CAM_ID(0)][ParametersBack]-DEBUG(setDefaultParameter): KEY_SUPPORTED_VIDEO_SIZES 3840x2160,1920x1080,1440x1080,1280x720,960x720,800x450,720x480,640x480,480x320,352x288,320x240
01-15 09:34:00.790  2595  3193 D ExynosCameraParameters: [CAM_ID(0)][ParametersBack]-DEBUG(setDefaultParameter): Max video size is 1920x1080
01-15 09:34:00.790  2595  3193 D ExynosCameraParameters: [CAM_ID(0)][ParametersBack]-DEBUG(setDefaultParameter): Default video size is 1920x1080
01-15 09:34:00.790  2595  3193 I ExynosCameraParameters: [CAM_ID(0)][ParametersBack]-INFO(setDefaultParameter[560]):video_frame_foramt == YUV420SP_NV21
01-15 09:34:00.790  2595  3193 D ExynosCameraParameters: [CAM_ID(0)][ParametersBack]-DEBUG(setDefaultParameter): Default picture size is 4128x2322
01-15 09:34:00.790  2595  3193 I ExynosCameraParameters: [CAM_ID(0)][ParametersBack]-INFO(getPreviewFpsRange[1118]):minFpsRange=15, maxFpsRange=120
01-15 09:34:00.790  2595  3193 I ExynosCameraParameters: [CAM_ID(0)][ParametersBack]-INFO(setDefaultParameter):supportedFpsList=(15000,15000),(24000,24000),(15000,30000),(30000,30000)
01-15 09:34:00.790  2595  3193 D ExynosCameraParameters: [CAM_ID(0)][ParametersBack]-(setParameters[190]): ==setParameters IN==
01-15 09:34:00.790  2595  3193 D ExynosCameraParameters: [CAM_ID(0)][ParametersBack]-DEBUG(setParameters):intelligent_mode : -1
01-15 09:34:00.790  2595  3193 D ExynosCameraParameters: [CAM_ID(0)][ParametersBack]-DEBUG(setParameters):intelligent_mode(-1) getVisionMode(0)
01-15 09:34:00.790  2877  2877 E FlpHardwareProvider: Error hw_get_module 'flp': -2
01-15 09:34:00.790  2595  3193 D ExynosCameraParameters: [CAM_ID(0)][ParametersBack]-DEBUG(setParameters):fast-fps-mode : 0
01-15 09:34:00.790  2595  3193 D ExynosCameraParameters: [CAM_ID(0)][ParametersBack]-DEBUG(setParameters):fast-fps-mode : 0
01-15 09:34:00.790  2595  3193 D ExynosCameraParameters: [CAM_ID(0)][ParametersBack]-INFO(checkPreviewFpsRange):Original FpsRange[Min=15000, Max=30000],framerate = 30
01-15 09:34:00.790  2595  3193 D ExynosCameraParameters: [CAM_ID(0)][ParametersBack]-INFO(checkPreviewFpsRange):curFpsRange[Min=15, Max=30], newFpsRange[Min=15, Max=30], [curFrameRate=30]
01-15 09:34:00.790  2595  3193 I ExynosCameraActivityControl: INFO(setFpsValue[819]): m_fpsValue(15)
01-15 09:34:00.790  2595  3193 D ExynosCameraParameters: [CAM_ID(0)][ParametersBack]-INFO(setParameters):newVideo Size (1920x1080), ratioId(0)
01-15 09:34:00.790  2595  3193 D ExynosCameraParameters: [CAM_ID(0)][ParametersBack]-DEBUG(setParameters):newHwVdis 0
01-15 09:34:00.790  2595  3193 D ExynosCameraParameters: [CAM_ID(0)][ParametersBack]-DEBUG(setParameters):new3dnrMode false
01-15 09:34:00.790  2595  3193 D ExynosCameraParameters: [CAM_ID(0)][ParametersBack]-DEBUG(setParameters):newDrcMode false
01-15 09:34:00.790  2595  3193 D ExynosCameraParameters: [CAM_ID(0)][ParametersBack]-DEBUG(setParameters):newOdcMode false
01-15 09:34:00.790  2595  3193 D ExynosCameraParameters: [CAM_ID(0)][ParametersBack]-DEBUG(setParameters):highResolutionMode:off
01-15 09:34:00.790  2595  3193 D ExynosCameraParameters: [CAM_ID(0)][ParametersBack]-DEBUG(updatePreviewSizeRatio[4150]): previewSizeRatioId(0)
01-15 09:34:00.790  2595  3193 I ExynosCameraParameters: [CAM_ID(0)][ParametersBack]-INFO(setParameters):Cur Preview size(1920x1080)
01-15 09:34:00.790  2595  3193 I ExynosCameraParameters: [CAM_ID(0)][ParametersBack]-INFO(setParameters):Cur HwPreview size(1920x1080)
01-15 09:34:00.790  2595  3193 I ExynosCameraParameters: [CAM_ID(0)][ParametersBack]-INFO(setParameters):param.preview size(1920x1080)
01-15 09:34:00.790  2595  3193 I ExynosCameraParameters: [CAM_ID(0)][ParametersBack]-INFO(setParameters):Adjust Preview size(1920x1080), ratioId(0)
01-15 09:34:00.790  2595  3193 I ExynosCameraParameters: [CAM_ID(0)][ParametersBack]-INFO(setParameters):Calibrated HwPreview size(1920x1080)
01-15 09:34:00.790  2595  3193 D ExynosCameraParameters: [CAM_ID(0)][ParametersBack]-DEBUG(setParameters):newPreviewFormat: yuv420sp
01-15 09:34:00.790  2595  3193 I ExynosCameraParameters: [CAM_ID(0)][ParametersBack]-INFO(Parameters[3288]): preview format changed cur(yuv420sp) -> new(yuv420sp)
01-15 09:34:00.790  2595  3193 D ExynosCameraParameters: [CAM_ID(0)][ParametersBack]-newPictureW = 4128, newPictureH = 2322
01-15 09:34:00.790  2595  3193 I ExynosCameraParameters: [CAM_ID(0)][ParametersBack]-INFO(setParameters):newPicture Size (4128x2322), ratioId(0)
01-15 09:34:00.790  2595  3193 D ExynosCameraParameters: [CAM_ID(0)][ParametersBack]-DEBUG(setParameters):newPictureFormat jpeg
01-15 09:34:00.790  2595  3193 I ExynosCameraParameters: [CAM_ID(0)][ParametersBack]-INFO(Parameters[4208]): Picture format changed, cur(jpeg) -> new(jpeg)
01-15 09:34:00.790  2595  3193 D ExynosCameraParameters: [CAM_ID(0)][ParametersBack]-DEBUG(setParameters):newJpegQuality 96
01-15 09:34:00.790  2595  3193 D ExynosCameraParameters: [CAM_ID(0)][ParametersBack]-DEBUG(setParameters):newJpegThumbnailW X newJpegThumbnailH: 512 X 384
01-15 09:34:00.790  2595  3193 D ExynosCameraParameters: [CAM_ID(0)][ParametersBack]-DEBUG(setParameters):newJpegThumbnailQuality 100
01-15 09:34:00.790  2595  3193 D ExynosCameraParameters: [CAM_ID(0)][ParametersBack]-DEBUG(setParameters):newZoom 0
01-15 09:34:00.790  2595  3193 W ExynosCameraParameters: [CAM_ID(0)][ParametersBack]-ERROR(getPreviewBayerCropSize[9416]): current BNS size(4144x3106) is NOT same with Hw BNS size(4144x2332)
01-15 09:34:00.790  2595  3193 D ExynosCameraParameters: [CAM_ID(0)][ParametersBack]-DEBUG(setParameters):set orientation:0
01-15 09:34:00.790  2595  3193 D ExynosCameraParameters: [CAM_ID(0)][ParametersBack]-DEBUG(setParameters):newExposureCompensation 0
01-15 09:34:00.790  2595  3193 D ExynosCameraParameters: [CAM_ID(0)][ParametersBack]-DEBUG(setParameters):strNewMeteringMode center
01-15 09:34:00.790  2595  3193 I ExynosCameraParameters: [CAM_ID(0)][ParametersBack]-INFO(checkMeteringMode): Metering Area is changed (0 -> 2)
01-15 09:34:00.790  2595  3193 D ExynosCameraParameters: [CAM_ID(0)][ParametersBack]-DEBUG(setParameters):strNewAntibanding 60hz
01-15 09:34:00.790  2595  3193 D ExynosCameraParameters: [CAM_ID(0)][ParametersBack]-DEBUG(setParameters):strNewSceneMode auto
01-15 09:34:00.790  2595  3193 D ExynosCameraParameters: [CAM_ID(0)][ParametersBack]-DEBUG(setParameters):strNewFocusMode auto
01-15 09:34:00.790  2595  3193 D ExynosCameraParameters: [CAM_ID(0)][ParametersBack]-DEBUG(setParameters):strNewFlashMode off
01-15 09:34:00.790  2595  3193 D ExynosCameraParameters: [CAM_ID(0)][ParametersBack]-DEBUG(setParameters):newWhiteBalance daylight
01-15 09:34:00.790  2595  3193 D ExynosCameraParameters: [CAM_ID(0)][ParametersBack]-DEBUG(setParameters):newFocusAreas (0,0,0,0,0)
01-15 09:34:00.790  2595  3193 D ExynosCameraParameters: [CAM_ID(0)][ParametersBack]-DEBUG(setParameters):strNewEffectMode none
01-15 09:34:00.790  2595  3193 D ExynosCameraParameters: [CAM_ID(0)][ParametersBack]-DEBUG(setParameters):newBrightness 0
01-15 09:34:00.790  2595  3193 D ExynosCameraParameters: [CAM_ID(0)][ParametersBack]-DEBUG(setParameters):newSaturation 1
01-15 09:34:00.790  2595  3193 D ExynosCameraParameters: [CAM_ID(0)][ParametersBack]-DEBUG(setParameters):newSharpness 1
01-15 09:34:00.790  2595  3193 D ExynosCameraParameters: [CAM_ID(0)][ParametersBack]-DEBUG(m_setSharpness):newSharpness 3 edge_mode(3),st(5), noise(1),st(0)
01-15 09:34:00.790  2595  3193 D ExynosCameraParameters: [CAM_ID(0)][ParametersBack]-DEBUG(setParameters):newHue 0
01-15 09:34:00.790  2595  3193 D ExynosCameraParameters: [CAM_ID(0)][ParametersBack]-DEBUG(setParameters):strNewISO auto
01-15 09:34:00.790  2595  3193 D ExynosCameraParameters: [CAM_ID(0)][ParametersBack]-DEBUG(setParameters):strNewContrast 0
01-15 09:34:00.790  2595  3193 D ExynosCameraParameters: [CAM_ID(0)][ParametersBack]-DEBUG(setParameters):newHDR 0
01-15 09:34:00.790  2595  3193 D ExynosCameraParameters: [CAM_ID(0)][ParametersBack]-qlp(checkShotMode):newShotMode -1
01-15 09:34:00.790  2595  3193 D ExynosCameraParameters: [CAM_ID(0)][ParametersBack]-DEBUG(setParameters):newVTMode -1
01-15 09:34:00.790  2595  3193 D ExynosCameraParameters: [CAM_ID(0)][ParametersBack]-DEBUG(setParameters): seriesShotFilePath NULL
01-15 09:34:00.790  2595  3193 D ExynosCameraParameters: [CAM_ID(0)][ParametersBack]-(void android::ExynosCameraParameters::m_getSetfileYuvRange(bool, int*, int*))[9061] : CurrentState (0x   0), currentSetfile(0)
01-15 09:34:00.790  2595  3193 D ExynosCameraParameters: [CAM_ID(0)][ParametersBack]-(void android::ExynosCameraParameters::m_getSetfileYuvRange(bool, int*, int*))[9061] : CurrentState (0x   1), currentSetfile(5)
01-15 09:34:00.790  2595  3193 D ExynosCameraParameters: [CAM_ID(0)][ParametersBack]-DEBUG(checkSetfileYuvRange[8895]):m_cameraId(0) : general[setfile(0) YUV range(0)] : reprocesing[setfile(5) YUV range(0)]
01-15 09:34:00.790  2595  3193 D ExynosCameraParameters: [CAM_ID(0)][ParametersBack]-[checkFocusPosition][7412] string : 146,292,438,584,730,876,1024
01-15 09:34:00.790  2595  3193 D ExynosCameraParameters: [CAM_ID(0)][ParametersBack]-checkFrontMirror: m_frontMirror = 0
01-15 09:34:00.790  2595  3193 D ExynosCameraParameters: [CAM_ID(0)][ParametersBack]-(setParameters[459]):==setParameters OUT==
01-15 09:34:00.790  2595  3193 D ExynosCameraParameters: [CAM_ID(0)][ParametersBack]-INFO(setDefaultParameter[1389]) OUT
01-15 09:34:00.790  2595  3193 D ExynosCamera: [CAM_ID(0)][]-INFO(ExynosCamera):Parameters(Id=0) created
01-15 09:34:00.790  2595  3193 I ExynosCamera: [CAM_ID(0)][]-INFO(m_createIonAllocator[10180]):try(1) to create IonAllocator
01-15 09:34:00.790  2595  3193 D ExynosCamera: [CAM_ID(0)][]-DEBUG(m_createIonAllocator[10186]):m_createIonAllocator success (allocator=0xf6647998)
01-15 09:34:00.790  2595  3193 D ExynosCamera: [CAM_ID(0)][]-DEBUG(m_createBufferManager[10216]):m_createIonAllocator success
01-15 09:34:00.790  2595  3193 D ExynosCamera: [CAM_ID(0)][]-DEBUG(m_createBufferManager):BufferManager(BAYER_BUF) created
01-15 09:34:00.790  2595  3193 D ExynosCamera: [CAM_ID(0)][]-DEBUG(m_createBufferManager):BufferManager(3A1_BUF) created
01-15 09:34:00.790  2595  3193 D ExynosCamera: [CAM_ID(0)][]-DEBUG(m_createBufferManager):BufferManager(ISP_BUF) created
01-15 09:34:00.790  2595  3193 D ExynosCamera: [CAM_ID(0)][]-DEBUG(m_createBufferManager):BufferManager(HW_DIS_BUF) created
01-15 09:34:00.790  2595  3193 D ExynosCamera: [CAM_ID(0)][]-DEBUG(m_createBufferManager):BufferManager(ISP_RE_BUF) created
01-15 09:34:00.790  2595  3193 D ExynosCamera: [CAM_ID(0)][]-DEBUG(m_createBufferManager):BufferManager(SCC_RE_BUF) created
01-15 09:34:00.790  2595  3193 D ExynosCamera: [CAM_ID(0)][]-DEBUG(m_createBufferManager):BufferManager(SCC_BUF) created
01-15 09:34:00.790  2595  3193 D ExynosCamera: [CAM_ID(0)][]-DEBUG(m_createBufferManager):BufferManager(GSC_BUF) created
01-15 09:34:00.790  2595  3193 D ExynosCamera: [CAM_ID(0)][]-DEBUG(m_createBufferManager):BufferManager(JPEG_BUF) created
01-15 09:34:00.790  2595  3193 D ExynosCamera: [CAM_ID(0)][]-DEBUG(m_createBufferManager):BufferManager(PREVIEW_CB_BUF) created
01-15 09:34:00.790  2595  3193 D ExynosCamera: [CAM_ID(0)][]-DEBUG(m_createBufferManager):BufferManager(HIGH_RESOLUTION_CB_BUF) created
01-15 09:34:00.790  2595  3193 D ExynosCamera: [CAM_ID(0)][]-DEBUG(m_createBufferManager):BufferManager(REC_BUF) created
01-15 09:34:00.790  2595  3193 D ExynosCamera: [CAM_ID(0)][]-DEBUG(m_createBufferManager):BufferManager(DZOOM_SCALER_BUF) created
01-15 09:34:00.790  2595  3193 I ExynosCamera: [CAM_ID(0)][]-INFO(m_createThreads[341]): -IN-
01-15 09:34:00.790  2595  3193 D ExynosCamera: [CAM_ID(0)][]-DEBUG(m_createThreads):mainThread created
01-15 09:34:00.790  2595  3193 D ExynosCamera: [CAM_ID(0)][]-DEBUG(m_createThreads):previewThread created
01-15 09:34:00.790  2595  3193 D ExynosCamera: [CAM_ID(0)][]-DEBUG(m_createThreads):mainThreadQSetupFLITEThread created
01-15 09:34:00.790  2595  3193 D ExynosCamera: [CAM_ID(0)][]-DEBUG(m_createThreads):mainThreadQSetup3AAThread created
01-15 09:34:00.790  2595  3193 D ExynosCamera: [CAM_ID(0)][]-DEBUG(m_createThreads):setBuffersThread created
01-15 09:34:00.790  2595  3193 D ExynosCamera: [CAM_ID(0)][]-DEBUG(m_createThreads):startPictureInternalThread created
01-15 09:34:00.790  2595  3193 D ExynosCamera: [CAM_ID(0)][]-DEBUG(m_createThreads):startPictureBufferThread created
01-15 09:34:00.790  2595  3193 D ExynosCamera: [CAM_ID(0)][]-DEBUG(m_createThreads):prePictureThread created
01-15 09:34:00.790  2595  3193 D ExynosCamera: [CAM_ID(0)][]-DEBUG(m_createThreads):pictureThread created
01-15 09:34:00.790  2595  3193 D ExynosCamera: [CAM_ID(0)][]-DEBUG(m_createThreads):postPictureThread created
01-15 09:34:00.790  2595  3193 D ExynosCamera: [CAM_ID(0)][]-DEBUG(m_createThreads):recordingThread created
01-15 09:34:00.790  2595  3193 D ExynosCamera: [CAM_ID(0)][]-DEBUG(m_createThreads):autoFocusThread created
01-15 09:34:00.790  2595  3193 D ExynosCamera: [CAM_ID(0)][]-DEBUG(m_createThreads):autoFocusContinousThread created
01-15 09:34:00.790  2595  3193 D ExynosCamera: [CAM_ID(0)][]-DEBUG(m_createThreads):FaceDetectThread created
01-15 09:34:00.790  2595  3193 D ExynosCamera: [CAM_ID(0)][]-DEBUG(m_createThreads):monitorThread created
01-15 09:34:00.790  2595  3193 D ExynosCamera: [CAM_ID(0)][]-DEBUG(m_createThreads):jpegCallbackThread created
01-15 09:34:00.790  2595  3193 D ExynosCamera: [CAM_ID(0)][]-DEBUG(m_createThreads):zoomPreviwWithCscQThread created
01-15 09:34:00.790  2595  3193 D ExynosCamera: [CAM_ID(0)][]-DEBUG(m_createThreads):jpegSaveThread0 created
01-15 09:34:00.790  2595  3193 D ExynosCamera: [CAM_ID(0)][]-DEBUG(m_createThreads):jpegSaveThread1 created
01-15 09:34:00.790  2595  3193 D ExynosCamera: [CAM_ID(0)][]-DEBUG(m_createThreads):jpegSaveThread2 created
01-15 09:34:00.790  2595  3193 D ExynosCamera: [CAM_ID(0)][]-DEBUG(m_createThreads):highResolutionCallbackThread created
01-15 09:34:00.790  2595  3193 D ExynosCamera: [CAM_ID(0)][]-DEBUG(m_createThreads):visionThread created
01-15 09:34:00.790  2595  3193 D ExynosCamera: [CAM_ID(0)][]-DEBUG(m_createThreads):shutterCallbackThread created
01-15 09:34:00.790  2595  3193 I ExynosCamera: [CAM_ID(0)][]-INFO(m_createThreads[439]): -OUT-
01-15 09:34:00.790  2595  3193 D ExynosCameraParameters: [CAM_ID(0)][ParametersBack]-DEBUG(setDeviceOrientation[8854]):orientation(0), hwRotation(0), fdOrientation(0)
01-15 09:34:00.790  2595  3193 I ExynosCamera: [CAM_ID(0)][]-INFO(m_initFrameFactory[488]): -IN-
01-15 09:34:00.790  2877  2877 E ActivityRecognitionHardware: Error hw_get_module: -2
01-15 09:34:00.790  2595  3193 I ExynosCamera: [CAM_ID(0)][]-INFO(m_initFrameFactory[536]): -OUT-
01-15 09:34:00.790  2595  3193 I ExynosCamera: [CAM_ID(0)][]-INFO(m_setupFrameFactory[445]): -IN-
01-15 09:34:00.790  2595  3193 I ExynosCamera: [CAM_ID(0)][]-INFO(m_setupFrameFactory[481]): -OUT-
01-15 09:34:00.790  2595  3193 I ExynosCameraInterface: INFO(HAL_camera_device_open[101]):camera(0) out from new g_cam_device[0]->priv()
01-15 09:34:00.790  2595  3193 I ExynosCameraInterface: INFO(HAL_camera_device_open[104]):camera(0) unlocked..
01-15 09:34:00.790  2595  3193 I ExynosCameraInterface: INFO(HAL_camera_device_open[115]):camera(0) out
01-15 09:34:00.790  2595  3193 I ExynosCamera: [CAM_ID(0)][]-INFO(setCallbacks[1132]): -IN-
01-15 09:34:00.790  2595  3193 I ExynosCamera: [CAM_ID(0)][]-INFO(getParameters[2545])
01-15 09:34:00.790  2595  3193 D ExynosCameraParameters: [CAM_ID(0)][ParametersBack]-INFO(getParameters[466])
01-15 09:34:00.790  2877  2877 E ActivityRecognitionProxy: ServiceWatcher could not start.
01-15 09:34:00.790  2595  3193 I ExynosCameraInterface: INFO(HAL_camera_device_stop_preview[267]):camera(0) in
01-15 09:34:00.790  2595  3193 D ExynosCameraInterface: DEBUG(check_camera_state):camera(0) state(5) checking...
01-15 09:34:00.790  2595  3193 D ExynosCameraInterface: DEBUG(check_camera_state):camera(0) state(1:OPENED->5:PREVIEW_STOPPED) is valid
01-15 09:34:00.790  2595  3193 I ExynosCamera: [CAM_ID(0)][]-INFO(stopPreview[1562])
01-15 09:34:00.790  2595  3193 D ExynosCamera: [CAM_ID(0)][]-DEBUG(stopPreview[1585]): preview is not enabled
01-15 09:34:00.790  2595  3193 I ExynosCameraInterface: INFO(HAL_camera_device_stop_preview[301]):camera(0) out from stopPreview()
01-15 09:34:00.790  2595  3193 I ExynosCameraInterface: INFO(HAL_camera_device_stop_preview[305]):camera(0) unlocked..
01-15 09:34:00.790  2595  3193 I ExynosCameraInterface: INFO(HAL_camera_device_stop_preview[310]):camera(0) out
01-15 09:34:00.790  2595  3193 I ExynosCamera: [CAM_ID(0)][]-INFO(cancelPicture[2476])
01-15 09:34:00.790  2595  3193 I ExynosCameraInterface: INFO(HAL_camera_device_release[509]):camera(0) in
01-15 09:34:00.790  2595  3193 D ExynosCameraInterface: DEBUG(check_camera_state):camera(0) state(2) checking...
01-15 09:34:00.790  2595  3193 D ExynosCameraInterface: DEBUG(check_camera_state):camera(0) state(5:PREVIEW_STOPPED->2:RELEASED) is valid
01-15 09:34:00.790  2595  3193 I ExynosCamera: [CAM_ID(0)][]-INFO(release[610]): -IN-
01-15 09:34:00.790  2595  3193 I ExynosCamera: [CAM_ID(0)][]-INFO(m_deinitFrameFactory[543]): -IN-
01-15 09:34:00.790  2595  3193 D ExynosCamera: [CAM_ID(0)][]-DEBUG(m_deinitFrameFactory[570]):m_frameFactory[0] destroyed
01-15 09:34:00.790  2595  3193 D ExynosCamera: [CAM_ID(0)][]-DEBUG(m_deinitFrameFactory[570]):m_frameFactory[1] destroyed
01-15 09:34:00.790  2595  3193 D ExynosCamera: [CAM_ID(0)][]-DEBUG(m_deinitFrameFactory[570]):m_frameFactory[2] destroyed
01-15 09:34:00.790  2595  3193 D ExynosCamera: [CAM_ID(0)][]-DEBUG(m_deinitFrameFactory[570]):m_frameFactory[3] destroyed
01-15 09:34:00.790  2595  3193 D ExynosCamera: [CAM_ID(0)][]-DEBUG(m_deinitFrameFactory[570]):m_frameFactory[4] destroyed
01-15 09:34:00.790  2595  3193 D ExynosCamera: [CAM_ID(0)][]-DEBUG(m_deinitFrameFactory[570]):m_frameFactory[5] destroyed
01-15 09:34:00.790  2595  3193 I ExynosCamera: [CAM_ID(0)][]-INFO(m_deinitFrameFactory[579]): -OUT-
01-15 09:34:00.790  2595  3193 D ExynosCamera: [CAM_ID(0)][]-DEBUG(release):Parameters(Id=0) destroyed
01-15 09:34:00.790  2595  3193 I ExynosCamera: [CAM_ID(0)][]-INFO(m_releaseBuffers[10821]):release buffer
01-15 09:34:00.790  2595  3193 I ExynosCamera: [CAM_ID(0)][]-INFO(m_releaseBuffers[10869]):free buffer done
01-15 09:34:00.790  2595  3193 D ExynosCamera: [CAM_ID(0)][]-DEBUG(release):BufferManager(bayerBufferMgr) destroyed
01-15 09:34:00.790  2595  3193 D ExynosCamera: [CAM_ID(0)][]-DEBUG(release):BufferManager(3aaBufferMgr) destroyed
01-15 09:34:00.790  2595  3193 D ExynosCamera: [CAM_ID(0)][]-DEBUG(release):BufferManager(ispBufferMgr) destroyed
01-15 09:34:00.790  2595  3193 D ExynosCamera: [CAM_ID(0)][]-DEBUG(release):BufferManager(m_hwDisBufferMgr) destroyed
01-15 09:34:00.790  2595  3193 D ExynosCamera: [CAM_ID(0)][]-DEBUG(release):BufferManager(m_zoomScalerBufferMgr) destroyed
01-15 09:34:00.790  2595  3193 D ExynosCamera: [CAM_ID(0)][]-DEBUG(release):BufferManager(ispReprocessingBufferMgr) destroyed
01-15 09:34:00.790  2595  3193 D ExynosCamera: [CAM_ID(0)][]-DEBUG(release):BufferManager(sccReprocessingBufferMgr) destroyed
01-15 09:34:00.790  2595  3193 D ExynosCamera: [CAM_ID(0)][]-DEBUG(release):BufferManager(sccBufferMgr) destroyed
01-15 09:34:00.790  2595  3193 D ExynosCamera: [CAM_ID(0)][]-DEBUG(release):BufferManager(gscBufferMgr) destroyed
01-15 09:34:00.790  2595  3193 D ExynosCamera: [CAM_ID(0)][]-DEBUG(release):BufferManager(jpegBufferMgr) destroyed
01-15 09:34:00.790  2595  3193 D ExynosCamera: [CAM_ID(0)][]-DEBUG(release):BufferManager(previewCallbackBufferMgr) destroyed
01-15 09:34:00.790  2595  3193 D ExynosCamera: [CAM_ID(0)][]-DEBUG(release):BufferManager(m_highResolutionCallbackBufferMgr) destroyed
